Archive member included to satisfy reference by file (symbol)

c:/progra~1/raspbe~1/picosd~1.0/gcc-ar~1/bin/../lib/gcc/arm-none-eabi/10.3.1/thumb/v6-m/nofp\libgcc.a(_dvmd_tls.o)
                              pico-nrf24/examples/primary_transmitter/CMakeFiles/primary_transmitter.dir/C_/Program_Files/Raspberry_Pi/Pico_SDK_v1.5.0/pico-sdk/src/rp2_common/pico_divider/divider.S.obj (__aeabi_idiv0)
c:/progra~1/raspbe~1/picosd~1.0/gcc-ar~1/bin/../lib/gcc/arm-none-eabi/10.3.1/../../../../arm-none-eabi/lib/thumb/v6-m/nofp\libg.a(lib_a-calloc.o)
                              pico-nrf24/examples/primary_transmitter/CMakeFiles/primary_transmitter.dir/C_/Program_Files/Raspberry_Pi/Pico_SDK_v1.5.0/pico-sdk/src/rp2_common/pico_malloc/pico_malloc.c.obj (calloc)
c:/progra~1/raspbe~1/picosd~1.0/gcc-ar~1/bin/../lib/gcc/arm-none-eabi/10.3.1/../../../../arm-none-eabi/lib/thumb/v6-m/nofp\libg.a(lib_a-callocr.o)
                              c:/progra~1/raspbe~1/picosd~1.0/gcc-ar~1/bin/../lib/gcc/arm-none-eabi/10.3.1/../../../../arm-none-eabi/lib/thumb/v6-m/nofp\libg.a(lib_a-calloc.o) (_calloc_r)
c:/progra~1/raspbe~1/picosd~1.0/gcc-ar~1/bin/../lib/gcc/arm-none-eabi/10.3.1/../../../../arm-none-eabi/lib/thumb/v6-m/nofp\libg.a(lib_a-errno.o)
                              c:/progra~1/raspbe~1/picosd~1.0/gcc-ar~1/bin/../lib/gcc/arm-none-eabi/10.3.1/../../../../arm-none-eabi/lib/thumb/v6-m/nofp\libg.a(lib_a-callocr.o) (__errno)
c:/progra~1/raspbe~1/picosd~1.0/gcc-ar~1/bin/../lib/gcc/arm-none-eabi/10.3.1/../../../../arm-none-eabi/lib/thumb/v6-m/nofp\libg.a(lib_a-impure.o)
                              c:/progra~1/raspbe~1/picosd~1.0/gcc-ar~1/bin/../lib/gcc/arm-none-eabi/10.3.1/../../../../arm-none-eabi/lib/thumb/v6-m/nofp\libg.a(lib_a-calloc.o) (_impure_ptr)
c:/progra~1/raspbe~1/picosd~1.0/gcc-ar~1/bin/../lib/gcc/arm-none-eabi/10.3.1/../../../../arm-none-eabi/lib/thumb/v6-m/nofp\libg.a(lib_a-init.o)
                              c:/progra~1/raspbe~1/picosd~1.0/gcc-ar~1/bin/../lib/gcc/arm-none-eabi/10.3.1/../../../../arm-none-eabi/lib/thumb/v6-m/nofp/crt0.o (__libc_init_array)
c:/progra~1/raspbe~1/picosd~1.0/gcc-ar~1/bin/../lib/gcc/arm-none-eabi/10.3.1/../../../../arm-none-eabi/lib/thumb/v6-m/nofp\libg.a(lib_a-malloc.o)
                              pico-nrf24/examples/primary_transmitter/CMakeFiles/primary_transmitter.dir/C_/Program_Files/Raspberry_Pi/Pico_SDK_v1.5.0/pico-sdk/src/rp2_common/pico_malloc/pico_malloc.c.obj (malloc)
c:/progra~1/raspbe~1/picosd~1.0/gcc-ar~1/bin/../lib/gcc/arm-none-eabi/10.3.1/../../../../arm-none-eabi/lib/thumb/v6-m/nofp\libg.a(lib_a-mallocr.o)
                              c:/progra~1/raspbe~1/picosd~1.0/gcc-ar~1/bin/../lib/gcc/arm-none-eabi/10.3.1/../../../../arm-none-eabi/lib/thumb/v6-m/nofp\libg.a(lib_a-callocr.o) (_malloc_r)
c:/progra~1/raspbe~1/picosd~1.0/gcc-ar~1/bin/../lib/gcc/arm-none-eabi/10.3.1/../../../../arm-none-eabi/lib/thumb/v6-m/nofp\libg.a(lib_a-mlock.o)
                              c:/progra~1/raspbe~1/picosd~1.0/gcc-ar~1/bin/../lib/gcc/arm-none-eabi/10.3.1/../../../../arm-none-eabi/lib/thumb/v6-m/nofp\libg.a(lib_a-mallocr.o) (__malloc_lock)
c:/progra~1/raspbe~1/picosd~1.0/gcc-ar~1/bin/../lib/gcc/arm-none-eabi/10.3.1/../../../../arm-none-eabi/lib/thumb/v6-m/nofp\libg.a(lib_a-realloc.o)
                              pico-nrf24/examples/primary_transmitter/CMakeFiles/primary_transmitter.dir/C_/Program_Files/Raspberry_Pi/Pico_SDK_v1.5.0/pico-sdk/src/rp2_common/pico_malloc/pico_malloc.c.obj (realloc)
c:/progra~1/raspbe~1/picosd~1.0/gcc-ar~1/bin/../lib/gcc/arm-none-eabi/10.3.1/../../../../arm-none-eabi/lib/thumb/v6-m/nofp\libg.a(lib_a-reallocr.o)
                              c:/progra~1/raspbe~1/picosd~1.0/gcc-ar~1/bin/../lib/gcc/arm-none-eabi/10.3.1/../../../../arm-none-eabi/lib/thumb/v6-m/nofp\libg.a(lib_a-realloc.o) (_realloc_r)
c:/progra~1/raspbe~1/picosd~1.0/gcc-ar~1/bin/../lib/gcc/arm-none-eabi/10.3.1/../../../../arm-none-eabi/lib/thumb/v6-m/nofp\libg.a(lib_a-sbrkr.o)
                              c:/progra~1/raspbe~1/picosd~1.0/gcc-ar~1/bin/../lib/gcc/arm-none-eabi/10.3.1/../../../../arm-none-eabi/lib/thumb/v6-m/nofp\libg.a(lib_a-mallocr.o) (_sbrk_r)
c:/progra~1/raspbe~1/picosd~1.0/gcc-ar~1/bin/../lib/gcc/arm-none-eabi/10.3.1/../../../../arm-none-eabi/lib/thumb/v6-m/nofp\libg.a(lib_a-strlen-stub.o)
                              pico-nrf24/examples/primary_transmitter/CMakeFiles/primary_transmitter.dir/C_/Program_Files/Raspberry_Pi/Pico_SDK_v1.5.0/pico-sdk/src/rp2_common/pico_stdio/stdio.c.obj (strlen)
c:/progra~1/raspbe~1/picosd~1.0/gcc-ar~1/bin/../lib/gcc/arm-none-eabi/10.3.1/../../../../arm-none-eabi/lib/thumb/v6-m/nofp\libg.a(lib_a-freer.o)
                              c:/progra~1/raspbe~1/picosd~1.0/gcc-ar~1/bin/../lib/gcc/arm-none-eabi/10.3.1/../../../../arm-none-eabi/lib/thumb/v6-m/nofp\libg.a(lib_a-malloc.o) (_free_r)
c:/progra~1/raspbe~1/picosd~1.0/gcc-ar~1/bin/../lib/gcc/arm-none-eabi/10.3.1/../../../../arm-none-eabi/lib/thumb/v6-m/nofp\libg.a(lib_a-lock.o)
[...]
Memory Configuration

Name             Origin             Length             Attributes
FLASH            0x10000000         0x00200000         xr
RAM              0x20000000         0x00040000         xrw
SCRATCH_X        0x20040000         0x00001000         xrw
SCRATCH_Y        0x20041000         0x00001000         xrw
*default*        0x00000000         0xffffffff

Linker script and memory map

LOAD c:/progra~1/raspbe~1/picosd~1.0/gcc-ar~1/bin/../lib/gcc/arm-none-eabi/10.3.1/thumb/v6-m/nofp/crti.o
LOAD c:/progra~1/raspbe~1/picosd~1.0/gcc-ar~1/bin/../lib/gcc/arm-none-eabi/10.3.1/thumb/v6-m/nofp/crtbegin.o
LOAD c:/progra~1/raspbe~1/picosd~1.0/gcc-ar~1/bin/../lib/gcc/arm-none-eabi/10.3.1/../../../../arm-none-eabi/lib/thumb/v6-m/nofp/crt0.o

.flash_begin    0x10000000        0x0
                0x10000000                __flash_binary_start = .

.boot2          0x10000000      0x100
                0x10000000                __boot2_start__ = .
 *(.boot2)
 .boot2         0x10000000      0x100 C:\Users\Grupo\AppData\Local\Temp\ccYj6TYc.o
                0x10000100                __boot2_end__ = .
                0x00000001                ASSERT (((__boot2_end__ - __boot2_start__) == 0x100), ERROR: Pico second stage bootloader must be 256 bytes in size)

.text           0x10000100     0x7ba8
                0x10000100                __logical_binary_start = .
 *(.vectors)
 .vectors       0x10000100       0xd4 pico-nrf24/examples/primary_transmitter/CMakeFiles/primary_transmitter.dir/C_/Program_Files/Raspberry_Pi/Pico_SDK_v1.5.0/pico-sdk/src/rp2_common/pico_standard_link/crt0.S.obj
                0x10000100                __VECTOR_TABLE
                0x10000100                __vectors
                0x100001c0                isr_invalid
                0x100001c0                __default_isrs_start
                0x100001c2                isr_nmi
                0x100001c4                isr_hardfault
                0x100001c6                isr_svcall
                0x100001c8                isr_pendsv
                0x100001ca                isr_systick
                0x100001cc                isr_irq23
                0x100001cc                isr_irq18
                0x100001cc                isr_irq11
                0x100001cc                isr_irq28
                0x100001cc                isr_irq19
                0x100001cc                isr_irq0
                0x100001cc                isr_irq6
                0x100001cc                isr_irq5
                0x100001cc                isr_irq12
                0x100001cc                isr_irq22
                0x100001cc                isr_irq31
                0x100001cc                isr_irq17
                0x100001cc                isr_irq27
                0x100001cc                isr_irq30
                0x100001cc                isr_irq2
                0x100001cc                isr_irq10
                0x100001cc                isr_irq8
                0x100001cc                isr_irq24
                0x100001cc                isr_irq1
                0x100001cc                isr_irq7
                0x100001cc                isr_irq21
                0x100001cc                isr_irq20
                0x100001cc                isr_irq15
                0x100001cc                isr_irq25
                0x100001cc                isr_irq13
                0x100001cc                __unhandled_user_irq
                0x100001cc                isr_irq4
                0x100001cc                isr_irq16
                0x100001cc                isr_irq29
                0x100001cc                isr_irq26
                0x100001cc                __default_isrs_end
                0x100001cc                isr_irq3
                0x100001cc                isr_irq14
                0x100001cc                isr_irq9
                0x100001d2                unhandled_user_irq_num_in_r0
 *(.binary_info_header)
 .binary_info_header
                0x100001d4       0x14 pico-nrf24/examples/primary_transmitter/CMakeFiles/primary_transmitter.dir/C_/Program_Files/Raspberry_Pi/Pico_SDK_v1.5.0/pico-sdk/src/rp2_common/pico_standard_link/crt0.S.obj
                0x100001e8                __binary_info_header_end = .
 *(.reset)
 .reset         0x100001e8       0xa0 pico-nrf24/examples/primary_transmitter/CMakeFiles/primary_transmitter.dir/C_/Program_Files/Raspberry_Pi/Pico_SDK_v1.5.0/pico-sdk/src/rp2_common/pico_standard_link/crt0.S.obj
                0x100001e8                _entry_point
 .reset         0x10000288       0x30 pico-nrf24/examples/primary_transmitter/CMakeFiles/primary_transmitter.dir/7d56f3d9ced09c8bb45dc5c31f70ac06/pico-sdk/src/rp2_common/pico_standard_link/binary_info.c.obj
 *(.init)
 .init          0x100002b8        0x4 c:/progra~1/raspbe~1/picosd~1.0/gcc-ar~1/bin/../lib/gcc/arm-none-eabi/10.3.1/thumb/v6-m/nofp/crti.o
                0x100002b8                _init
 *(EXCLUDE_FILE(*libm.a: *libc.a:*lib_a-mem*.o *libgcc.a:) .text*)
 .text          0x100002bc       0x48 c:/progra~1/raspbe~1/picosd~1.0/gcc-ar~1/bin/../lib/gcc/arm-none-eabi/10.3.1/thumb/v6-m/nofp/crtbegin.o
 .text.main     0x10000304      0x1f4 pico-nrf24/examples/primary_transmitter/CMakeFiles/primary_transmitter.dir/primary_transmitter.c.obj
                0x10000304                main
 .text.validate_config
                0x100004f8       0x8e pico-nrf24/examples/primary_transmitter/CMakeFiles/primary_transmitter.dir/__/__/lib/nrf24l01/nrf24_driver.c.obj
 *fill*         0x10000586        0x2 
 .text.nrf_driver_configure
                0x10000588       0xd4 pico-nrf24/examples/primary_transmitter/CMakeFiles/primary_transmitter.dir/__/__/lib/nrf24l01/nrf24_driver.c.obj
                0x10000588                nrf_driver_configure
 .text.r_register_byte
                0x1000065c       0x38 pico-nrf24/examples/primary_transmitter/CMakeFiles/primary_transmitter.dir/__/__/lib/nrf24l01/nrf24_driver.c.obj
 .text.w_register
                0x10000694       0x64 pico-nrf24/examples/primary_transmitter/CMakeFiles/primary_transmitter.dir/__/__/lib/nrf24l01/nrf24_driver.c.obj
 .text.nrf_driver_tx_destination
                0x100006f8       0x4c pico-nrf24/examples/primary_transmitter/CMakeFiles/primary_transmitter.dir/__/__/lib/nrf24l01/nrf24_driver.c.obj
                0x100006f8                nrf_driver_tx_destination
 .text.nrf_driver_payload_size
                0x10000744       0x70 pico-nrf24/examples/primary_transmitter/CMakeFiles/primary_transmitter.dir/__/__/lib/nrf24l01/nrf24_driver.c.obj
                0x10000744                nrf_driver_payload_size
 .text.nrf_driver_dyn_payloads_enable
                0x100007b4       0x64 pico-nrf24/examples/primary_transmitter/CMakeFiles/primary_transmitter.dir/__/__/lib/nrf24l01/nrf24_driver.c.obj
                0x100007b4                nrf_driver_dyn_payloads_enable
 .text.nrf_driver_dyn_payloads_disable
                0x10000818       0x64 pico-nrf24/examples/primary_transmitter/CMakeFiles/primary_transmitter.dir/__/__/lib/nrf24l01/nrf24_driver.c.obj
                0x10000818                nrf_driver_dyn_payloads_disable
 .text.nrf_driver_rf_channel
                0x1000087c       0x3c pico-nrf24/examples/primary_transmitter/CMakeFiles/primary_transmitter.dir/__/__/lib/nrf24l01/nrf24_driver.c.obj
                0x1000087c                nrf_driver_rf_channel
 .text.nrf_driver_auto_retransmission
                0x100008b8       0x54 pico-nrf24/examples/primary_transmitter/CMakeFiles/primary_transmitter.dir/__/__/lib/nrf24l01/nrf24_driver.c.obj
                0x100008b8                nrf_driver_auto_retransmission
 .text.nrf_driver_rf_data_rate
                0x1000090c       0x58 pico-nrf24/examples/primary_transmitter/CMakeFiles/primary_transmitter.dir/__/__/lib/nrf24l01/nrf24_driver.c.obj
                0x1000090c                nrf_driver_rf_data_rate
 .text.nrf_driver_rf_power
                0x10000964       0x64 pico-nrf24/examples/primary_transmitter/CMakeFiles/primary_transmitter.dir/__/__/lib/nrf24l01/nrf24_driver.c.obj
                0x10000964                nrf_driver_rf_power
 .text.nrf_driver_standby_mode
                0x100009c8       0x58 pico-nrf24/examples/primary_transmitter/CMakeFiles/primary_transmitter.dir/__/__/lib/nrf24l01/nrf24_driver.c.obj
                0x100009c8                nrf_driver_standby_mode
 .text.flush_tx_fifo
                0x10000a20       0x34 pico-nrf24/examples/primary_transmitter/CMakeFiles/primary_transmitter.dir/__/__/lib/nrf24l01/nrf24_driver.c.obj
 .text.check_status_irq
                0x10000a54       0x8a pico-nrf24/examples/primary_transmitter/CMakeFiles/primary_transmitter.dir/__/__/lib/nrf24l01/nrf24_driver.c.obj
 *fill*         0x10000ade        0x2 
 .text.nrf_driver_is_packet
                0x10000ae0       0x30 pico-nrf24/examples/primary_transmitter/CMakeFiles/primary_transmitter.dir/__/__/lib/nrf24l01/nrf24_driver.c.obj
                0x10000ae0                nrf_driver_is_packet
 .text.flush_rx_fifo
                0x10000b10       0x34 pico-nrf24/examples/primary_transmitter/CMakeFiles/primary_transmitter.dir/__/__/lib/nrf24l01/nrf24_driver.c.obj
 .text.nrf_driver_initialise
                0x10000b44      0x100 pico-nrf24/examples/primary_transmitter/CMakeFiles/primary_transmitter.dir/__/__/lib/nrf24l01/nrf24_driver.c.obj
                0x10000b44                nrf_driver_initialise
 .text.nrf_driver_read_packet
                0x10000c44       0xe4 pico-nrf24/examples/primary_transmitter/CMakeFiles/primary_transmitter.dir/__/__/lib/nrf24l01/nrf24_driver.c.obj
                0x10000c44                nrf_driver_read_packet
 .text.nrf_driver_rx_destination
                0x10000d28       0xa0 pico-nrf24/examples/primary_transmitter/CMakeFiles/primary_transmitter.dir/__/__/lib/nrf24l01/nrf24_driver.c.obj
                0x10000d28                nrf_driver_rx_destination
 .text.nrf_driver_send_packet
                0x10000dc8       0xd8 pico-nrf24/examples/primary_transmitter/CMakeFiles/primary_transmitter.dir/__/__/lib/nrf24l01/nrf24_driver.c.obj
                0x10000dc8                nrf_driver_send_packet
 .text.nrf_driver_receiver_mode
                0x10000ea0       0x6c pico-nrf24/examples/primary_transmitter/CMakeFiles/primary_transmitter.dir/__/__/lib/nrf24l01/nrf24_driver.c.obj
                0x10000ea0                nrf_driver_receiver_mode
 .text.nrf_driver_create_client
                0x10000f0c       0x84 pico-nrf24/examples/primary_transmitter/CMakeFiles/primary_transmitter.dir/__/__/lib/nrf24l01/nrf24_driver.c.obj
                0x10000f0c                nrf_driver_create_client
 .text.spi_manager_init_spi
                0x10000f90       0x1c pico-nrf24/examples/primary_transmitter/CMakeFiles/primary_transmitter.dir/__/__/lib/nrf24l01/spi_manager/spi_manager.c.obj
                0x10000f90                spi_manager_init_spi
 .text.spi_manager_deinit_spi
                0x10000fac        0x8 pico-nrf24/examples/primary_transmitter/CMakeFiles/primary_transmitter.dir/__/__/lib/nrf24l01/spi_manager/spi_manager.c.obj
                0x10000fac                spi_manager_deinit_spi
 .text.spi_manager_transfer
                0x10000fb4       0x34 pico-nrf24/examples/primary_transmitter/CMakeFiles/primary_transmitter.dir/__/__/lib/nrf24l01/spi_manager/spi_manager.c.obj
                0x10000fb4                spi_manager_transfer
 .text.pin_manager_validate
                0x10000fe8       0x6e pico-nrf24/examples/primary_transmitter/CMakeFiles/primary_transmitter.dir/__/__/lib/nrf24l01/pin_manager/pin_manager.c.obj
 .text.csn_put_high
                0x10001056        0xc pico-nrf24/examples/primary_transmitter/CMakeFiles/primary_transmitter.dir/__/__/lib/nrf24l01/pin_manager/pin_manager.c.obj
                0x10001056                csn_put_high
 .text.csn_put_low
                0x10001062        0xc pico-nrf24/examples/primary_transmitter/CMakeFiles/primary_transmitter.dir/__/__/lib/nrf24l01/pin_manager/pin_manager.c.obj
                0x10001062                csn_put_low
 .text.ce_put_high
                0x1000106e        0xc pico-nrf24/examples/primary_transmitter/CMakeFiles/primary_transmitter.dir/__/__/lib/nrf24l01/pin_manager/pin_manager.c.obj
                0x1000106e                ce_put_high
 .text.ce_put_low
                0x1000107a        0xc pico-nrf24/examples/primary_transmitter/CMakeFiles/primary_transmitter.dir/__/__/lib/nrf24l01/pin_manager/pin_manager.c.obj
                0x1000107a                ce_put_low
 .text.pin_manager_configure
                0x10001086       0x5e pico-nrf24/examples/primary_transmitter/CMakeFiles/primary_transmitter.dir/__/__/lib/nrf24l01/pin_manager/pin_manager.c.obj
                0x10001086                pin_manager_configure
 .text.gpio_set_function
                0x100010e4       0x30 pico-nrf24/examples/primary_transmitter/CMakeFiles/primary_transmitter.dir/C_/Program_Files/Raspberry_Pi/Pico_SDK_v1.5.0/pico-sdk/src/rp2_common/hardware_gpio/gpio.c.obj
                0x100010e4                gpio_set_function
 .text.gpio_init
                0x10001114       0x16 pico-nrf24/examples/primary_transmitter/CMakeFiles/primary_transmitter.dir/C_/Program_Files/Raspberry_Pi/Pico_SDK_v1.5.0/pico-sdk/src/rp2_common/hardware_gpio/gpio.c.obj
                0x10001114                gpio_init
 *fill*         0x1000112a        0x2 
 .text.running_on_fpga
                0x1000112c       0x14 pico-nrf24/examples/primary_transmitter/CMakeFiles/primary_transmitter.dir/C_/Program_Files/Raspberry_Pi/Pico_SDK_v1.5.0/pico-sdk/src/rp2_common/pico_platform/platform.c.obj
                0x1000112c                running_on_fpga
 .text.hw_claim_lock
                0x10001140       0x18 pico-nrf24/examples/primary_transmitter/CMakeFiles/primary_transmitter.dir/C_/Program_Files/Raspberry_Pi/Pico_SDK_v1.5.0/pico-sdk/src/rp2_common/hardware_claim/claim.c.obj
                0x10001140                hw_claim_lock
 .text.hw_claim_unlock
                0x10001158       0x14 pico-nrf24/examples/primary_transmitter/CMakeFiles/primary_transmitter.dir/C_/Program_Files/Raspberry_Pi/Pico_SDK_v1.5.0/pico-sdk/src/rp2_common/hardware_claim/claim.c.obj
                0x10001158                hw_claim_unlock
 .text.hw_claim_or_assert
                0x1000116c       0x32 pico-nrf24/examples/primary_transmitter/CMakeFiles/primary_transmitter.dir/C_/Program_Files/Raspberry_Pi/Pico_SDK_v1.5.0/pico-sdk/src/rp2_common/hardware_claim/claim.c.obj
                0x1000116c                hw_claim_or_assert
 .text.hw_claim_unused_from_range
                0x1000119e       0x50 pico-nrf24/examples/primary_transmitter/CMakeFiles/primary_transmitter.dir/C_/Program_Files/Raspberry_Pi/Pico_SDK_v1.5.0/pico-sdk/src/rp2_common/hardware_claim/claim.c.obj
                0x1000119e                hw_claim_unused_from_range
 *fill*         0x100011ee        0x2 
 .text.spin_locks_reset
                0x100011f0       0x20 pico-nrf24/examples/primary_transmitter/CMakeFiles/primary_transmitter.dir/C_/Program_Files/Raspberry_Pi/Pico_SDK_v1.5.0/pico-sdk/src/rp2_common/hardware_sync/sync.c.obj
                0x100011f0                spin_locks_reset
 .text.next_striped_spin_lock_num
                0x10001210       0x1c pico-nrf24/examples/primary_transmitter/CMakeFiles/primary_transmitter.dir/C_/Program_Files/Raspberry_Pi/Pico_SDK_v1.5.0/pico-sdk/src/rp2_common/hardware_sync/sync.c.obj
                0x10001210                next_striped_spin_lock_num
 .text.spin_lock_claim_unused
                0x1000122c       0x20 pico-nrf24/examples/primary_transmitter/CMakeFiles/primary_transmitter.dir/C_/Program_Files/Raspberry_Pi/Pico_SDK_v1.5.0/pico-sdk/src/rp2_common/hardware_sync/sync.c.obj
                0x1000122c                spin_lock_claim_unused
 .text.set_raw_irq_handler_and_unlock
                0x1000124c       0x28 pico-nrf24/examples/primary_transmitter/CMakeFiles/primary_transmitter.dir/C_/Program_Files/Raspberry_Pi/Pico_SDK_v1.5.0/pico-sdk/src/rp2_common/hardware_irq/irq.c.obj
 .text.make_branch
                0x10001274       0x48 pico-nrf24/examples/primary_transmitter/CMakeFiles/primary_transmitter.dir/C_/Program_Files/Raspberry_Pi/Pico_SDK_v1.5.0/pico-sdk/src/rp2_common/hardware_irq/irq.c.obj
 .text.insert_branch_and_link
                0x100012bc       0x40 pico-nrf24/examples/primary_transmitter/CMakeFiles/primary_transmitter.dir/C_/Program_Files/Raspberry_Pi/Pico_SDK_v1.5.0/pico-sdk/src/rp2_common/hardware_irq/irq.c.obj
 .text.irq_is_enabled
                0x100012fc       0x18 pico-nrf24/examples/primary_transmitter/CMakeFiles/primary_transmitter.dir/C_/Program_Files/Raspberry_Pi/Pico_SDK_v1.5.0/pico-sdk/src/rp2_common/hardware_irq/irq.c.obj
                0x100012fc                irq_is_enabled
 .text.irq_set_mask_enabled
                0x10001314       0x20 pico-nrf24/examples/primary_transmitter/CMakeFiles/primary_transmitter.dir/C_/Program_Files/Raspberry_Pi/Pico_SDK_v1.5.0/pico-sdk/src/rp2_common/hardware_irq/irq.c.obj
                0x10001314                irq_set_mask_enabled
 .text.irq_set_enabled
                0x10001334        0xe pico-nrf24/examples/primary_transmitter/CMakeFiles/primary_transmitter.dir/C_/Program_Files/Raspberry_Pi/Pico_SDK_v1.5.0/pico-sdk/src/rp2_common/hardware_irq/irq.c.obj
                0x10001334                irq_set_enabled
 *fill*         0x10001342        0x2 
 .text.irq_set_pending
                0x10001344       0x10 pico-nrf24/examples/primary_transmitter/CMakeFiles/primary_transmitter.dir/C_/Program_Files/Raspberry_Pi/Pico_SDK_v1.5.0/pico-sdk/src/rp2_common/hardware_irq/irq.c.obj
                0x10001344                irq_set_pending
 .text.irq_get_vtable_handler
                0x10001354       0x10 pico-nrf24/examples/primary_transmitter/CMakeFiles/primary_transmitter.dir/C_/Program_Files/Raspberry_Pi/Pico_SDK_v1.5.0/pico-sdk/src/rp2_common/hardware_irq/irq.c.obj
                0x10001354                irq_get_vtable_handler
 .text.irq_has_shared_handler
                0x10001364       0x24 pico-nrf24/examples/primary_transmitter/CMakeFiles/primary_transmitter.dir/C_/Program_Files/Raspberry_Pi/Pico_SDK_v1.5.0/pico-sdk/src/rp2_common/hardware_irq/irq.c.obj
                0x10001364                irq_has_shared_handler
 .text.irq_set_exclusive_handler
                0x10001388       0x54 pico-nrf24/examples/primary_transmitter/CMakeFiles/primary_transmitter.dir/C_/Program_Files/Raspberry_Pi/Pico_SDK_v1.5.0/pico-sdk/src/rp2_common/hardware_irq/irq.c.obj
                0x10001388                irq_set_exclusive_handler
 .text.irq_add_shared_handler
                0x100013dc      0x234 pico-nrf24/examples/primary_transmitter/CMakeFiles/primary_transmitter.dir/C_/Program_Files/Raspberry_Pi/Pico_SDK_v1.5.0/pico-sdk/src/rp2_common/hardware_irq/irq.c.obj
                0x100013dc                irq_add_shared_handler
 .text.irq_remove_handler
                0x10001610      0x1ac pico-nrf24/examples/primary_transmitter/CMakeFiles/primary_transmitter.dir/C_/Program_Files/Raspberry_Pi/Pico_SDK_v1.5.0/pico-sdk/src/rp2_common/hardware_irq/irq.c.obj
                0x10001610                irq_remove_handler
 .text.irq_add_tail_to_free_list
                0x100017bc       0xf0 pico-nrf24/examples/primary_transmitter/CMakeFiles/primary_transmitter.dir/C_/Program_Files/Raspberry_Pi/Pico_SDK_v1.5.0/pico-sdk/src/rp2_common/hardware_irq/irq.c.obj
                0x100017bc                irq_add_tail_to_free_list
 .text.irq_init_priorities
                0x100018ac       0x1c pico-nrf24/examples/primary_transmitter/CMakeFiles/primary_transmitter.dir/C_/Program_Files/Raspberry_Pi/Pico_SDK_v1.5.0/pico-sdk/src/rp2_common/hardware_irq/irq.c.obj
                0x100018ac                irq_init_priorities
 .text.user_irq_claim_unused
                0x100018c8       0x28 pico-nrf24/examples/primary_transmitter/CMakeFiles/primary_transmitter.dir/C_/Program_Files/Raspberry_Pi/Pico_SDK_v1.5.0/pico-sdk/src/rp2_common/hardware_irq/irq.c.obj
                0x100018c8                user_irq_claim_unused
 .text.lock_init
                0x100018f0       0x10 pico-nrf24/examples/primary_transmitter/CMakeFiles/primary_transmitter.dir/C_/Program_Files/Raspberry_Pi/Pico_SDK_v1.5.0/pico-sdk/src/common/pico_sync/lock_core.c.obj
                0x100018f0                lock_init
 .text.mutex_init
                0x10001900       0x1a pico-nrf24/examples/primary_transmitter/CMakeFiles/primary_transmitter.dir/C_/Program_Files/Raspberry_Pi/Pico_SDK_v1.5.0/pico-sdk/src/common/pico_sync/mutex.c.obj
                0x10001900                mutex_init
 .text.recursive_mutex_init
                0x1000191a       0x1e pico-nrf24/examples/primary_transmitter/CMakeFiles/primary_transmitter.dir/C_/Program_Files/Raspberry_Pi/Pico_SDK_v1.5.0/pico-sdk/src/common/pico_sync/mutex.c.obj
                0x1000191a                recursive_mutex_init
 .text.critical_section_init_with_lock_num
                0x10001938       0x14 pico-nrf24/examples/primary_transmitter/CMakeFiles/primary_transmitter.dir/C_/Program_Files/Raspberry_Pi/Pico_SDK_v1.5.0/pico-sdk/src/common/pico_sync/critical_section.c.obj
                0x10001938                critical_section_init_with_lock_num
 .text.critical_section_init
                0x1000194c       0x14 pico-nrf24/examples/primary_transmitter/CMakeFiles/primary_transmitter.dir/C_/Program_Files/Raspberry_Pi/Pico_SDK_v1.5.0/pico-sdk/src/common/pico_sync/critical_section.c.obj
                0x1000194c                critical_section_init
 .text.alarm_pool_post_alloc_init
                0x10001960       0x40 pico-nrf24/examples/primary_transmitter/CMakeFiles/primary_transmitter.dir/C_/Program_Files/Raspberry_Pi/Pico_SDK_v1.5.0/pico-sdk/src/common/pico_time/time.c.obj
 .text.sleep_until_callback
                0x100019a0       0x30 pico-nrf24/examples/primary_transmitter/CMakeFiles/primary_transmitter.dir/C_/Program_Files/Raspberry_Pi/Pico_SDK_v1.5.0/pico-sdk/src/common/pico_time/time.c.obj
 .text.timer_pool_entry_comparator
                0x100019d0       0x7c pico-nrf24/examples/primary_transmitter/CMakeFiles/primary_transmitter.dir/C_/Program_Files/Raspberry_Pi/Pico_SDK_v1.5.0/pico-sdk/src/common/pico_time/time.c.obj
                0x100019d0                timer_pool_entry_comparator
 .text.ph_add_child_node
                0x10001a4c       0xa4 pico-nrf24/examples/primary_transmitter/CMakeFiles/primary_transmitter.dir/C_/Program_Files/Raspberry_Pi/Pico_SDK_v1.5.0/pico-sdk/src/common/pico_time/time.c.obj
 .text.ph_merge_nodes
                0x10001af0       0x3e pico-nrf24/examples/primary_transmitter/CMakeFiles/primary_transmitter.dir/C_/Program_Files/Raspberry_Pi/Pico_SDK_v1.5.0/pico-sdk/src/common/pico_time/time.c.obj
 *fill*         0x10001b2e        0x2 
 .text.add_alarm_under_lock
                0x10001b30      0x174 pico-nrf24/examples/primary_transmitter/CMakeFiles/primary_transmitter.dir/C_/Program_Files/Raspberry_Pi/Pico_SDK_v1.5.0/pico-sdk/src/common/pico_time/time.c.obj
 .text.alarm_pool_alarm_callback
                0x10001ca4      0x33c pico-nrf24/examples/primary_transmitter/CMakeFiles/primary_transmitter.dir/C_/Program_Files/Raspberry_Pi/Pico_SDK_v1.5.0/pico-sdk/src/common/pico_time/time.c.obj
 .text.alarm_pool_init_default
                0x10001fe0       0x40 pico-nrf24/examples/primary_transmitter/CMakeFiles/primary_transmitter.dir/C_/Program_Files/Raspberry_Pi/Pico_SDK_v1.5.0/pico-sdk/src/common/pico_time/time.c.obj
                0x10001fe0                alarm_pool_init_default
 .text.alarm_pool_get_default
                0x10002020       0x2c pico-nrf24/examples/primary_transmitter/CMakeFiles/primary_transmitter.dir/C_/Program_Files/Raspberry_Pi/Pico_SDK_v1.5.0/pico-sdk/src/common/pico_time/time.c.obj
                0x10002020                alarm_pool_get_default
 .text.alarm_pool_add_alarm_at
                0x1000204c      0x168 pico-nrf24/examples/primary_transmitter/CMakeFiles/primary_transmitter.dir/C_/Program_Files/Raspberry_Pi/Pico_SDK_v1.5.0/pico-sdk/src/common/pico_time/time.c.obj
                0x1000204c                alarm_pool_add_alarm_at
 .text.alarm_pool_cancel_alarm
                0x100021b4       0xf0 pico-nrf24/examples/primary_transmitter/CMakeFiles/primary_transmitter.dir/C_/Program_Files/Raspberry_Pi/Pico_SDK_v1.5.0/pico-sdk/src/common/pico_time/time.c.obj
                0x100021b4                alarm_pool_cancel_alarm
 .text.alarm_pool_core_num
                0x100022a4        0x4 pico-nrf24/examples/primary_transmitter/CMakeFiles/primary_transmitter.dir/C_/Program_Files/Raspberry_Pi/Pico_SDK_v1.5.0/pico-sdk/src/common/pico_time/time.c.obj
                0x100022a4                alarm_pool_core_num
 .text.sleep_until
                0x100022a8       0xfc pico-nrf24/examples/primary_transmitter/CMakeFiles/primary_transmitter.dir/C_/Program_Files/Raspberry_Pi/Pico_SDK_v1.5.0/pico-sdk/src/common/pico_time/time.c.obj
                0x100022a8                sleep_until
 .text.sleep_us
                0x100023a4       0x58 pico-nrf24/examples/primary_transmitter/CMakeFiles/primary_transmitter.dir/C_/Program_Files/Raspberry_Pi/Pico_SDK_v1.5.0/pico-sdk/src/common/pico_time/time.c.obj
                0x100023a4                sleep_us
 .text.sleep_ms
                0x100023fc       0x14 pico-nrf24/examples/primary_transmitter/CMakeFiles/primary_transmitter.dir/C_/Program_Files/Raspberry_Pi/Pico_SDK_v1.5.0/pico-sdk/src/common/pico_time/time.c.obj
                0x100023fc                sleep_ms
 .text.best_effort_wfe_or_timeout
                0x10002410       0xac pico-nrf24/examples/primary_transmitter/CMakeFiles/primary_transmitter.dir/C_/Program_Files/Raspberry_Pi/Pico_SDK_v1.5.0/pico-sdk/src/common/pico_time/time.c.obj
                0x10002410                best_effort_wfe_or_timeout
 .text.hardware_alarm_irq_handler
                0x100024bc       0x90 pico-nrf24/examples/primary_transmitter/CMakeFiles/primary_transmitter.dir/C_/Program_Files/Raspberry_Pi/Pico_SDK_v1.5.0/pico-sdk/src/rp2_common/hardware_timer/timer.c.obj
 .text.hardware_alarm_claim
                0x1000254c       0x18 pico-nrf24/examples/primary_transmitter/CMakeFiles/primary_transmitter.dir/C_/Program_Files/Raspberry_Pi/Pico_SDK_v1.5.0/pico-sdk/src/rp2_common/hardware_timer/timer.c.obj
                0x1000254c                hardware_alarm_claim
 .text.time_us_64
                0x10002564       0x18 pico-nrf24/examples/primary_transmitter/CMakeFiles/primary_transmitter.dir/C_/Program_Files/Raspberry_Pi/Pico_SDK_v1.5.0/pico-sdk/src/rp2_common/hardware_timer/timer.c.obj
                0x10002564                time_us_64
 .text.busy_wait_until
                0x1000257c       0x28 pico-nrf24/examples/primary_transmitter/CMakeFiles/primary_transmitter.dir/C_/Program_Files/Raspberry_Pi/Pico_SDK_v1.5.0/pico-sdk/src/rp2_common/hardware_timer/timer.c.obj
                0x1000257c                busy_wait_until
 .text.hardware_alarm_set_callback
                0x100025a4       0x90 pico-nrf24/examples/primary_transmitter/CMakeFiles/primary_transmitter.dir/C_/Program_Files/Raspberry_Pi/Pico_SDK_v1.5.0/pico-sdk/src/rp2_common/hardware_timer/timer.c.obj
                0x100025a4                hardware_alarm_set_callback
 .text.hardware_alarm_set_target
                0x10002634       0xe8 pico-nrf24/examples/primary_transmitter/CMakeFiles/primary_transmitter.dir/C_/Program_Files/Raspberry_Pi/Pico_SDK_v1.5.0/pico-sdk/src/rp2_common/hardware_timer/timer.c.obj
                0x10002634                hardware_alarm_set_target
 .text.hardware_alarm_cancel
                0x1000271c       0x40 pico-nrf24/examples/primary_transmitter/CMakeFiles/primary_transmitter.dir/C_/Program_Files/Raspberry_Pi/Pico_SDK_v1.5.0/pico-sdk/src/rp2_common/hardware_timer/timer.c.obj
                0x1000271c                hardware_alarm_cancel
 .text.ph_add_child_node
                0x1000275c       0xa4 pico-nrf24/examples/primary_transmitter/CMakeFiles/primary_transmitter.dir/C_/Program_Files/Raspberry_Pi/Pico_SDK_v1.5.0/pico-sdk/src/common/pico_util/pheap.c.obj
 .text.ph_merge_nodes
                0x10002800       0x3e pico-nrf24/examples/primary_transmitter/CMakeFiles/primary_transmitter.dir/C_/Program_Files/Raspberry_Pi/Pico_SDK_v1.5.0/pico-sdk/src/common/pico_util/pheap.c.obj
 *fill*         0x1000283e        0x2 
 .text.ph_clear
                0x10002840       0x70 pico-nrf24/examples/primary_transmitter/CMakeFiles/primary_transmitter.dir/C_/Program_Files/Raspberry_Pi/Pico_SDK_v1.5.0/pico-sdk/src/common/pico_util/pheap.c.obj
                0x10002840                ph_clear
 .text.ph_post_alloc_init
                0x100028b0        0xe pico-nrf24/examples/primary_transmitter/CMakeFiles/primary_transmitter.dir/C_/Program_Files/Raspberry_Pi/Pico_SDK_v1.5.0/pico-sdk/src/common/pico_util/pheap.c.obj
                0x100028b0                ph_post_alloc_init
 *fill*         0x100028be        0x2 
 .text.ph_merge_two_pass
                0x100028c0       0xa8 pico-nrf24/examples/primary_transmitter/CMakeFiles/primary_transmitter.dir/C_/Program_Files/Raspberry_Pi/Pico_SDK_v1.5.0/pico-sdk/src/common/pico_util/pheap.c.obj
                0x100028c0                ph_merge_two_pass
 .text.ph_remove_any_head
                0x10002968      0x128 pico-nrf24/examples/primary_transmitter/CMakeFiles/primary_transmitter.dir/C_/Program_Files/Raspberry_Pi/Pico_SDK_v1.5.0/pico-sdk/src/common/pico_util/pheap.c.obj
 .text.ph_remove_head
                0x10002a90       0x14 pico-nrf24/examples/primary_transmitter/CMakeFiles/primary_transmitter.dir/C_/Program_Files/Raspberry_Pi/Pico_SDK_v1.5.0/pico-sdk/src/common/pico_util/pheap.c.obj
                0x10002a90                ph_remove_head
 .text.ph_remove_and_free_node
                0x10002aa4       0xf8 pico-nrf24/examples/primary_transmitter/CMakeFiles/primary_transmitter.dir/C_/Program_Files/Raspberry_Pi/Pico_SDK_v1.5.0/pico-sdk/src/common/pico_util/pheap.c.obj
                0x10002aa4                ph_remove_and_free_node
 .text.clock_configure
                0x10002b9c      0x104 pico-nrf24/examples/primary_transmitter/CMakeFiles/primary_transmitter.dir/C_/Program_Files/Raspberry_Pi/Pico_SDK_v1.5.0/pico-sdk/src/rp2_common/hardware_clocks/clocks.c.obj
                0x10002b9c                clock_configure
 .text.clocks_init
                0x10002ca0      0x100 pico-nrf24/examples/primary_transmitter/CMakeFiles/primary_transmitter.dir/C_/Program_Files/Raspberry_Pi/Pico_SDK_v1.5.0/pico-sdk/src/rp2_common/hardware_clocks/clocks.c.obj
                0x10002ca0                clocks_init
 .text.clock_get_hz
                0x10002da0        0xc pico-nrf24/examples/primary_transmitter/CMakeFiles/primary_transmitter.dir/C_/Program_Files/Raspberry_Pi/Pico_SDK_v1.5.0/pico-sdk/src/rp2_common/hardware_clocks/clocks.c.obj
                0x10002da0                clock_get_hz
 .text.pll_init
                0x10002dac      0x12c pico-nrf24/examples/primary_transmitter/CMakeFiles/primary_transmitter.dir/C_/Program_Files/Raspberry_Pi/Pico_SDK_v1.5.0/pico-sdk/src/rp2_common/hardware_pll/pll.c.obj
                0x10002dac                pll_init
 .text.watchdog_start_tick
                0x10002ed8       0x10 pico-nrf24/examples/primary_transmitter/CMakeFiles/primary_transmitter.dir/7d56f3d9ced09c8bb45dc5c31f70ac06/pico-sdk/src/rp2_common/hardware_watchdog/watchdog.c.obj
                0x10002ed8                watchdog_start_tick
 .text.watchdog_update
                0x10002ee8       0x14 pico-nrf24/examples/primary_transmitter/CMakeFiles/primary_transmitter.dir/7d56f3d9ced09c8bb45dc5c31f70ac06/pico-sdk/src/rp2_common/hardware_watchdog/watchdog.c.obj
                0x10002ee8                watchdog_update
 .text._watchdog_enable
                0x10002efc       0x78 pico-nrf24/examples/primary_transmitter/CMakeFiles/primary_transmitter.dir/7d56f3d9ced09c8bb45dc5c31f70ac06/pico-sdk/src/rp2_common/hardware_watchdog/watchdog.c.obj
                0x10002efc                _watchdog_enable
 .text.watchdog_reboot
                0x10002f74       0x48 pico-nrf24/examples/primary_transmitter/CMakeFiles/primary_transmitter.dir/7d56f3d9ced09c8bb45dc5c31f70ac06/pico-sdk/src/rp2_common/hardware_watchdog/watchdog.c.obj
                0x10002f74                watchdog_reboot
 .text.xosc_init
                0x10002fbc       0x28 pico-nrf24/examples/primary_transmitter/CMakeFiles/primary_transmitter.dir/C_/Program_Files/Raspberry_Pi/Pico_SDK_v1.5.0/pico-sdk/src/rp2_common/hardware_xosc/xosc.c.obj
                0x10002fbc                xosc_init
 .text._exit    0x10002fe4        0x4 pico-nrf24/examples/primary_transmitter/CMakeFiles/primary_transmitter.dir/C_/Program_Files/Raspberry_Pi/Pico_SDK_v1.5.0/pico-sdk/src/rp2_common/pico_runtime/runtime.c.obj
                0x10002fe4                _exit
 .text.exit     0x10002fe8        0x6 pico-nrf24/examples/primary_transmitter/CMakeFiles/primary_transmitter.dir/C_/Program_Files/Raspberry_Pi/Pico_SDK_v1.5.0/pico-sdk/src/rp2_common/pico_runtime/runtime.c.obj
                0x10002fe8                exit
 *fill*         0x10002fee        0x2 
 .text.__assert_func
                0x10002ff0       0x3c pico-nrf24/examples/primary_transmitter/CMakeFiles/primary_transmitter.dir/C_/Program_Files/Raspberry_Pi/Pico_SDK_v1.5.0/pico-sdk/src/rp2_common/pico_runtime/runtime.c.obj
                0x10002ff0                __assert_func
 .text.runtime_init
                0x1000302c       0xf8 pico-nrf24/examples/primary_transmitter/CMakeFiles/primary_transmitter.dir/C_/Program_Files/Raspberry_Pi/Pico_SDK_v1.5.0/pico-sdk/src/rp2_common/pico_runtime/runtime.c.obj
                0x1000302c                runtime_init
 .text.panic    0x10003124       0x30 pico-nrf24/examples/primary_transmitter/CMakeFiles/primary_transmitter.dir/C_/Program_Files/Raspberry_Pi/Pico_SDK_v1.5.0/pico-sdk/src/rp2_common/pico_runtime/runtime.c.obj
                0x10003124                panic
 .text._out_null
                0x10003154        0x2 pico-nrf24/examples/primary_transmitter/CMakeFiles/primary_transmitter.dir/C_/Program_Files/Raspberry_Pi/Pico_SDK_v1.5.0/pico-sdk/src/rp2_common/pico_printf/printf.c.obj
 .text._out_fct
                0x10003156        0xe pico-nrf24/examples/primary_transmitter/CMakeFiles/primary_transmitter.dir/C_/Program_Files/Raspberry_Pi/Pico_SDK_v1.5.0/pico-sdk/src/rp2_common/pico_printf/printf.c.obj
 .text._atoi    0x10003164       0x24 pico-nrf24/examples/primary_transmitter/CMakeFiles/primary_transmitter.dir/C_/Program_Files/Raspberry_Pi/Pico_SDK_v1.5.0/pico-sdk/src/rp2_common/pico_printf/printf.c.obj
 .text._out_rev
                0x10003188       0xae pico-nrf24/examples/primary_transmitter/CMakeFiles/primary_transmitter.dir/C_/Program_Files/Raspberry_Pi/Pico_SDK_v1.5.0/pico-sdk/src/rp2_common/pico_printf/printf.c.obj
 .text._ntoa_format
                0x10003236      0x112 pico-nrf24/examples/primary_transmitter/CMakeFiles/primary_transmitter.dir/C_/Program_Files/Raspberry_Pi/Pico_SDK_v1.5.0/pico-sdk/src/rp2_common/pico_printf/printf.c.obj
 .text._ntoa_long
                0x10003348       0xbc pico-nrf24/examples/primary_transmitter/CMakeFiles/primary_transmitter.dir/C_/Program_Files/Raspberry_Pi/Pico_SDK_v1.5.0/pico-sdk/src/rp2_common/pico_printf/printf.c.obj
 .text._ntoa_long_long
                0x10003404       0xe2 pico-nrf24/examples/primary_transmitter/CMakeFiles/primary_transmitter.dir/C_/Program_Files/Raspberry_Pi/Pico_SDK_v1.5.0/pico-sdk/src/rp2_common/pico_printf/printf.c.obj
 *fill*         0x100034e6        0x2 
 .text._etoa    0x100034e8      0x414 pico-nrf24/examples/primary_transmitter/CMakeFiles/primary_transmitter.dir/C_/Program_Files/Raspberry_Pi/Pico_SDK_v1.5.0/pico-sdk/src/rp2_common/pico_printf/printf.c.obj
 .text._ftoa    0x100038fc      0x354 pico-nrf24/examples/primary_transmitter/CMakeFiles/primary_transmitter.dir/C_/Program_Files/Raspberry_Pi/Pico_SDK_v1.5.0/pico-sdk/src/rp2_common/pico_printf/printf.c.obj
 .text._vsnprintf
                0x10003c50      0x624 pico-nrf24/examples/primary_transmitter/CMakeFiles/primary_transmitter.dir/C_/Program_Files/Raspberry_Pi/Pico_SDK_v1.5.0/pico-sdk/src/rp2_common/pico_printf/printf.c.obj
 .text.vfctprintf
                0x10004274       0x20 pico-nrf24/examples/primary_transmitter/CMakeFiles/primary_transmitter.dir/C_/Program_Files/Raspberry_Pi/Pico_SDK_v1.5.0/pico-sdk/src/rp2_common/pico_printf/printf.c.obj
                0x10004274                vfctprintf
 .text          0x10004294       0x10 pico-nrf24/examples/primary_transmitter/CMakeFiles/primary_transmitter.dir/7d56f3d9ced09c8bb45dc5c31f70ac06/pico-sdk/src/rp2_common/pico_bit_ops/bit_ops_aeabi.S.obj
 .text.rom_func_lookup
                0x100042a4       0x10 pico-nrf24/examples/primary_transmitter/CMakeFiles/primary_transmitter.dir/C_/Program_Files/Raspberry_Pi/Pico_SDK_v1.5.0/pico-sdk/src/rp2_common/pico_bootrom/bootrom.c.obj
                0x100042a4                rom_func_lookup
 .text.rom_data_lookup
                0x100042b4       0x10 pico-nrf24/examples/primary_transmitter/CMakeFiles/primary_transmitter.dir/C_/Program_Files/Raspberry_Pi/Pico_SDK_v1.5.0/pico-sdk/src/rp2_common/pico_bootrom/bootrom.c.obj
                0x100042b4                rom_data_lookup
 .text.rom_funcs_lookup
                0x100042c4       0x36 pico-nrf24/examples/primary_transmitter/CMakeFiles/primary_transmitter.dir/C_/Program_Files/Raspberry_Pi/Pico_SDK_v1.5.0/pico-sdk/src/rp2_common/pico_bootrom/bootrom.c.obj
                0x100042c4                rom_funcs_lookup
 *fill*         0x100042fa        0x2 
 .text.__wrap___aeabi_idiv
                0x100042fc       0x50 pico-nrf24/examples/primary_transmitter/CMakeFiles/primary_transmitter.dir/C_/Program_Files/Raspberry_Pi/Pico_SDK_v1.5.0/pico-sdk/src/rp2_common/pico_divider/divider.S.obj
                0x100042fc                __wrap___aeabi_idivmod
                0x100042fc                divmod_s32s32
                0x100042fc                div_s32s32
                0x100042fc                __wrap___aeabi_idiv
                0x10004304                divmod_s32s32_unsafe
                0x10004330                divmod_s32s32_savestate
 .text.__wrap___aeabi_uidiv
                0x1000434c       0x4c pico-nrf24/examples/primary_transmitter/CMakeFiles/primary_transmitter.dir/C_/Program_Files/Raspberry_Pi/Pico_SDK_v1.5.0/pico-sdk/src/rp2_common/pico_divider/divider.S.obj
                0x1000434c                __wrap___aeabi_uidiv
                0x1000434c                __wrap___aeabi_uidivmod
                0x1000434c                div_u32u32
                0x1000434c                divmod_u32u32
                0x10004354                divmod_u32u32_unsafe
                0x1000437c                divmod_u32u32_savestate
 .text.__wrap___aeabi_ldiv
                0x10004398      0x424 pico-nrf24/examples/primary_transmitter/CMakeFiles/primary_transmitter.dir/C_/Program_Files/Raspberry_Pi/Pico_SDK_v1.5.0/pico-sdk/src/rp2_common/pico_divider/divider.S.obj
                0x10004398                div_s64s64
                0x10004398                divmod_s64s64
                0x10004398                __wrap___aeabi_ldivmod
                0x100043c8                divmod_u64u64
                0x100043c8                div_u64u64
                0x100043c8                __wrap___aeabi_uldivmod
                0x100043d8                divmod_u64u64_savestate
                0x100043f8                divmod_s64s64_unsafe
                0x10004480                divmod_u64u64_unsafe
 .text.__wrap___aeabi_darithmetic
                0x100047bc       0x80 pico-nrf24/examples/primary_transmitter/CMakeFiles/primary_transmitter.dir/7d56f3d9ced09c8bb45dc5c31f70ac06/pico-sdk/src/rp2_common/pico_double/double_aeabi.S.obj
                0x100047bc                __wrap___aeabi_drsub
                0x100047c2                __wrap___aeabi_dsub
                0x100047d4                __wrap___aeabi_dadd
                0x100047e6                __wrap___aeabi_ddiv
                0x10004822                __wrap___aeabi_dmul
 .text.__wrap___aeabi_cdcmple
                0x1000483c       0x6c pico-nrf24/examples/primary_transmitter/CMakeFiles/primary_transmitter.dir/7d56f3d9ced09c8bb45dc5c31f70ac06/pico-sdk/src/rp2_common/pico_double/double_aeabi.S.obj
                0x1000483c                __wrap___aeabi_cdrcmple
                0x1000484c                __wrap___aeabi_cdcmpeq
                0x1000484c                __wrap___aeabi_cdcmple
 .text.__wrap___aeabi_dcmplt
                0x100048a8        0xc pico-nrf24/examples/primary_transmitter/CMakeFiles/primary_transmitter.dir/7d56f3d9ced09c8bb45dc5c31f70ac06/pico-sdk/src/rp2_common/pico_double/double_aeabi.S.obj
                0x100048a8                __wrap___aeabi_dcmplt
 .text.__wrap___aeabi_dcmple
                0x100048b4       0x10 pico-nrf24/examples/primary_transmitter/CMakeFiles/primary_transmitter.dir/7d56f3d9ced09c8bb45dc5c31f70ac06/pico-sdk/src/rp2_common/pico_double/double_aeabi.S.obj
                0x100048b4                __wrap___aeabi_dcmple
 .text.__wrap___aeabi_dcmpge
                0x100048c4       0x10 pico-nrf24/examples/primary_transmitter/CMakeFiles/primary_transmitter.dir/7d56f3d9ced09c8bb45dc5c31f70ac06/pico-sdk/src/rp2_common/pico_double/double_aeabi.S.obj
                0x100048c4                __wrap___aeabi_dcmpge
 .text.__wrap___aeabi_dcmpgt
                0x100048d4        0xa pico-nrf24/examples/primary_transmitter/CMakeFiles/primary_transmitter.dir/7d56f3d9ced09c8bb45dc5c31f70ac06/pico-sdk/src/rp2_common/pico_double/double_aeabi.S.obj
                0x100048d4                __wrap___aeabi_dcmpgt
 .text.__wrap___aeabi_dcmpun
                0x100048de       0x1c pico-nrf24/examples/primary_transmitter/CMakeFiles/primary_transmitter.dir/7d56f3d9ced09c8bb45dc5c31f70ac06/pico-sdk/src/rp2_common/pico_double/double_aeabi.S.obj
                0x100048de                __wrap___aeabi_dcmpun
 *fill*         0x100048fa        0x2 
 .text.__wrap___aeabi_i2d
                0x100048fc       0x38 pico-nrf24/examples/primary_transmitter/CMakeFiles/primary_transmitter.dir/7d56f3d9ced09c8bb45dc5c31f70ac06/pico-sdk/src/rp2_common/pico_double/double_aeabi.S.obj
                0x100048fc                __wrap___aeabi_ui2d
                0x10004904                __wrap___aeabi_i2d
 .text.__wrap___aeabi_d2iz
                0x10004934       0x48 pico-nrf24/examples/primary_transmitter/CMakeFiles/primary_transmitter.dir/7d56f3d9ced09c8bb45dc5c31f70ac06/pico-sdk/src/rp2_common/pico_double/double_aeabi.S.obj
                0x10004934                double2int_z
                0x10004934                __wrap___aeabi_d2iz
 .text.__wrap___aeabi_d2uiz
                0x1000497c       0x18 pico-nrf24/examples/primary_transmitter/CMakeFiles/primary_transmitter.dir/7d56f3d9ced09c8bb45dc5c31f70ac06/pico-sdk/src/rp2_common/pico_double/double_aeabi.S.obj
                0x1000497c                __wrap___aeabi_d2uiz
                0x1000497c                double2uint
 .text.__aeabi_double_init
                0x10004994       0xc8 pico-nrf24/examples/primary_transmitter/CMakeFiles/primary_transmitter.dir/7d56f3d9ced09c8bb45dc5c31f70ac06/pico-sdk/src/rp2_common/pico_double/double_init_rom.c.obj
                0x10004994                __aeabi_double_init
 .text.double_table_shim_on_use_helper
                0x10004a5c       0x34 pico-nrf24/examples/primary_transmitter/CMakeFiles/primary_transmitter.dir/7d56f3d9ced09c8bb45dc5c31f70ac06/pico-sdk/src/rp2_common/pico_double/double_v1_rom_shim.S.obj
                0x10004a5c                double_table_shim_on_use_helper
 .text.__wrap___aeabi_dsub
                0x10004a90       0x10 pico-nrf24/examples/primary_transmitter/CMakeFiles/primary_transmitter.dir/7d56f3d9ced09c8bb45dc5c31f70ac06/pico-sdk/src/rp2_common/pico_double/double_v1_rom_shim.S.obj
                0x10004a90                drsub_shim
                0x10004a96                dsub_shim
 .text.dadd_shim
                0x10004aa0      0x15c pico-nrf24/examples/primary_transmitter/CMakeFiles/primary_transmitter.dir/7d56f3d9ced09c8bb45dc5c31f70ac06/pico-sdk/src/rp2_common/pico_double/double_v1_rom_shim.S.obj
                0x10004aa0                dadd_shim
 .text.dmul_shim
                0x10004bfc      0x15c pico-nrf24/examples/primary_transmitter/CMakeFiles/primary_transmitter.dir/7d56f3d9ced09c8bb45dc5c31f70ac06/pico-sdk/src/rp2_common/pico_double/double_v1_rom_shim.S.obj
                0x10004bfc                dmul_shim
 .text.ddiv_shim
                0x10004d58      0x1b0 pico-nrf24/examples/primary_transmitter/CMakeFiles/primary_transmitter.dir/7d56f3d9ced09c8bb45dc5c31f70ac06/pico-sdk/src/rp2_common/pico_double/double_v1_rom_shim.S.obj
                0x10004d58                ddiv_shim
 .text.double2uint_shim
                0x10004f08        0xe pico-nrf24/examples/primary_transmitter/CMakeFiles/primary_transmitter.dir/7d56f3d9ced09c8bb45dc5c31f70ac06/pico-sdk/src/rp2_common/pico_double/double_v1_rom_shim.S.obj
                0x10004f08                double2uint_shim
                0x10004f0a                double2ufix_shim
 *fill*         0x10004f16        0x2 
 .text.double2uint64_shim
                0x10004f18       0x70 pico-nrf24/examples/primary_transmitter/CMakeFiles/primary_transmitter.dir/7d56f3d9ced09c8bb45dc5c31f70ac06/pico-sdk/src/rp2_common/pico_double/double_v1_rom_shim.S.obj
                0x10004f18                double2uint64_shim
                0x10004f1a                double2ufix64_shim
                0x10004f3a                d2fix_a
 .text.dunpacks
                0x10004f88       0x3c pico-nrf24/examples/primary_transmitter/CMakeFiles/primary_transmitter.dir/7d56f3d9ced09c8bb45dc5c31f70ac06/pico-sdk/src/rp2_common/pico_double/double_v1_rom_shim.S.obj
                0x10004f88                dunpacks
 .text.__aeabi_lmul
                0x10004fc4       0x32 pico-nrf24/examples/primary_transmitter/CMakeFiles/primary_transmitter.dir/7d56f3d9ced09c8bb45dc5c31f70ac06/pico-sdk/src/rp2_common/pico_int64_ops/pico_int64_ops_aeabi.S.obj
                0x10004fc4                __wrap___aeabi_lmul
 *fill*         0x10004ff6        0x2 
 .text.__aeabi_float_init
                0x10004ff8       0xfc pico-nrf24/examples/primary_transmitter/CMakeFiles/primary_transmitter.dir/7d56f3d9ced09c8bb45dc5c31f70ac06/pico-sdk/src/rp2_common/pico_float/float_init_rom.c.obj
                0x10004ff8                __aeabi_float_init
 .text.float_table_shim_on_use_helper
                0x100050f4       0x34 pico-nrf24/examples/primary_transmitter/CMakeFiles/primary_transmitter.dir/7d56f3d9ced09c8bb45dc5c31f70ac06/pico-sdk/src/rp2_common/pico_float/float_v1_rom_shim.S.obj
                0x100050f4                float_table_shim_on_use_helper
 .text          0x10005128       0x10 pico-nrf24/examples/primary_transmitter/CMakeFiles/primary_transmitter.dir/7d56f3d9ced09c8bb45dc5c31f70ac06/pico-sdk/src/rp2_common/pico_mem_ops/mem_ops_aeabi.S.obj
                0x10005128                __aeabi_mem_init
 .text.memset   0x10005138        0xc pico-nrf24/examples/primary_transmitter/CMakeFiles/primary_transmitter.dir/7d56f3d9ced09c8bb45dc5c31f70ac06/pico-sdk/src/rp2_common/pico_mem_ops/mem_ops_aeabi.S.obj
                0x10005138                __wrap_memset
 .text.memcpy   0x10005144        0xc pico-nrf24/examples/primary_transmitter/CMakeFiles/primary_transmitter.dir/7d56f3d9ced09c8bb45dc5c31f70ac06/pico-sdk/src/rp2_common/pico_mem_ops/mem_ops_aeabi.S.obj
                0x10005144                __wrap_memcpy
                0x10005144                __wrap___aeabi_memcpy
 .text.stdio_out_chars_no_crlf
                0x10005150        0xe pico-nrf24/examples/primary_transmitter/CMakeFiles/primary_transmitter.dir/C_/Program_Files/Raspberry_Pi/Pico_SDK_v1.5.0/pico-sdk/src/rp2_common/pico_stdio/stdio.c.obj
 *fill*         0x1000515e        0x2 
 .text.stdio_out_chars_crlf
                0x10005160       0x80 pico-nrf24/examples/primary_transmitter/CMakeFiles/primary_transmitter.dir/C_/Program_Files/Raspberry_Pi/Pico_SDK_v1.5.0/pico-sdk/src/rp2_common/pico_stdio/stdio.c.obj
 .text.stdio_stack_buffer_flush
                0x100051e0       0x44 pico-nrf24/examples/primary_transmitter/CMakeFiles/primary_transmitter.dir/C_/Program_Files/Raspberry_Pi/Pico_SDK_v1.5.0/pico-sdk/src/rp2_common/pico_stdio/stdio.c.obj
 .text.stdio_buffered_printer
                0x10005224       0x20 pico-nrf24/examples/primary_transmitter/CMakeFiles/primary_transmitter.dir/C_/Program_Files/Raspberry_Pi/Pico_SDK_v1.5.0/pico-sdk/src/rp2_common/pico_stdio/stdio.c.obj
 .text.stdout_serialize_begin
                0x10005244       0x5c pico-nrf24/examples/primary_transmitter/CMakeFiles/primary_transmitter.dir/C_/Program_Files/Raspberry_Pi/Pico_SDK_v1.5.0/pico-sdk/src/rp2_common/pico_stdio/stdio.c.obj
                0x10005244                stdout_serialize_begin
 .text.stdout_serialize_end
                0x100052a0       0x10 pico-nrf24/examples/primary_transmitter/CMakeFiles/primary_transmitter.dir/C_/Program_Files/Raspberry_Pi/Pico_SDK_v1.5.0/pico-sdk/src/rp2_common/pico_stdio/stdio.c.obj
                0x100052a0                stdout_serialize_end
 .text.stdio_put_string
                0x100052b0       0x98 pico-nrf24/examples/primary_transmitter/CMakeFiles/primary_transmitter.dir/C_/Program_Files/Raspberry_Pi/Pico_SDK_v1.5.0/pico-sdk/src/rp2_common/pico_stdio/stdio.c.obj
 .text.stdio_set_driver_enabled
                0x10005348       0x2c pico-nrf24/examples/primary_transmitter/CMakeFiles/primary_transmitter.dir/C_/Program_Files/Raspberry_Pi/Pico_SDK_v1.5.0/pico-sdk/src/rp2_common/pico_stdio/stdio.c.obj
                0x10005348                stdio_set_driver_enabled
 .text.stdio_flush
                0x10005374       0x20 pico-nrf24/examples/primary_transmitter/CMakeFiles/primary_transmitter.dir/C_/Program_Files/Raspberry_Pi/Pico_SDK_v1.5.0/pico-sdk/src/rp2_common/pico_stdio/stdio.c.obj
                0x10005374                stdio_flush
 .text.__wrap_puts
                0x10005394       0x1e pico-nrf24/examples/primary_transmitter/CMakeFiles/primary_transmitter.dir/C_/Program_Files/Raspberry_Pi/Pico_SDK_v1.5.0/pico-sdk/src/rp2_common/pico_stdio/stdio.c.obj
                0x10005394                __wrap_puts
 *fill*         0x100053b2        0x2 
 .text.__wrap_vprintf
                0x100053b4       0x40 pico-nrf24/examples/primary_transmitter/CMakeFiles/primary_transmitter.dir/C_/Program_Files/Raspberry_Pi/Pico_SDK_v1.5.0/pico-sdk/src/rp2_common/pico_stdio/stdio.c.obj
                0x100053b4                __wrap_vprintf
 .text.__wrap_printf
                0x100053f4       0x18 pico-nrf24/examples/primary_transmitter/CMakeFiles/primary_transmitter.dir/C_/Program_Files/Raspberry_Pi/Pico_SDK_v1.5.0/pico-sdk/src/rp2_common/pico_stdio/stdio.c.obj
                0x100053f4                __wrap_printf
 .text.stdio_init_all
                0x1000540c        0x8 pico-nrf24/examples/primary_transmitter/CMakeFiles/primary_transmitter.dir/C_/Program_Files/Raspberry_Pi/Pico_SDK_v1.5.0/pico-sdk/src/rp2_common/pico_stdio/stdio.c.obj
                0x1000540c                stdio_init_all
 .text.resetd_init
                0x10005414        0x2 pico-nrf24/examples/primary_transmitter/CMakeFiles/primary_transmitter.dir/7d56f3d9ced09c8bb45dc5c31f70ac06/pico-sdk/src/rp2_common/pico_stdio_usb/reset_interface.c.obj
 *fill*         0x10005416        0x2 
 .text.resetd_reset
                0x10005418        0xc pico-nrf24/examples/primary_transmitter/CMakeFiles/primary_transmitter.dir/7d56f3d9ced09c8bb45dc5c31f70ac06/pico-sdk/src/rp2_common/pico_stdio_usb/reset_interface.c.obj
 .text.resetd_open
                0x10005424       0x34 pico-nrf24/examples/primary_transmitter/CMakeFiles/primary_transmitter.dir/7d56f3d9ced09c8bb45dc5c31f70ac06/pico-sdk/src/rp2_common/pico_stdio_usb/reset_interface.c.obj
 .text.resetd_xfer_cb
                0x10005458        0x4 pico-nrf24/examples/primary_transmitter/CMakeFiles/primary_transmitter.dir/7d56f3d9ced09c8bb45dc5c31f70ac06/pico-sdk/src/rp2_common/pico_stdio_usb/reset_interface.c.obj
 .text.reset_usb_boot
                0x1000545c       0x18 pico-nrf24/examples/primary_transmitter/CMakeFiles/primary_transmitter.dir/7d56f3d9ced09c8bb45dc5c31f70ac06/pico-sdk/src/rp2_common/pico_stdio_usb/reset_interface.c.obj
 .text.resetd_control_xfer_cb
                0x10005474       0x5c pico-nrf24/examples/primary_transmitter/CMakeFiles/primary_transmitter.dir/7d56f3d9ced09c8bb45dc5c31f70ac06/pico-sdk/src/rp2_common/pico_stdio_usb/reset_interface.c.obj
 .text.usbd_app_driver_get_cb
                0x100054d0        0xc pico-nrf24/examples/primary_transmitter/CMakeFiles/primary_transmitter.dir/7d56f3d9ced09c8bb45dc5c31f70ac06/pico-sdk/src/rp2_common/pico_stdio_usb/reset_interface.c.obj
                0x100054d0                usbd_app_driver_get_cb
 .text.tud_cdc_line_coding_cb
                0x100054dc       0x28 pico-nrf24/examples/primary_transmitter/CMakeFiles/primary_transmitter.dir/7d56f3d9ced09c8bb45dc5c31f70ac06/pico-sdk/src/rp2_common/pico_stdio_usb/reset_interface.c.obj
                0x100054dc                tud_cdc_line_coding_cb
 .text.stdio_usb_set_chars_available_callback
                0x10005504       0x14 pico-nrf24/examples/primary_transmitter/CMakeFiles/primary_transmitter.dir/7d56f3d9ced09c8bb45dc5c31f70ac06/pico-sdk/src/rp2_common/pico_stdio_usb/stdio_usb.c.obj
                0x10005504                stdio_usb_set_chars_available_callback
 .text.usb_irq  0x10005518       0x10 pico-nrf24/examples/primary_transmitter/CMakeFiles/primary_transmitter.dir/7d56f3d9ced09c8bb45dc5c31f70ac06/pico-sdk/src/rp2_common/pico_stdio_usb/stdio_usb.c.obj
 .text.timer_task
                0x10005528       0x58 pico-nrf24/examples/primary_transmitter/CMakeFiles/primary_transmitter.dir/7d56f3d9ced09c8bb45dc5c31f70ac06/pico-sdk/src/rp2_common/pico_stdio_usb/stdio_usb.c.obj
 .text.low_priority_worker_irq
                0x10005580       0xd8 pico-nrf24/examples/primary_transmitter/CMakeFiles/primary_transmitter.dir/7d56f3d9ced09c8bb45dc5c31f70ac06/pico-sdk/src/rp2_common/pico_stdio_usb/stdio_usb.c.obj
 .text.tud_cdc_rx_cb
                0x10005658       0x20 pico-nrf24/examples/primary_transmitter/CMakeFiles/primary_transmitter.dir/7d56f3d9ced09c8bb45dc5c31f70ac06/pico-sdk/src/rp2_common/pico_stdio_usb/stdio_usb.c.obj
                0x10005658                tud_cdc_rx_cb
 .text.stdio_usb_init
                0x10005678      0x12c pico-nrf24/examples/primary_transmitter/CMakeFiles/primary_transmitter.dir/7d56f3d9ced09c8bb45dc5c31f70ac06/pico-sdk/src/rp2_common/pico_stdio_usb/stdio_usb.c.obj
                0x10005678                stdio_usb_init
 .text.stdio_usb_connected
                0x100057a4        0xa pico-nrf24/examples/primary_transmitter/CMakeFiles/primary_transmitter.dir/7d56f3d9ced09c8bb45dc5c31f70ac06/pico-sdk/src/rp2_common/pico_stdio_usb/stdio_usb.c.obj
                0x100057a4                stdio_usb_connected
 *fill*         0x100057ae        0x2 
 .text.stdio_usb_in_chars
                0x100057b0       0xc4 pico-nrf24/examples/primary_transmitter/CMakeFiles/primary_transmitter.dir/7d56f3d9ced09c8bb45dc5c31f70ac06/pico-sdk/src/rp2_common/pico_stdio_usb/stdio_usb.c.obj
                0x100057b0                stdio_usb_in_chars
 .text.stdio_usb_out_chars
                0x10005874      0x114 pico-nrf24/examples/primary_transmitter/CMakeFiles/primary_transmitter.dir/7d56f3d9ced09c8bb45dc5c31f70ac06/pico-sdk/src/rp2_common/pico_stdio_usb/stdio_usb.c.obj
 .text.tud_descriptor_device_cb
                0x10005988        0x8 pico-nrf24/examples/primary_transmitter/CMakeFiles/primary_transmitter.dir/7d56f3d9ced09c8bb45dc5c31f70ac06/pico-sdk/src/rp2_common/pico_stdio_usb/stdio_usb_descriptors.c.obj
                0x10005988                tud_descriptor_device_cb
 .text.tud_descriptor_configuration_cb
                0x10005990        0x8 pico-nrf24/examples/primary_transmitter/CMakeFiles/primary_transmitter.dir/7d56f3d9ced09c8bb45dc5c31f70ac06/pico-sdk/src/rp2_common/pico_stdio_usb/stdio_usb_descriptors.c.obj
                0x10005990                tud_descriptor_configuration_cb
 .text.tud_descriptor_string_cb
                0x10005998       0x6c pico-nrf24/examples/primary_transmitter/CMakeFiles/primary_transmitter.dir/7d56f3d9ced09c8bb45dc5c31f70ac06/pico-sdk/src/rp2_common/pico_stdio_usb/stdio_usb_descriptors.c.obj
                0x10005998                tud_descriptor_string_cb
 .text._retrieve_unique_id_on_boot
                0x10005a04       0x10 pico-nrf24/examples/primary_transmitter/CMakeFiles/primary_transmitter.dir/7d56f3d9ced09c8bb45dc5c31f70ac06/pico-sdk/src/rp2_common/pico_unique_id/unique_id.c.obj
 .text.pico_get_unique_board_id_string
                0x10005a14       0x60 pico-nrf24/examples/primary_transmitter/CMakeFiles/primary_transmitter.dir/7d56f3d9ced09c8bb45dc5c31f70ac06/pico-sdk/src/rp2_common/pico_unique_id/unique_id.c.obj
                0x10005a14                pico_get_unique_board_id_string
 .text.flash_get_unique_id
                0x10005a74       0x46 pico-nrf24/examples/primary_transmitter/CMakeFiles/primary_transmitter.dir/C_/Program_Files/Raspberry_Pi/Pico_SDK_v1.5.0/pico-sdk/src/rp2_common/hardware_flash/flash.c.obj
                0x10005a74                flash_get_unique_id
 *fill*         0x10005aba        0x2 
 .text.hw_endpoint_get_by_addr
                0x10005abc       0x18 pico-nrf24/examples/primary_transmitter/CMakeFiles/primary_transmitter.dir/110e6145e503fc7aa6745e42b3a42f3c/lib/tinyusb/src/portable/raspberrypi/rp2040/dcd_rp2040.c.obj
 .text._hw_endpoint_alloc
                0x10005ad4       0x70 pico-nrf24/examples/primary_transmitter/CMakeFiles/primary_transmitter.dir/110e6145e503fc7aa6745e42b3a42f3c/lib/tinyusb/src/portable/raspberrypi/rp2040/dcd_rp2040.c.obj
 .text.hw_endpoint_init
                0x10005b44       0x88 pico-nrf24/examples/primary_transmitter/CMakeFiles/primary_transmitter.dir/110e6145e503fc7aa6745e42b3a42f3c/lib/tinyusb/src/portable/raspberrypi/rp2040/dcd_rp2040.c.obj
 .text.hw_endpoint_xfer
                0x10005bcc       0x14 pico-nrf24/examples/primary_transmitter/CMakeFiles/primary_transmitter.dir/110e6145e503fc7aa6745e42b3a42f3c/lib/tinyusb/src/portable/raspberrypi/rp2040/dcd_rp2040.c.obj
 .text.dcd_int_enable
                0x10005be0       0x2c pico-nrf24/examples/primary_transmitter/CMakeFiles/primary_transmitter.dir/110e6145e503fc7aa6745e42b3a42f3c/lib/tinyusb/src/portable/raspberrypi/rp2040/dcd_rp2040.c.obj
                0x10005be0                dcd_int_enable
 .text.dcd_set_address
                0x10005c0c       0x2c pico-nrf24/examples/primary_transmitter/CMakeFiles/primary_transmitter.dir/110e6145e503fc7aa6745e42b3a42f3c/lib/tinyusb/src/portable/raspberrypi/rp2040/dcd_rp2040.c.obj
                0x10005c0c                dcd_set_address
 .text.dcd_connect
                0x10005c38       0x10 pico-nrf24/examples/primary_transmitter/CMakeFiles/primary_transmitter.dir/110e6145e503fc7aa6745e42b3a42f3c/lib/tinyusb/src/portable/raspberrypi/rp2040/dcd_rp2040.c.obj
                0x10005c38                dcd_connect
 .text.dcd_init
                0x10005c48       0x80 pico-nrf24/examples/primary_transmitter/CMakeFiles/primary_transmitter.dir/110e6145e503fc7aa6745e42b3a42f3c/lib/tinyusb/src/portable/raspberrypi/rp2040/dcd_rp2040.c.obj
                0x10005c48                dcd_init
 .text.dcd_edpt0_status_complete
                0x10005cc8       0x1c pico-nrf24/examples/primary_transmitter/CMakeFiles/primary_transmitter.dir/110e6145e503fc7aa6745e42b3a42f3c/lib/tinyusb/src/portable/raspberrypi/rp2040/dcd_rp2040.c.obj
                0x10005cc8                dcd_edpt0_status_complete
 .text.dcd_edpt_open
                0x10005ce4       0x40 pico-nrf24/examples/primary_transmitter/CMakeFiles/primary_transmitter.dir/110e6145e503fc7aa6745e42b3a42f3c/lib/tinyusb/src/portable/raspberrypi/rp2040/dcd_rp2040.c.obj
                0x10005ce4                dcd_edpt_open
 .text.dcd_edpt_close_all
                0x10005d24        0x8 pico-nrf24/examples/primary_transmitter/CMakeFiles/primary_transmitter.dir/110e6145e503fc7aa6745e42b3a42f3c/lib/tinyusb/src/portable/raspberrypi/rp2040/dcd_rp2040.c.obj
                0x10005d24                dcd_edpt_close_all
 .text.dcd_edpt_xfer
                0x10005d2c       0x34 pico-nrf24/examples/primary_transmitter/CMakeFiles/primary_transmitter.dir/110e6145e503fc7aa6745e42b3a42f3c/lib/tinyusb/src/portable/raspberrypi/rp2040/dcd_rp2040.c.obj
                0x10005d2c                dcd_edpt_xfer
 .text.dcd_edpt_stall
                0x10005d60       0x2c pico-nrf24/examples/primary_transmitter/CMakeFiles/primary_transmitter.dir/110e6145e503fc7aa6745e42b3a42f3c/lib/tinyusb/src/portable/raspberrypi/rp2040/dcd_rp2040.c.obj
                0x10005d60                dcd_edpt_stall
 .text.dcd_edpt_clear_stall
                0x10005d8c       0x20 pico-nrf24/examples/primary_transmitter/CMakeFiles/primary_transmitter.dir/110e6145e503fc7aa6745e42b3a42f3c/lib/tinyusb/src/portable/raspberrypi/rp2040/dcd_rp2040.c.obj
                0x10005d8c                dcd_edpt_clear_stall
 .text.rp2040_usb_init
                0x10005dac       0x4c pico-nrf24/examples/primary_transmitter/CMakeFiles/primary_transmitter.dir/110e6145e503fc7aa6745e42b3a42f3c/lib/tinyusb/src/portable/raspberrypi/rp2040/rp2040_usb.c.obj
                0x10005dac                rp2040_usb_init
 .text.hw_endpoint_xfer_start
                0x10005df8       0x50 pico-nrf24/examples/primary_transmitter/CMakeFiles/primary_transmitter.dir/110e6145e503fc7aa6745e42b3a42f3c/lib/tinyusb/src/portable/raspberrypi/rp2040/rp2040_usb.c.obj
                0x10005df8                hw_endpoint_xfer_start
 .text.configuration_reset
                0x10005e48       0x84 pico-nrf24/examples/primary_transmitter/CMakeFiles/primary_transmitter.dir/C_/Program_Files/Raspberry_Pi/Pico_SDK_v1.5.0/pico-sdk/lib/tinyusb/src/device/usbd.c.obj
 .text.usbd_reset
                0x10005ecc        0xc pico-nrf24/examples/primary_transmitter/CMakeFiles/primary_transmitter.dir/C_/Program_Files/Raspberry_Pi/Pico_SDK_v1.5.0/pico-sdk/lib/tinyusb/src/device/usbd.c.obj
 .text.invoke_class_control
                0x10005ed8       0x1a pico-nrf24/examples/primary_transmitter/CMakeFiles/primary_transmitter.dir/C_/Program_Files/Raspberry_Pi/Pico_SDK_v1.5.0/pico-sdk/lib/tinyusb/src/device/usbd.c.obj
 *fill*         0x10005ef2        0x2 
 .text.process_set_config
                0x10005ef4      0x178 pico-nrf24/examples/primary_transmitter/CMakeFiles/primary_transmitter.dir/C_/Program_Files/Raspberry_Pi/Pico_SDK_v1.5.0/pico-sdk/lib/tinyusb/src/device/usbd.c.obj
 .text.process_get_descriptor
                0x1000606c       0xdc pico-nrf24/examples/primary_transmitter/CMakeFiles/primary_transmitter.dir/C_/Program_Files/Raspberry_Pi/Pico_SDK_v1.5.0/pico-sdk/lib/tinyusb/src/device/usbd.c.obj
 .text.tud_mounted
                0x10006148       0x10 pico-nrf24/examples/primary_transmitter/CMakeFiles/primary_transmitter.dir/C_/Program_Files/Raspberry_Pi/Pico_SDK_v1.5.0/pico-sdk/lib/tinyusb/src/device/usbd.c.obj
                0x10006148                tud_mounted
 .text.tud_suspended
                0x10006158       0x10 pico-nrf24/examples/primary_transmitter/CMakeFiles/primary_transmitter.dir/C_/Program_Files/Raspberry_Pi/Pico_SDK_v1.5.0/pico-sdk/lib/tinyusb/src/device/usbd.c.obj
                0x10006158                tud_suspended
 .text.tud_inited
                0x10006168       0x14 pico-nrf24/examples/primary_transmitter/CMakeFiles/primary_transmitter.dir/C_/Program_Files/Raspberry_Pi/Pico_SDK_v1.5.0/pico-sdk/lib/tinyusb/src/device/usbd.c.obj
                0x10006168                tud_inited
 .text.tud_init
                0x1000617c       0xcc pico-nrf24/examples/primary_transmitter/CMakeFiles/primary_transmitter.dir/C_/Program_Files/Raspberry_Pi/Pico_SDK_v1.5.0/pico-sdk/lib/tinyusb/src/device/usbd.c.obj
                0x1000617c                tud_init
 .text.usbd_defer_func
                0x10006248       0x2a pico-nrf24/examples/primary_transmitter/CMakeFiles/primary_transmitter.dir/C_/Program_Files/Raspberry_Pi/Pico_SDK_v1.5.0/pico-sdk/lib/tinyusb/src/device/usbd.c.obj
                0x10006248                usbd_defer_func
 *fill*         0x10006272        0x2 
 .text.usbd_edpt_open
                0x10006274       0x34 pico-nrf24/examples/primary_transmitter/CMakeFiles/primary_transmitter.dir/C_/Program_Files/Raspberry_Pi/Pico_SDK_v1.5.0/pico-sdk/lib/tinyusb/src/device/usbd.c.obj
                0x10006274                usbd_edpt_open
 .text.usbd_open_edpt_pair
                0x100062a8       0x62 pico-nrf24/examples/primary_transmitter/CMakeFiles/primary_transmitter.dir/C_/Program_Files/Raspberry_Pi/Pico_SDK_v1.5.0/pico-sdk/lib/tinyusb/src/device/usbd.c.obj
                0x100062a8                usbd_open_edpt_pair
 *fill*         0x1000630a        0x2 
 .text.usbd_edpt_claim
                0x1000630c       0x28 pico-nrf24/examples/primary_transmitter/CMakeFiles/primary_transmitter.dir/C_/Program_Files/Raspberry_Pi/Pico_SDK_v1.5.0/pico-sdk/lib/tinyusb/src/device/usbd.c.obj
                0x1000630c                usbd_edpt_claim
 .text.usbd_edpt_release
                0x10006334       0x28 pico-nrf24/examples/primary_transmitter/CMakeFiles/primary_transmitter.dir/C_/Program_Files/Raspberry_Pi/Pico_SDK_v1.5.0/pico-sdk/lib/tinyusb/src/device/usbd.c.obj
                0x10006334                usbd_edpt_release
 .text.usbd_edpt_xfer
                0x1000635c       0x78 pico-nrf24/examples/primary_transmitter/CMakeFiles/primary_transmitter.dir/C_/Program_Files/Raspberry_Pi/Pico_SDK_v1.5.0/pico-sdk/lib/tinyusb/src/device/usbd.c.obj
                0x1000635c                usbd_edpt_xfer
 .text.usbd_edpt_stall
                0x100063d4       0x48 pico-nrf24/examples/primary_transmitter/CMakeFiles/primary_transmitter.dir/C_/Program_Files/Raspberry_Pi/Pico_SDK_v1.5.0/pico-sdk/lib/tinyusb/src/device/usbd.c.obj
                0x100063d4                usbd_edpt_stall
 .text.usbd_edpt_clear_stall
                0x1000641c       0x48 pico-nrf24/examples/primary_transmitter/CMakeFiles/primary_transmitter.dir/C_/Program_Files/Raspberry_Pi/Pico_SDK_v1.5.0/pico-sdk/lib/tinyusb/src/device/usbd.c.obj
                0x1000641c                usbd_edpt_clear_stall
 .text.usbd_edpt_stalled
                0x10006464       0x1c pico-nrf24/examples/primary_transmitter/CMakeFiles/primary_transmitter.dir/C_/Program_Files/Raspberry_Pi/Pico_SDK_v1.5.0/pico-sdk/lib/tinyusb/src/device/usbd.c.obj
                0x10006464                usbd_edpt_stalled
 .text.process_control_request
                0x10006480      0x37c pico-nrf24/examples/primary_transmitter/CMakeFiles/primary_transmitter.dir/C_/Program_Files/Raspberry_Pi/Pico_SDK_v1.5.0/pico-sdk/lib/tinyusb/src/device/usbd.c.obj
 .text.tud_task_ext
                0x100067fc      0x1b4 pico-nrf24/examples/primary_transmitter/CMakeFiles/primary_transmitter.dir/C_/Program_Files/Raspberry_Pi/Pico_SDK_v1.5.0/pico-sdk/lib/tinyusb/src/device/usbd.c.obj
                0x100067fc                tud_task_ext
 .text._data_stage_xact
                0x100069b0       0x58 pico-nrf24/examples/primary_transmitter/CMakeFiles/primary_transmitter.dir/C_/Program_Files/Raspberry_Pi/Pico_SDK_v1.5.0/pico-sdk/lib/tinyusb/src/device/usbd_control.c.obj
 .text.tud_control_status
                0x10006a08       0x38 pico-nrf24/examples/primary_transmitter/CMakeFiles/primary_transmitter.dir/C_/Program_Files/Raspberry_Pi/Pico_SDK_v1.5.0/pico-sdk/lib/tinyusb/src/device/usbd_control.c.obj
                0x10006a08                tud_control_status
 .text.tud_control_xfer
                0x10006a40       0x74 pico-nrf24/examples/primary_transmitter/CMakeFiles/primary_transmitter.dir/C_/Program_Files/Raspberry_Pi/Pico_SDK_v1.5.0/pico-sdk/lib/tinyusb/src/device/usbd_control.c.obj
                0x10006a40                tud_control_xfer
 .text.usbd_control_reset
                0x10006ab4       0x14 pico-nrf24/examples/primary_transmitter/CMakeFiles/primary_transmitter.dir/C_/Program_Files/Raspberry_Pi/Pico_SDK_v1.5.0/pico-sdk/lib/tinyusb/src/device/usbd_control.c.obj
                0x10006ab4                usbd_control_reset
 .text.usbd_control_set_complete_callback
                0x10006ac8        0xc pico-nrf24/examples/primary_transmitter/CMakeFiles/primary_transmitter.dir/C_/Program_Files/Raspberry_Pi/Pico_SDK_v1.5.0/pico-sdk/lib/tinyusb/src/device/usbd_control.c.obj
                0x10006ac8                usbd_control_set_complete_callback
 .text.usbd_control_set_request
                0x10006ad4       0x1c pico-nrf24/examples/primary_transmitter/CMakeFiles/primary_transmitter.dir/C_/Program_Files/Raspberry_Pi/Pico_SDK_v1.5.0/pico-sdk/lib/tinyusb/src/device/usbd_control.c.obj
                0x10006ad4                usbd_control_set_request
 .text.usbd_control_xfer_cb
                0x10006af0       0xcc pico-nrf24/examples/primary_transmitter/CMakeFiles/primary_transmitter.dir/C_/Program_Files/Raspberry_Pi/Pico_SDK_v1.5.0/pico-sdk/lib/tinyusb/src/device/usbd_control.c.obj
                0x10006af0                usbd_control_xfer_cb
 .text._prep_out_transaction
                0x10006bbc       0x4a pico-nrf24/examples/primary_transmitter/CMakeFiles/primary_transmitter.dir/C_/Program_Files/Raspberry_Pi/Pico_SDK_v1.5.0/pico-sdk/lib/tinyusb/src/class/cdc/cdc_device.c.obj
 *fill*         0x10006c06        0x2 
 .text.tud_cdc_n_connected
                0x10006c08       0x44 pico-nrf24/examples/primary_transmitter/CMakeFiles/primary_transmitter.dir/C_/Program_Files/Raspberry_Pi/Pico_SDK_v1.5.0/pico-sdk/lib/tinyusb/src/class/cdc/cdc_device.c.obj
                0x10006c08                tud_cdc_n_connected
 .text.tud_cdc_n_available
                0x10006c4c       0x18 pico-nrf24/examples/primary_transmitter/CMakeFiles/primary_transmitter.dir/C_/Program_Files/Raspberry_Pi/Pico_SDK_v1.5.0/pico-sdk/lib/tinyusb/src/class/cdc/cdc_device.c.obj
                0x10006c4c                tud_cdc_n_available
 .text.tud_cdc_n_read
                0x10006c64       0x28 pico-nrf24/examples/primary_transmitter/CMakeFiles/primary_transmitter.dir/C_/Program_Files/Raspberry_Pi/Pico_SDK_v1.5.0/pico-sdk/lib/tinyusb/src/class/cdc/cdc_device.c.obj
                0x10006c64                tud_cdc_n_read
 .text.tud_cdc_n_write_flush
                0x10006c8c       0xb8 pico-nrf24/examples/primary_transmitter/CMakeFiles/primary_transmitter.dir/C_/Program_Files/Raspberry_Pi/Pico_SDK_v1.5.0/pico-sdk/lib/tinyusb/src/class/cdc/cdc_device.c.obj
                0x10006c8c                tud_cdc_n_write_flush
 .text.tud_cdc_n_write
                0x10006d44       0x38 pico-nrf24/examples/primary_transmitter/CMakeFiles/primary_transmitter.dir/C_/Program_Files/Raspberry_Pi/Pico_SDK_v1.5.0/pico-sdk/lib/tinyusb/src/class/cdc/cdc_device.c.obj
                0x10006d44                tud_cdc_n_write
 .text.tud_cdc_n_write_available
                0x10006d7c       0x1c pico-nrf24/examples/primary_transmitter/CMakeFiles/primary_transmitter.dir/C_/Program_Files/Raspberry_Pi/Pico_SDK_v1.5.0/pico-sdk/lib/tinyusb/src/class/cdc/cdc_device.c.obj
                0x10006d7c                tud_cdc_n_write_available
 .text.cdcd_init
                0x10006d98       0xbc pico-nrf24/examples/primary_transmitter/CMakeFiles/primary_transmitter.dir/C_/Program_Files/Raspberry_Pi/Pico_SDK_v1.5.0/pico-sdk/lib/tinyusb/src/class/cdc/cdc_device.c.obj
                0x10006d98                cdcd_init
 .text.cdcd_reset
                0x10006e54       0x44 pico-nrf24/examples/primary_transmitter/CMakeFiles/primary_transmitter.dir/C_/Program_Files/Raspberry_Pi/Pico_SDK_v1.5.0/pico-sdk/lib/tinyusb/src/class/cdc/cdc_device.c.obj
                0x10006e54                cdcd_reset
 .text.cdcd_open
                0x10006e98       0xcc pico-nrf24/examples/primary_transmitter/CMakeFiles/primary_transmitter.dir/C_/Program_Files/Raspberry_Pi/Pico_SDK_v1.5.0/pico-sdk/lib/tinyusb/src/class/cdc/cdc_device.c.obj
                0x10006e98                cdcd_open
 .text.cdcd_control_xfer_cb
                0x10006f64      0x134 pico-nrf24/examples/primary_transmitter/CMakeFiles/primary_transmitter.dir/C_/Program_Files/Raspberry_Pi/Pico_SDK_v1.5.0/pico-sdk/lib/tinyusb/src/class/cdc/cdc_device.c.obj
                0x10006f64                cdcd_control_xfer_cb
 .text.cdcd_xfer_cb
                0x10007098      0x130 pico-nrf24/examples/primary_transmitter/CMakeFiles/primary_transmitter.dir/C_/Program_Files/Raspberry_Pi/Pico_SDK_v1.5.0/pico-sdk/lib/tinyusb/src/class/cdc/cdc_device.c.obj
                0x10007098                cdcd_xfer_cb
 .text.tusb_init
                0x100071c8        0xa pico-nrf24/examples/primary_transmitter/CMakeFiles/primary_transmitter.dir/C_/Program_Files/Raspberry_Pi/Pico_SDK_v1.5.0/pico-sdk/lib/tinyusb/src/tusb.c.obj
                0x100071c8                tusb_init
 .text.tusb_inited
                0x100071d2        0xe pico-nrf24/examples/primary_transmitter/CMakeFiles/primary_transmitter.dir/C_/Program_Files/Raspberry_Pi/Pico_SDK_v1.5.0/pico-sdk/lib/tinyusb/src/tusb.c.obj
                0x100071d2                tusb_inited
 .text.tu_edpt_claim
                0x100071e0       0x50 pico-nrf24/examples/primary_transmitter/CMakeFiles/primary_transmitter.dir/C_/Program_Files/Raspberry_Pi/Pico_SDK_v1.5.0/pico-sdk/lib/tinyusb/src/tusb.c.obj
                0x100071e0                tu_edpt_claim
 .text.tu_edpt_release
                0x10007230       0x3c pico-nrf24/examples/primary_transmitter/CMakeFiles/primary_transmitter.dir/C_/Program_Files/Raspberry_Pi/Pico_SDK_v1.5.0/pico-sdk/lib/tinyusb/src/tusb.c.obj
                0x10007230                tu_edpt_release
 .text.tu_edpt_validate
                0x1000726c       0x78 pico-nrf24/examples/primary_transmitter/CMakeFiles/primary_transmitter.dir/C_/Program_Files/Raspberry_Pi/Pico_SDK_v1.5.0/pico-sdk/lib/tinyusb/src/tusb.c.obj
                0x1000726c                tu_edpt_validate
 .text.tu_edpt_bind_driver
                0x100072e4       0x26 pico-nrf24/examples/primary_transmitter/CMakeFiles/primary_transmitter.dir/C_/Program_Files/Raspberry_Pi/Pico_SDK_v1.5.0/pico-sdk/lib/tinyusb/src/tusb.c.obj
                0x100072e4                tu_edpt_bind_driver
 .text.advance_index
                0x1000730a       0x1a pico-nrf24/examples/primary_transmitter/CMakeFiles/primary_transmitter.dir/C_/Program_Files/Raspberry_Pi/Pico_SDK_v1.5.0/pico-sdk/lib/tinyusb/src/common/tusb_fifo.c.obj
 .text._tu_fifo_peek
                0x10007324       0x56 pico-nrf24/examples/primary_transmitter/CMakeFiles/primary_transmitter.dir/C_/Program_Files/Raspberry_Pi/Pico_SDK_v1.5.0/pico-sdk/lib/tinyusb/src/common/tusb_fifo.c.obj
 .text._ff_pull_const_addr
                0x1000737a       0x4c pico-nrf24/examples/primary_transmitter/CMakeFiles/primary_transmitter.dir/C_/Program_Files/Raspberry_Pi/Pico_SDK_v1.5.0/pico-sdk/lib/tinyusb/src/common/tusb_fifo.c.obj
 .text._ff_pull_n
                0x100073c6      0x110 pico-nrf24/examples/primary_transmitter/CMakeFiles/primary_transmitter.dir/C_/Program_Files/Raspberry_Pi/Pico_SDK_v1.5.0/pico-sdk/lib/tinyusb/src/common/tusb_fifo.c.obj
 .text._tu_fifo_peek_n
                0x100074d6       0x6a pico-nrf24/examples/primary_transmitter/CMakeFiles/primary_transmitter.dir/C_/Program_Files/Raspberry_Pi/Pico_SDK_v1.5.0/pico-sdk/lib/tinyusb/src/common/tusb_fifo.c.obj
 .text._tu_fifo_read_n
                0x10007540       0x4e pico-nrf24/examples/primary_transmitter/CMakeFiles/primary_transmitter.dir/C_/Program_Files/Raspberry_Pi/Pico_SDK_v1.5.0/pico-sdk/lib/tinyusb/src/common/tusb_fifo.c.obj
 .text._ff_push_const_addr
                0x1000758e       0x40 pico-nrf24/examples/primary_transmitter/CMakeFiles/primary_transmitter.dir/C_/Program_Files/Raspberry_Pi/Pico_SDK_v1.5.0/pico-sdk/lib/tinyusb/src/common/tusb_fifo.c.obj
 .text._ff_push_n
                0x100075ce      0x10c pico-nrf24/examples/primary_transmitter/CMakeFiles/primary_transmitter.dir/C_/Program_Files/Raspberry_Pi/Pico_SDK_v1.5.0/pico-sdk/lib/tinyusb/src/common/tusb_fifo.c.obj
 .text._tu_fifo_write_n
                0x100076da       0xf0 pico-nrf24/examples/primary_transmitter/CMakeFiles/primary_transmitter.dir/C_/Program_Files/Raspberry_Pi/Pico_SDK_v1.5.0/pico-sdk/lib/tinyusb/src/common/tusb_fifo.c.obj
 .text.tu_fifo_config
                0x100077ca       0x7c pico-nrf24/examples/primary_transmitter/CMakeFiles/primary_transmitter.dir/C_/Program_Files/Raspberry_Pi/Pico_SDK_v1.5.0/pico-sdk/lib/tinyusb/src/common/tusb_fifo.c.obj
                0x100077ca                tu_fifo_config
 .text.tu_fifo_count
                0x10007846       0x2a pico-nrf24/examples/primary_transmitter/CMakeFiles/primary_transmitter.dir/C_/Program_Files/Raspberry_Pi/Pico_SDK_v1.5.0/pico-sdk/lib/tinyusb/src/common/tusb_fifo.c.obj
                0x10007846                tu_fifo_count
 .text.tu_fifo_empty
                0x10007870       0x10 pico-nrf24/examples/primary_transmitter/CMakeFiles/primary_transmitter.dir/C_/Program_Files/Raspberry_Pi/Pico_SDK_v1.5.0/pico-sdk/lib/tinyusb/src/common/tusb_fifo.c.obj
                0x10007870                tu_fifo_empty
 .text.tu_fifo_full
                0x10007880       0x28 pico-nrf24/examples/primary_transmitter/CMakeFiles/primary_transmitter.dir/C_/Program_Files/Raspberry_Pi/Pico_SDK_v1.5.0/pico-sdk/lib/tinyusb/src/common/tusb_fifo.c.obj
                0x10007880                tu_fifo_full
 .text.tu_fifo_remaining
                0x100078a8       0x2c pico-nrf24/examples/primary_transmitter/CMakeFiles/primary_transmitter.dir/C_/Program_Files/Raspberry_Pi/Pico_SDK_v1.5.0/pico-sdk/lib/tinyusb/src/common/tusb_fifo.c.obj
                0x100078a8                tu_fifo_remaining
 .text.tu_fifo_read
                0x100078d4       0x42 pico-nrf24/examples/primary_transmitter/CMakeFiles/primary_transmitter.dir/C_/Program_Files/Raspberry_Pi/Pico_SDK_v1.5.0/pico-sdk/lib/tinyusb/src/common/tusb_fifo.c.obj
                0x100078d4                tu_fifo_read
 .text.tu_fifo_read_n
                0x10007916        0xa pico-nrf24/examples/primary_transmitter/CMakeFiles/primary_transmitter.dir/C_/Program_Files/Raspberry_Pi/Pico_SDK_v1.5.0/pico-sdk/lib/tinyusb/src/common/tusb_fifo.c.obj
                0x10007916                tu_fifo_read_n
 .text.tu_fifo_write
                0x10007920       0x64 pico-nrf24/examples/primary_transmitter/CMakeFiles/primary_transmitter.dir/C_/Program_Files/Raspberry_Pi/Pico_SDK_v1.5.0/pico-sdk/lib/tinyusb/src/common/tusb_fifo.c.obj
                0x10007920                tu_fifo_write
 .text.tu_fifo_write_n
                0x10007984        0xa pico-nrf24/examples/primary_transmitter/CMakeFiles/primary_transmitter.dir/C_/Program_Files/Raspberry_Pi/Pico_SDK_v1.5.0/pico-sdk/lib/tinyusb/src/common/tusb_fifo.c.obj
                0x10007984                tu_fifo_write_n
 .text.tu_fifo_clear
                0x1000798e       0x3e pico-nrf24/examples/primary_transmitter/CMakeFiles/primary_transmitter.dir/C_/Program_Files/Raspberry_Pi/Pico_SDK_v1.5.0/pico-sdk/lib/tinyusb/src/common/tusb_fifo.c.obj
                0x1000798e                tu_fifo_clear
 .text.tu_fifo_set_overwritable
                0x100079cc       0x46 pico-nrf24/examples/primary_transmitter/CMakeFiles/primary_transmitter.dir/C_/Program_Files/Raspberry_Pi/Pico_SDK_v1.5.0/pico-sdk/lib/tinyusb/src/common/tusb_fifo.c.obj
                0x100079cc                tu_fifo_set_overwritable
 *fill*         0x10007a12        0x2 
 .text.spi_deinit
                0x10007a14       0x34 pico-nrf24/examples/primary_transmitter/CMakeFiles/primary_transmitter.dir/C_/Program_Files/Raspberry_Pi/Pico_SDK_v1.5.0/pico-sdk/src/rp2_common/hardware_spi/spi.c.obj
                0x10007a14                spi_deinit
 .text.spi_set_baudrate
                0x10007a48       0x92 pico-nrf24/examples/primary_transmitter/CMakeFiles/primary_transmitter.dir/C_/Program_Files/Raspberry_Pi/Pico_SDK_v1.5.0/pico-sdk/src/rp2_common/hardware_spi/spi.c.obj
                0x10007a48                spi_set_baudrate
 *fill*         0x10007ada        0x2 
 .text.spi_init
                0x10007adc       0x68 pico-nrf24/examples/primary_transmitter/CMakeFiles/primary_transmitter.dir/C_/Program_Files/Raspberry_Pi/Pico_SDK_v1.5.0/pico-sdk/src/rp2_common/hardware_spi/spi.c.obj
                0x10007adc                spi_init
 .text.strlen   0x10007b44       0x5c c:/progra~1/raspbe~1/picosd~1.0/gcc-ar~1/bin/../lib/gcc/arm-none-eabi/10.3.1/../../../../arm-none-eabi/lib/thumb/v6-m/nofp\libg.a(lib_a-strlen-stub.o)
                0x10007b44                strlen
 *(.fini)
 .fini          0x10007ba0        0x4 c:/progra~1/raspbe~1/picosd~1.0/gcc-ar~1/bin/../lib/gcc/arm-none-eabi/10.3.1/thumb/v6-m/nofp/crti.o
                0x10007ba0                _fini
 *fill*         0x10007ba4        0x4 
 .fini.__stub   0x10007ba8      0x100 linker stubs
 *crtbegin.o(.ctors)
 *crtbegin?.o(.ctors)
 *(EXCLUDE_FILE(*crtend.o *crtend?.o) .ctors)
 *(SORT_BY_NAME(.ctors.*))
 *(.ctors)
 *crtbegin.o(.dtors)
 *crtbegin?.o(.dtors)
 *(EXCLUDE_FILE(*crtend.o *crtend?.o) .dtors)
 *(SORT_BY_NAME(.dtors.*))
 *(.dtors)
 *(.eh_frame*)
 .eh_frame      0x10007ca8        0x0 c:/progra~1/raspbe~1/picosd~1.0/gcc-ar~1/bin/../lib/gcc/arm-none-eabi/10.3.1/thumb/v6-m/nofp/crtbegin.o
                0x10007ca8                . = ALIGN (0x4)

.glue_7         0x10007ca8        0x0
 .glue_7        0x10007ca8        0x0 linker stubs

.glue_7t        0x10007ca8        0x0
 .glue_7t       0x10007ca8        0x0 linker stubs

.vfp11_veneer   0x10007ca8        0x0
 .vfp11_veneer  0x10007ca8        0x0 linker stubs

.v4_bx          0x10007ca8        0x0
 .v4_bx         0x10007ca8        0x0 linker stubs

.iplt           0x10007ca8        0x0
 .iplt          0x10007ca8        0x0 c:/progra~1/raspbe~1/picosd~1.0/gcc-ar~1/bin/../lib/gcc/arm-none-eabi/10.3.1/thumb/v6-m/nofp/crtbegin.o

.rodata         0x10007ca8     0x1874
 *(EXCLUDE_FILE(*libm.a: *libc.a:*lib_a-mem*.o *libgcc.a:) .rodata*)
 .rodata.main.str1.4
                0x10007ca8      0x14a pico-nrf24/examples/primary_transmitter/CMakeFiles/primary_transmitter.dir/primary_transmitter.c.obj
 *fill*         0x10007df2        0x2 
 .rodata        0x10007df4       0x29 pico-nrf24/examples/primary_transmitter/CMakeFiles/primary_transmitter.dir/primary_transmitter.c.obj
 *fill*         0x10007e1d        0x3 
 .rodata.__func__.0
                0x10007e20       0x15 pico-nrf24/examples/primary_transmitter/CMakeFiles/primary_transmitter.dir/primary_transmitter.c.obj
 *fill*         0x10007e35        0x3 
 .rodata.nrf_driver_rx_destination.str1.4
                0x10007e38        0x7 pico-nrf24/examples/primary_transmitter/CMakeFiles/primary_transmitter.dir/__/__/lib/nrf24l01/nrf24_driver.c.obj
 *fill*         0x10007e3f        0x1 
 .rodata        0x10007e40       0x12 pico-nrf24/examples/primary_transmitter/CMakeFiles/primary_transmitter.dir/__/__/lib/nrf24l01/nrf24_driver.c.obj
 *fill*         0x10007e52        0x2 
 .rodata.spin_lock_claim_unused.str1.4
                0x10007e54       0x1b pico-nrf24/examples/primary_transmitter/CMakeFiles/primary_transmitter.dir/C_/Program_Files/Raspberry_Pi/Pico_SDK_v1.5.0/pico-sdk/src/rp2_common/hardware_sync/sync.c.obj
 *fill*         0x10007e6f        0x1 
 .rodata.make_branch.str1.4
                0x10007e70       0x89 pico-nrf24/examples/primary_transmitter/CMakeFiles/primary_transmitter.dir/C_/Program_Files/Raspberry_Pi/Pico_SDK_v1.5.0/pico-sdk/src/rp2_common/hardware_irq/irq.c.obj
 *fill*         0x10007ef9        0x3 
 .rodata.insert_branch_and_link.str1.4
                0x10007efc       0x10 pico-nrf24/examples/primary_transmitter/CMakeFiles/primary_transmitter.dir/C_/Program_Files/Raspberry_Pi/Pico_SDK_v1.5.0/pico-sdk/src/rp2_common/hardware_irq/irq.c.obj
 .rodata.irq_set_exclusive_handler.str1.4
                0x10007f0c       0x36 pico-nrf24/examples/primary_transmitter/CMakeFiles/primary_transmitter.dir/C_/Program_Files/Raspberry_Pi/Pico_SDK_v1.5.0/pico-sdk/src/rp2_common/hardware_irq/irq.c.obj
 *fill*         0x10007f42        0x2 
 .rodata.irq_add_shared_handler.str1.4
                0x10007f44       0xd9 pico-nrf24/examples/primary_transmitter/CMakeFiles/primary_transmitter.dir/C_/Program_Files/Raspberry_Pi/Pico_SDK_v1.5.0/pico-sdk/src/rp2_common/hardware_irq/irq.c.obj
 *fill*         0x1000801d        0x3 
 .rodata.irq_remove_handler.str1.4
                0x10008020       0x3a pico-nrf24/examples/primary_transmitter/CMakeFiles/primary_transmitter.dir/C_/Program_Files/Raspberry_Pi/Pico_SDK_v1.5.0/pico-sdk/src/rp2_common/hardware_irq/irq.c.obj
 *fill*         0x1000805a        0x2 
 .rodata.irq_add_tail_to_free_list.str1.4
                0x1000805c       0x3a pico-nrf24/examples/primary_transmitter/CMakeFiles/primary_transmitter.dir/C_/Program_Files/Raspberry_Pi/Pico_SDK_v1.5.0/pico-sdk/src/rp2_common/hardware_irq/irq.c.obj
 *fill*         0x10008096        0x2 
 .rodata.user_irq_claim_unused.str1.4
                0x10008098       0x1b pico-nrf24/examples/primary_transmitter/CMakeFiles/primary_transmitter.dir/C_/Program_Files/Raspberry_Pi/Pico_SDK_v1.5.0/pico-sdk/src/rp2_common/hardware_irq/irq.c.obj
 *fill*         0x100080b3        0x1 
 .rodata.__func__.0
                0x100080b4       0x1a pico-nrf24/examples/primary_transmitter/CMakeFiles/primary_transmitter.dir/C_/Program_Files/Raspberry_Pi/Pico_SDK_v1.5.0/pico-sdk/src/rp2_common/hardware_irq/irq.c.obj
 *fill*         0x100080ce        0x2 
 .rodata.__func__.1
                0x100080d0       0x17 pico-nrf24/examples/primary_transmitter/CMakeFiles/primary_transmitter.dir/C_/Program_Files/Raspberry_Pi/Pico_SDK_v1.5.0/pico-sdk/src/rp2_common/hardware_irq/irq.c.obj
 *fill*         0x100080e7        0x1 
 .rodata.__func__.2
                0x100080e8       0x13 pico-nrf24/examples/primary_transmitter/CMakeFiles/primary_transmitter.dir/C_/Program_Files/Raspberry_Pi/Pico_SDK_v1.5.0/pico-sdk/src/rp2_common/hardware_irq/irq.c.obj
 *fill*         0x100080fb        0x1 
 .rodata.__func__.3
                0x100080fc        0xc pico-nrf24/examples/primary_transmitter/CMakeFiles/primary_transmitter.dir/C_/Program_Files/Raspberry_Pi/Pico_SDK_v1.5.0/pico-sdk/src/rp2_common/hardware_irq/irq.c.obj
 .rodata.__func__.4
                0x10008108        0xf pico-nrf24/examples/primary_transmitter/CMakeFiles/primary_transmitter.dir/C_/Program_Files/Raspberry_Pi/Pico_SDK_v1.5.0/pico-sdk/src/rp2_common/hardware_irq/irq.c.obj
 *fill*         0x10008117        0x1 
 .rodata.__func__.5
                0x10008118       0x17 pico-nrf24/examples/primary_transmitter/CMakeFiles/primary_transmitter.dir/C_/Program_Files/Raspberry_Pi/Pico_SDK_v1.5.0/pico-sdk/src/rp2_common/hardware_irq/irq.c.obj
 *fill*         0x1000812f        0x1 
 .rodata.__func__.6
                0x10008130       0x1a pico-nrf24/examples/primary_transmitter/CMakeFiles/primary_transmitter.dir/C_/Program_Files/Raspberry_Pi/Pico_SDK_v1.5.0/pico-sdk/src/rp2_common/hardware_irq/irq.c.obj
 *fill*         0x1000814a        0x2 
 .rodata.str1.4
                0x1000814c       0xa5 pico-nrf24/examples/primary_transmitter/CMakeFiles/primary_transmitter.dir/C_/Program_Files/Raspberry_Pi/Pico_SDK_v1.5.0/pico-sdk/src/common/pico_sync/mutex.c.obj
                                0x125 (size before relaxing)
 *fill*         0x100081f1        0x3 
 .rodata.__func__.1
                0x100081f4        0xb pico-nrf24/examples/primary_transmitter/CMakeFiles/primary_transmitter.dir/C_/Program_Files/Raspberry_Pi/Pico_SDK_v1.5.0/pico-sdk/src/common/pico_sync/mutex.c.obj
 *fill*         0x100081ff        0x1 
 .rodata.__func__.3
                0x10008200       0x18 pico-nrf24/examples/primary_transmitter/CMakeFiles/primary_transmitter.dir/C_/Program_Files/Raspberry_Pi/Pico_SDK_v1.5.0/pico-sdk/src/common/pico_sync/mutex.c.obj
 .rodata.__func__.4
                0x10008218       0x15 pico-nrf24/examples/primary_transmitter/CMakeFiles/primary_transmitter.dir/C_/Program_Files/Raspberry_Pi/Pico_SDK_v1.5.0/pico-sdk/src/common/pico_sync/mutex.c.obj
 *fill*         0x1000822d        0x3 
 .rodata.repeating_timer_callback.str1.4
                0x10008230       0x67 pico-nrf24/examples/primary_transmitter/CMakeFiles/primary_transmitter.dir/C_/Program_Files/Raspberry_Pi/Pico_SDK_v1.5.0/pico-sdk/src/common/pico_time/time.c.obj
 *fill*         0x10008297        0x1 
 .rodata.timer_pool_entry_comparator.str1.4
                0x10008298       0x22 pico-nrf24/examples/primary_transmitter/CMakeFiles/primary_transmitter.dir/C_/Program_Files/Raspberry_Pi/Pico_SDK_v1.5.0/pico-sdk/src/common/pico_time/time.c.obj
 *fill*         0x100082ba        0x2 
 .rodata.ph_add_child_node.str1.4
                0x100082bc       0xb2 pico-nrf24/examples/primary_transmitter/CMakeFiles/primary_transmitter.dir/C_/Program_Files/Raspberry_Pi/Pico_SDK_v1.5.0/pico-sdk/src/common/pico_time/time.c.obj
 *fill*         0x1000836e        0x2 
 .rodata.add_alarm_under_lock.str1.4
                0x10008370       0x28 pico-nrf24/examples/primary_transmitter/CMakeFiles/primary_transmitter.dir/C_/Program_Files/Raspberry_Pi/Pico_SDK_v1.5.0/pico-sdk/src/common/pico_time/time.c.obj
                                 0x2b (size before relaxing)
 .rodata.alarm_pool_alarm_callback.str1.4
                0x10008398       0x98 pico-nrf24/examples/primary_transmitter/CMakeFiles/primary_transmitter.dir/C_/Program_Files/Raspberry_Pi/Pico_SDK_v1.5.0/pico-sdk/src/common/pico_time/time.c.obj
                                0x118 (size before relaxing)
 .rodata.alarm_pool_get_default.str1.4
                0x10008430       0x21 pico-nrf24/examples/primary_transmitter/CMakeFiles/primary_transmitter.dir/C_/Program_Files/Raspberry_Pi/Pico_SDK_v1.5.0/pico-sdk/src/common/pico_time/time.c.obj
 *fill*         0x10008451        0x3 
 .rodata.alarm_pool_cancel_alarm.str1.4
                0x10008454       0x27 pico-nrf24/examples/primary_transmitter/CMakeFiles/primary_transmitter.dir/C_/Program_Files/Raspberry_Pi/Pico_SDK_v1.5.0/pico-sdk/src/common/pico_time/time.c.obj
 *fill*         0x1000847b        0x1 
 .rodata.sleep_until.str1.4
                0x1000847c       0x4d pico-nrf24/examples/primary_transmitter/CMakeFiles/primary_transmitter.dir/C_/Program_Files/Raspberry_Pi/Pico_SDK_v1.5.0/pico-sdk/src/common/pico_time/time.c.obj
 *fill*         0x100084c9        0x3 
 .rodata.__func__.1
                0x100084cc       0x18 pico-nrf24/examples/primary_transmitter/CMakeFiles/primary_transmitter.dir/C_/Program_Files/Raspberry_Pi/Pico_SDK_v1.5.0/pico-sdk/src/common/pico_time/time.c.obj
 .rodata.__func__.10
                0x100084e4       0x15 pico-nrf24/examples/primary_transmitter/CMakeFiles/primary_transmitter.dir/C_/Program_Files/Raspberry_Pi/Pico_SDK_v1.5.0/pico-sdk/src/common/pico_time/time.c.obj
 *fill*         0x100084f9        0x3 
 .rodata.__func__.11
                0x100084fc       0x1a pico-nrf24/examples/primary_transmitter/CMakeFiles/primary_transmitter.dir/C_/Program_Files/Raspberry_Pi/Pico_SDK_v1.5.0/pico-sdk/src/common/pico_time/time.c.obj
 *fill*         0x10008516        0x2 
 .rodata.__func__.12
                0x10008518        0xa pico-nrf24/examples/primary_transmitter/CMakeFiles/primary_transmitter.dir/C_/Program_Files/Raspberry_Pi/Pico_SDK_v1.5.0/pico-sdk/src/common/pico_time/time.c.obj
 *fill*         0x10008522        0x2 
 .rodata.__func__.3
                0x10008524       0x17 pico-nrf24/examples/primary_transmitter/CMakeFiles/primary_transmitter.dir/C_/Program_Files/Raspberry_Pi/Pico_SDK_v1.5.0/pico-sdk/src/common/pico_time/time.c.obj
 *fill*         0x1000853b        0x1 
 .rodata.__func__.4
                0x1000853c       0x12 pico-nrf24/examples/primary_transmitter/CMakeFiles/primary_transmitter.dir/C_/Program_Files/Raspberry_Pi/Pico_SDK_v1.5.0/pico-sdk/src/common/pico_time/time.c.obj
 *fill*         0x1000854e        0x2 
 .rodata.__func__.5
                0x10008550        0xd pico-nrf24/examples/primary_transmitter/CMakeFiles/primary_transmitter.dir/C_/Program_Files/Raspberry_Pi/Pico_SDK_v1.5.0/pico-sdk/src/common/pico_time/time.c.obj
 *fill*         0x1000855d        0x3 
 .rodata.__func__.6
                0x10008560       0x12 pico-nrf24/examples/primary_transmitter/CMakeFiles/primary_transmitter.dir/C_/Program_Files/Raspberry_Pi/Pico_SDK_v1.5.0/pico-sdk/src/common/pico_time/time.c.obj
 *fill*         0x10008572        0x2 
 .rodata.__func__.7
                0x10008574        0xf pico-nrf24/examples/primary_transmitter/CMakeFiles/primary_transmitter.dir/C_/Program_Files/Raspberry_Pi/Pico_SDK_v1.5.0/pico-sdk/src/common/pico_time/time.c.obj
 *fill*         0x10008583        0x1 
 .rodata.__func__.8
                0x10008584        0xc pico-nrf24/examples/primary_transmitter/CMakeFiles/primary_transmitter.dir/C_/Program_Files/Raspberry_Pi/Pico_SDK_v1.5.0/pico-sdk/src/common/pico_time/time.c.obj
 .rodata.__func__.9
                0x10008590       0x15 pico-nrf24/examples/primary_transmitter/CMakeFiles/primary_transmitter.dir/C_/Program_Files/Raspberry_Pi/Pico_SDK_v1.5.0/pico-sdk/src/common/pico_time/time.c.obj
 *fill*         0x100085a5        0x3 
 .rodata.hardware_alarm_claim.str1.4
                0x100085a8       0x22 pico-nrf24/examples/primary_transmitter/CMakeFiles/primary_transmitter.dir/C_/Program_Files/Raspberry_Pi/Pico_SDK_v1.5.0/pico-sdk/src/rp2_common/hardware_timer/timer.c.obj
 *fill*         0x100085ca        0x2 
 .rodata.hardware_alarm_set_target.str1.4
                0x100085cc       0x81 pico-nrf24/examples/primary_transmitter/CMakeFiles/primary_transmitter.dir/C_/Program_Files/Raspberry_Pi/Pico_SDK_v1.5.0/pico-sdk/src/rp2_common/hardware_timer/timer.c.obj
 *fill*         0x1000864d        0x3 
 .rodata.__func__.0
                0x10008650       0x1a pico-nrf24/examples/primary_transmitter/CMakeFiles/primary_transmitter.dir/C_/Program_Files/Raspberry_Pi/Pico_SDK_v1.5.0/pico-sdk/src/rp2_common/hardware_timer/timer.c.obj
 .rodata.ph_add_child_node.str1.4
                0x1000866a       0xb2 pico-nrf24/examples/primary_transmitter/CMakeFiles/primary_transmitter.dir/C_/Program_Files/Raspberry_Pi/Pico_SDK_v1.5.0/pico-sdk/src/common/pico_util/pheap.c.obj
 *fill*         0x1000866a        0x2 
 .rodata.ph_remove_any_head.str1.4
                0x1000866c       0xa8 pico-nrf24/examples/primary_transmitter/CMakeFiles/primary_transmitter.dir/C_/Program_Files/Raspberry_Pi/Pico_SDK_v1.5.0/pico-sdk/src/common/pico_util/pheap.c.obj