Archive member included to satisfy reference by file (symbol)

c:/progra~1/raspbe~1/picosd~1.0/gcc-ar~1/bin/../lib/gcc/arm-none-eabi/10.3.1/thumb/v6-m/nofp\libgcc.a(_dvmd_tls.o)
                              CMakeFiles/telemetria_v1.dir/C_/Program_Files/Raspberry_Pi/Pico_SDK_v1.5.0/pico-sdk/src/rp2_common/pico_divider/divider.S.obj (__aeabi_idiv0)
c:/progra~1/raspbe~1/picosd~1.0/gcc-ar~1/bin/../lib/gcc/arm-none-eabi/10.3.1/../../../../arm-none-eabi/lib/thumb/v6-m/nofp\libg.a(lib_a-calloc.o)
                              CMakeFiles/telemetria_v1.dir/C_/Program_Files/Raspberry_Pi/Pico_SDK_v1.5.0/pico-sdk/src/rp2_common/pico_malloc/pico_malloc.c.obj (calloc)
c:/progra~1/raspbe~1/picosd~1.0/gcc-ar~1/bin/../lib/gcc/arm-none-eabi/10.3.1/../../../../arm-none-eabi/lib/thumb/v6-m/nofp\libg.a(lib_a-callocr.o)
                              c:/progra~1/raspbe~1/picosd~1.0/gcc-ar~1/bin/../lib/gcc/arm-none-eabi/10.3.1/../../../../arm-none-eabi/lib/thumb/v6-m/nofp\libg.a(lib_a-calloc.o) (_calloc_r)
c:/progra~1/raspbe~1/picosd~1.0/gcc-ar~1/bin/../lib/gcc/arm-none-eabi/10.3.1/../../../../arm-none-eabi/lib/thumb/v6-m/nofp\libg.a(lib_a-errno.o)
                              c:/progra~1/raspbe~1/picosd~1.0/gcc-ar~1/bin/../lib/gcc/arm-none-eabi/10.3.1/../../../../arm-none-eabi/lib/thumb/v6-m/nofp\libg.a(lib_a-callocr.o) (__errno)
c:/progra~1/raspbe~1/picosd~1.0/gcc-ar~1/bin/../lib/gcc/arm-none-eabi/10.3.1/../../../../arm-none-eabi/lib/thumb/v6-m/nofp\libg.a(lib_a-impure.o)
                              c:/progra~1/raspbe~1/picosd~1.0/gcc-ar~1/bin/../lib/gcc/arm-none-eabi/10.3.1/../../../../arm-none-eabi/lib/thumb/v6-m/nofp\libg.a(lib_a-calloc.o) (_impure_ptr)
c:/progra~1/raspbe~1/picosd~1.0/gcc-ar~1/bin/../lib/gcc/arm-none-eabi/10.3.1/../../../../arm-none-eabi/lib/thumb/v6-m/nofp\libg.a(lib_a-init.o)
                              c:/progra~1/raspbe~1/picosd~1.0/gcc-ar~1/bin/../lib/gcc/arm-none-eabi/10.3.1/../../../../arm-none-eabi/lib/thumb/v6-m/nofp/crt0.o (__libc_init_array)
c:/progra~1/raspbe~1/picosd~1.0/gcc-ar~1/bin/../lib/gcc/arm-none-eabi/10.3.1/../../../../arm-none-eabi/lib/thumb/v6-m/nofp\libg.a(lib_a-malloc.o)
                              CMakeFiles/telemetria_v1.dir/C_/Program_Files/Raspberry_Pi/Pico_SDK_v1.5.0/pico-sdk/src/rp2_common/pico_malloc/pico_malloc.c.obj (malloc)
c:/progra~1/raspbe~1/picosd~1.0/gcc-ar~1/bin/../lib/gcc/arm-none-eabi/10.3.1/../../../../arm-none-eabi/lib/thumb/v6-m/nofp\libg.a(lib_a-mallocr.o)
                              c:/progra~1/raspbe~1/picosd~1.0/gcc-ar~1/bin/../lib/gcc/arm-none-eabi/10.3.1/../../../../arm-none-eabi/lib/thumb/v6-m/nofp\libg.a(lib_a-callocr.o) (_malloc_r)
c:/progra~1/raspbe~1/picosd~1.0/gcc-ar~1/bin/../lib/gcc/arm-none-eabi/10.3.1/../../../../arm-none-eabi/lib/thumb/v6-m/nofp\libg.a(lib_a-mlock.o)
                              c:/progra~1/raspbe~1/picosd~1.0/gcc-ar~1/bin/../lib/gcc/arm-none-eabi/10.3.1/../../../../arm-none-eabi/lib/thumb/v6-m/nofp\libg.a(lib_a-mallocr.o) (__malloc_lock)
c:/progra~1/raspbe~1/picosd~1.0/gcc-ar~1/bin/../lib/gcc/arm-none-eabi/10.3.1/../../../../arm-none-eabi/lib/thumb/v6-m/nofp\libg.a(lib_a-realloc.o)
                              CMakeFiles/telemetria_v1.dir/C_/Program_Files/Raspberry_Pi/Pico_SDK_v1.5.0/pico-sdk/src/rp2_common/pico_malloc/pico_malloc.c.obj (realloc)
c:/progra~1/raspbe~1/picosd~1.0/gcc-ar~1/bin/../lib/gcc/arm-none-eabi/10.3.1/../../../../arm-none-eabi/lib/thumb/v6-m/nofp\libg.a(lib_a-reallocr.o)
                              c:/progra~1/raspbe~1/picosd~1.0/gcc-ar~1/bin/../lib/gcc/arm-none-eabi/10.3.1/../../../../arm-none-eabi/lib/thumb/v6-m/nofp\libg.a(lib_a-realloc.o) (_realloc_r)
c:/progra~1/raspbe~1/picosd~1.0/gcc-ar~1/bin/../lib/gcc/arm-none-eabi/10.3.1/../../../../arm-none-eabi/lib/thumb/v6-m/nofp\libg.a(lib_a-sbrkr.o)
                              c:/progra~1/raspbe~1/picosd~1.0/gcc-ar~1/bin/../lib/gcc/arm-none-eabi/10.3.1/../../../../arm-none-eabi/lib/thumb/v6-m/nofp\libg.a(lib_a-mallocr.o) (_sbrk_r)
c:/progra~1/raspbe~1/picosd~1.0/gcc-ar~1/bin/../lib/gcc/arm-none-eabi/10.3.1/../../../../arm-none-eabi/lib/thumb/v6-m/nofp\libg.a(lib_a-strlen-stub.o)
                              CMakeFiles/telemetria_v1.dir/C_/Program_Files/Raspberry_Pi/Pico_SDK_v1.5.0/pico-sdk/src/rp2_common/pico_stdio/stdio.c.obj (strlen)
c:/progra~1/raspbe~1/picosd~1.0/gcc-ar~1/bin/../lib/gcc/arm-none-eabi/10.3.1/../../../../arm-none-eabi/lib/thumb/v6-m/nofp\libg.a(lib_a-freer.o)
                              c:/progra~1/raspbe~1/picosd~1.0/gcc-ar~1/bin/../lib/gcc/arm-none-eabi/10.3.1/../../../../arm-none-eabi/lib/thumb/v6-m/nofp\libg.a(lib_a-malloc.o) (_free_r)
c:/progra~1/raspbe~1/picosd~1.0/gcc-ar~1/bin/../lib/gcc/arm-none-eabi/10.3.1/../../../../arm-none-eabi/lib/thumb/v6-m/nofp\libg.a(lib_a-lock.o)
                              c:/progra~1/raspbe~1/picosd~1.0/gcc-ar~1/bin/../lib/gcc/arm-none-eabi/10.3.1/../../../../arm-none-eabi/lib/thumb/v6-m/nofp\libg.a(lib_a-mlock.o) (__retarget_lock_acquire_recursive)
[...]
Memory Configuration

Name             Origin             Length             Attributes
FLASH            0x10000000         0x00200000         xr
RAM              0x20000000         0x00040000         xrw
SCRATCH_X        0x20040000         0x00001000         xrw
SCRATCH_Y        0x20041000         0x00001000         xrw
*default*        0x00000000         0xffffffff

Linker script and memory map

LOAD c:/progra~1/raspbe~1/picosd~1.0/gcc-ar~1/bin/../lib/gcc/arm-none-eabi/10.3.1/thumb/v6-m/nofp/crti.o
LOAD c:/progra~1/raspbe~1/picosd~1.0/gcc-ar~1/bin/../lib/gcc/arm-none-eabi/10.3.1/thumb/v6-m/nofp/crtbegin.o
LOAD c:/progra~1/raspbe~1/picosd~1.0/gcc-ar~1/bin/../lib/gcc/arm-none-eabi/10.3.1/../../../../arm-none-eabi/lib/thumb/v6-m/nofp/crt0.o

.flash_begin    0x10000000        0x0
                0x10000000                __flash_binary_start = .

.boot2          0x10000000      0x100
                0x10000000                __boot2_start__ = .
 *(.boot2)
 .boot2         0x10000000      0x100 C:\Users\Grupo\AppData\Local\Temp\ccOFD5MH.o
                0x10000100                __boot2_end__ = .
                0x00000001                ASSERT (((__boot2_end__ - __boot2_start__) == 0x100), ERROR: Pico second stage bootloader must be 256 bytes in size)

.text           0x10000100     0x7ba0
                0x10000100                __logical_binary_start = .
 *(.vectors)
 .vectors       0x10000100       0xd4 CMakeFiles/telemetria_v1.dir/C_/Program_Files/Raspberry_Pi/Pico_SDK_v1.5.0/pico-sdk/src/rp2_common/pico_standard_link/crt0.S.obj
                0x10000100                __VECTOR_TABLE
                0x10000100                __vectors
                0x100001c0                isr_invalid
                0x100001c0                __default_isrs_start
                0x100001c2                isr_nmi
                0x100001c4                isr_hardfault
                0x100001c6                isr_svcall
                0x100001c8                isr_pendsv
                0x100001ca                isr_systick
                0x100001cc                isr_irq23
                0x100001cc                isr_irq18
                0x100001cc                isr_irq11
                0x100001cc                isr_irq28
                0x100001cc                isr_irq19
                0x100001cc                isr_irq0
                0x100001cc                isr_irq6
                0x100001cc                isr_irq5
                0x100001cc                isr_irq12
                0x100001cc                isr_irq22
                0x100001cc                isr_irq31
                0x100001cc                isr_irq17
                0x100001cc                isr_irq27
                0x100001cc                isr_irq30
                0x100001cc                isr_irq2
                0x100001cc                isr_irq10
                0x100001cc                isr_irq8
                0x100001cc                isr_irq24
                0x100001cc                isr_irq1
                0x100001cc                isr_irq7
                0x100001cc                isr_irq21
                0x100001cc                isr_irq20
                0x100001cc                isr_irq15
                0x100001cc                isr_irq25
                0x100001cc                isr_irq13
                0x100001cc                __unhandled_user_irq
                0x100001cc                isr_irq4
                0x100001cc                isr_irq16
                0x100001cc                isr_irq29
                0x100001cc                isr_irq26
                0x100001cc                __default_isrs_end
                0x100001cc                isr_irq3
                0x100001cc                isr_irq14
                0x100001cc                isr_irq9
                0x100001d2                unhandled_user_irq_num_in_r0
 *(.binary_info_header)
 .binary_info_header
                0x100001d4       0x14 CMakeFiles/telemetria_v1.dir/C_/Program_Files/Raspberry_Pi/Pico_SDK_v1.5.0/pico-sdk/src/rp2_common/pico_standard_link/crt0.S.obj
                0x100001e8                __binary_info_header_end = .
 *(.reset)
 .reset         0x100001e8       0xa0 CMakeFiles/telemetria_v1.dir/C_/Program_Files/Raspberry_Pi/Pico_SDK_v1.5.0/pico-sdk/src/rp2_common/pico_standard_link/crt0.S.obj
                0x100001e8                _entry_point
 .reset         0x10000288       0x30 CMakeFiles/telemetria_v1.dir/C_/Program_Files/Raspberry_Pi/Pico_SDK_v1.5.0/pico-sdk/src/rp2_common/pico_standard_link/binary_info.c.obj
 *(.init)
 .init          0x100002b8        0x4 c:/progra~1/raspbe~1/picosd~1.0/gcc-ar~1/bin/../lib/gcc/arm-none-eabi/10.3.1/thumb/v6-m/nofp/crti.o
                0x100002b8                _init
 *(EXCLUDE_FILE(*libm.a: *libc.a:*lib_a-mem*.o *libgcc.a:) .text*)
 .text          0x100002bc       0x48 c:/progra~1/raspbe~1/picosd~1.0/gcc-ar~1/bin/../lib/gcc/arm-none-eabi/10.3.1/thumb/v6-m/nofp/crtbegin.o
 .text.main     0x10000304      0x1f4 CMakeFiles/telemetria_v1.dir/telemetria_v1.c.obj
                0x10000304                main
 .text.gpio_set_function
                0x100004f8       0x30 CMakeFiles/telemetria_v1.dir/C_/Program_Files/Raspberry_Pi/Pico_SDK_v1.5.0/pico-sdk/src/rp2_common/hardware_gpio/gpio.c.obj
                0x100004f8                gpio_set_function
 .text.gpio_init
                0x10000528       0x16 CMakeFiles/telemetria_v1.dir/C_/Program_Files/Raspberry_Pi/Pico_SDK_v1.5.0/pico-sdk/src/rp2_common/hardware_gpio/gpio.c.obj
                0x10000528                gpio_init
 *fill*         0x1000053e        0x2 
 .text.running_on_fpga
                0x10000540       0x14 CMakeFiles/telemetria_v1.dir/C_/Program_Files/Raspberry_Pi/Pico_SDK_v1.5.0/pico-sdk/src/rp2_common/pico_platform/platform.c.obj
                0x10000540                running_on_fpga
 .text.hw_claim_lock
                0x10000554       0x18 CMakeFiles/telemetria_v1.dir/C_/Program_Files/Raspberry_Pi/Pico_SDK_v1.5.0/pico-sdk/src/rp2_common/hardware_claim/claim.c.obj
                0x10000554                hw_claim_lock
 .text.hw_claim_unlock
                0x1000056c       0x14 CMakeFiles/telemetria_v1.dir/C_/Program_Files/Raspberry_Pi/Pico_SDK_v1.5.0/pico-sdk/src/rp2_common/hardware_claim/claim.c.obj
                0x1000056c                hw_claim_unlock
 .text.hw_claim_or_assert
                0x10000580       0x32 CMakeFiles/telemetria_v1.dir/C_/Program_Files/Raspberry_Pi/Pico_SDK_v1.5.0/pico-sdk/src/rp2_common/hardware_claim/claim.c.obj
                0x10000580                hw_claim_or_assert
 .text.hw_claim_unused_from_range
                0x100005b2       0x50 CMakeFiles/telemetria_v1.dir/C_/Program_Files/Raspberry_Pi/Pico_SDK_v1.5.0/pico-sdk/src/rp2_common/hardware_claim/claim.c.obj
                0x100005b2                hw_claim_unused_from_range
 *fill*         0x10000602        0x2 
 .text.spin_locks_reset
                0x10000604       0x20 CMakeFiles/telemetria_v1.dir/C_/Program_Files/Raspberry_Pi/Pico_SDK_v1.5.0/pico-sdk/src/rp2_common/hardware_sync/sync.c.obj
                0x10000604                spin_locks_reset
 .text.next_striped_spin_lock_num
                0x10000624       0x1c CMakeFiles/telemetria_v1.dir/C_/Program_Files/Raspberry_Pi/Pico_SDK_v1.5.0/pico-sdk/src/rp2_common/hardware_sync/sync.c.obj
                0x10000624                next_striped_spin_lock_num
 .text.spin_lock_claim_unused
                0x10000640       0x20 CMakeFiles/telemetria_v1.dir/C_/Program_Files/Raspberry_Pi/Pico_SDK_v1.5.0/pico-sdk/src/rp2_common/hardware_sync/sync.c.obj
                0x10000640                spin_lock_claim_unused
 .text.set_raw_irq_handler_and_unlock
                0x10000660       0x28 CMakeFiles/telemetria_v1.dir/C_/Program_Files/Raspberry_Pi/Pico_SDK_v1.5.0/pico-sdk/src/rp2_common/hardware_irq/irq.c.obj
 .text.make_branch
                0x10000688       0x48 CMakeFiles/telemetria_v1.dir/C_/Program_Files/Raspberry_Pi/Pico_SDK_v1.5.0/pico-sdk/src/rp2_common/hardware_irq/irq.c.obj
 .text.insert_branch_and_link
                0x100006d0       0x40 CMakeFiles/telemetria_v1.dir/C_/Program_Files/Raspberry_Pi/Pico_SDK_v1.5.0/pico-sdk/src/rp2_common/hardware_irq/irq.c.obj
 .text.irq_is_enabled
                0x10000710       0x18 CMakeFiles/telemetria_v1.dir/C_/Program_Files/Raspberry_Pi/Pico_SDK_v1.5.0/pico-sdk/src/rp2_common/hardware_irq/irq.c.obj
                0x10000710                irq_is_enabled
 .text.irq_set_mask_enabled
                0x10000728       0x20 CMakeFiles/telemetria_v1.dir/C_/Program_Files/Raspberry_Pi/Pico_SDK_v1.5.0/pico-sdk/src/rp2_common/hardware_irq/irq.c.obj
                0x10000728                irq_set_mask_enabled
 .text.irq_set_enabled
                0x10000748        0xe CMakeFiles/telemetria_v1.dir/C_/Program_Files/Raspberry_Pi/Pico_SDK_v1.5.0/pico-sdk/src/rp2_common/hardware_irq/irq.c.obj
                0x10000748                irq_set_enabled
 *fill*         0x10000756        0x2 
 .text.irq_set_pending
                0x10000758       0x10 CMakeFiles/telemetria_v1.dir/C_/Program_Files/Raspberry_Pi/Pico_SDK_v1.5.0/pico-sdk/src/rp2_common/hardware_irq/irq.c.obj
                0x10000758                irq_set_pending
 .text.irq_get_vtable_handler
                0x10000768       0x10 CMakeFiles/telemetria_v1.dir/C_/Program_Files/Raspberry_Pi/Pico_SDK_v1.5.0/pico-sdk/src/rp2_common/hardware_irq/irq.c.obj
                0x10000768                irq_get_vtable_handler
 .text.irq_has_shared_handler
                0x10000778       0x24 CMakeFiles/telemetria_v1.dir/C_/Program_Files/Raspberry_Pi/Pico_SDK_v1.5.0/pico-sdk/src/rp2_common/hardware_irq/irq.c.obj
                0x10000778                irq_has_shared_handler
 .text.irq_set_exclusive_handler
                0x1000079c       0x54 CMakeFiles/telemetria_v1.dir/C_/Program_Files/Raspberry_Pi/Pico_SDK_v1.5.0/pico-sdk/src/rp2_common/hardware_irq/irq.c.obj
                0x1000079c                irq_set_exclusive_handler
 .text.irq_add_shared_handler
                0x100007f0      0x234 CMakeFiles/telemetria_v1.dir/C_/Program_Files/Raspberry_Pi/Pico_SDK_v1.5.0/pico-sdk/src/rp2_common/hardware_irq/irq.c.obj
                0x100007f0                irq_add_shared_handler
 .text.irq_remove_handler
                0x10000a24      0x1ac CMakeFiles/telemetria_v1.dir/C_/Program_Files/Raspberry_Pi/Pico_SDK_v1.5.0/pico-sdk/src/rp2_common/hardware_irq/irq.c.obj
                0x10000a24                irq_remove_handler
 .text.irq_add_tail_to_free_list
                0x10000bd0       0xf0 CMakeFiles/telemetria_v1.dir/C_/Program_Files/Raspberry_Pi/Pico_SDK_v1.5.0/pico-sdk/src/rp2_common/hardware_irq/irq.c.obj
                0x10000bd0                irq_add_tail_to_free_list
 .text.irq_init_priorities
                0x10000cc0       0x1c CMakeFiles/telemetria_v1.dir/C_/Program_Files/Raspberry_Pi/Pico_SDK_v1.5.0/pico-sdk/src/rp2_common/hardware_irq/irq.c.obj
                0x10000cc0                irq_init_priorities
 .text.user_irq_claim_unused
                0x10000cdc       0x28 CMakeFiles/telemetria_v1.dir/C_/Program_Files/Raspberry_Pi/Pico_SDK_v1.5.0/pico-sdk/src/rp2_common/hardware_irq/irq.c.obj
                0x10000cdc                user_irq_claim_unused
 .text.lock_init
                0x10000d04       0x10 CMakeFiles/telemetria_v1.dir/C_/Program_Files/Raspberry_Pi/Pico_SDK_v1.5.0/pico-sdk/src/common/pico_sync/lock_core.c.obj
                0x10000d04                lock_init
 .text.mutex_init
                0x10000d14       0x1a CMakeFiles/telemetria_v1.dir/C_/Program_Files/Raspberry_Pi/Pico_SDK_v1.5.0/pico-sdk/src/common/pico_sync/mutex.c.obj
                0x10000d14                mutex_init
 .text.recursive_mutex_init
                0x10000d2e       0x1e CMakeFiles/telemetria_v1.dir/C_/Program_Files/Raspberry_Pi/Pico_SDK_v1.5.0/pico-sdk/src/common/pico_sync/mutex.c.obj
                0x10000d2e                recursive_mutex_init
 .text.critical_section_init_with_lock_num
                0x10000d4c       0x14 CMakeFiles/telemetria_v1.dir/C_/Program_Files/Raspberry_Pi/Pico_SDK_v1.5.0/pico-sdk/src/common/pico_sync/critical_section.c.obj
                0x10000d4c                critical_section_init_with_lock_num
 .text.critical_section_init
                0x10000d60       0x14 CMakeFiles/telemetria_v1.dir/C_/Program_Files/Raspberry_Pi/Pico_SDK_v1.5.0/pico-sdk/src/common/pico_sync/critical_section.c.obj
                0x10000d60                critical_section_init
 .text.alarm_pool_post_alloc_init
                0x10000d74       0x40 CMakeFiles/telemetria_v1.dir/C_/Program_Files/Raspberry_Pi/Pico_SDK_v1.5.0/pico-sdk/src/common/pico_time/time.c.obj
 .text.sleep_until_callback
                0x10000db4       0x30 CMakeFiles/telemetria_v1.dir/C_/Program_Files/Raspberry_Pi/Pico_SDK_v1.5.0/pico-sdk/src/common/pico_time/time.c.obj
 .text.timer_pool_entry_comparator
                0x10000de4       0x7c CMakeFiles/telemetria_v1.dir/C_/Program_Files/Raspberry_Pi/Pico_SDK_v1.5.0/pico-sdk/src/common/pico_time/time.c.obj
                0x10000de4                timer_pool_entry_comparator
 .text.ph_add_child_node
                0x10000e60       0xa4 CMakeFiles/telemetria_v1.dir/C_/Program_Files/Raspberry_Pi/Pico_SDK_v1.5.0/pico-sdk/src/common/pico_time/time.c.obj
 .text.ph_merge_nodes
                0x10000f04       0x3e CMakeFiles/telemetria_v1.dir/C_/Program_Files/Raspberry_Pi/Pico_SDK_v1.5.0/pico-sdk/src/common/pico_time/time.c.obj
 *fill*         0x10000f42        0x2 
 .text.add_alarm_under_lock
                0x10000f44      0x174 CMakeFiles/telemetria_v1.dir/C_/Program_Files/Raspberry_Pi/Pico_SDK_v1.5.0/pico-sdk/src/common/pico_time/time.c.obj
 .text.alarm_pool_alarm_callback
                0x100010b8      0x33c CMakeFiles/telemetria_v1.dir/C_/Program_Files/Raspberry_Pi/Pico_SDK_v1.5.0/pico-sdk/src/common/pico_time/time.c.obj
 .text.alarm_pool_init_default
                0x100013f4       0x40 CMakeFiles/telemetria_v1.dir/C_/Program_Files/Raspberry_Pi/Pico_SDK_v1.5.0/pico-sdk/src/common/pico_time/time.c.obj
                0x100013f4                alarm_pool_init_default
 .text.alarm_pool_get_default
                0x10001434       0x2c CMakeFiles/telemetria_v1.dir/C_/Program_Files/Raspberry_Pi/Pico_SDK_v1.5.0/pico-sdk/src/common/pico_time/time.c.obj
                0x10001434                alarm_pool_get_default
 .text.alarm_pool_add_alarm_at
                0x10001460      0x168 CMakeFiles/telemetria_v1.dir/C_/Program_Files/Raspberry_Pi/Pico_SDK_v1.5.0/pico-sdk/src/common/pico_time/time.c.obj
                0x10001460                alarm_pool_add_alarm_at
 .text.alarm_pool_cancel_alarm
                0x100015c8       0xf0 CMakeFiles/telemetria_v1.dir/C_/Program_Files/Raspberry_Pi/Pico_SDK_v1.5.0/pico-sdk/src/common/pico_time/time.c.obj
                0x100015c8                alarm_pool_cancel_alarm
 .text.alarm_pool_core_num
                0x100016b8        0x4 CMakeFiles/telemetria_v1.dir/C_/Program_Files/Raspberry_Pi/Pico_SDK_v1.5.0/pico-sdk/src/common/pico_time/time.c.obj
                0x100016b8                alarm_pool_core_num
 .text.sleep_until
                0x100016bc       0xfc CMakeFiles/telemetria_v1.dir/C_/Program_Files/Raspberry_Pi/Pico_SDK_v1.5.0/pico-sdk/src/common/pico_time/time.c.obj
                0x100016bc                sleep_until
 .text.sleep_us
                0x100017b8       0x58 CMakeFiles/telemetria_v1.dir/C_/Program_Files/Raspberry_Pi/Pico_SDK_v1.5.0/pico-sdk/src/common/pico_time/time.c.obj
                0x100017b8                sleep_us
 .text.sleep_ms
                0x10001810       0x14 CMakeFiles/telemetria_v1.dir/C_/Program_Files/Raspberry_Pi/Pico_SDK_v1.5.0/pico-sdk/src/common/pico_time/time.c.obj
                0x10001810                sleep_ms
 .text.best_effort_wfe_or_timeout
                0x10001824       0xac CMakeFiles/telemetria_v1.dir/C_/Program_Files/Raspberry_Pi/Pico_SDK_v1.5.0/pico-sdk/src/common/pico_time/time.c.obj
                0x10001824                best_effort_wfe_or_timeout
 .text.hardware_alarm_irq_handler
                0x100018d0       0x90 CMakeFiles/telemetria_v1.dir/C_/Program_Files/Raspberry_Pi/Pico_SDK_v1.5.0/pico-sdk/src/rp2_common/hardware_timer/timer.c.obj
 .text.hardware_alarm_claim
                0x10001960       0x18 CMakeFiles/telemetria_v1.dir/C_/Program_Files/Raspberry_Pi/Pico_SDK_v1.5.0/pico-sdk/src/rp2_common/hardware_timer/timer.c.obj
                0x10001960                hardware_alarm_claim
 .text.time_us_64
                0x10001978       0x18 CMakeFiles/telemetria_v1.dir/C_/Program_Files/Raspberry_Pi/Pico_SDK_v1.5.0/pico-sdk/src/rp2_common/hardware_timer/timer.c.obj
                0x10001978                time_us_64
 .text.busy_wait_until
                0x10001990       0x28 CMakeFiles/telemetria_v1.dir/C_/Program_Files/Raspberry_Pi/Pico_SDK_v1.5.0/pico-sdk/src/rp2_common/hardware_timer/timer.c.obj
                0x10001990                busy_wait_until
 .text.hardware_alarm_set_callback
                0x100019b8       0x90 CMakeFiles/telemetria_v1.dir/C_/Program_Files/Raspberry_Pi/Pico_SDK_v1.5.0/pico-sdk/src/rp2_common/hardware_timer/timer.c.obj
                0x100019b8                hardware_alarm_set_callback
 .text.hardware_alarm_set_target
                0x10001a48       0xe8 CMakeFiles/telemetria_v1.dir/C_/Program_Files/Raspberry_Pi/Pico_SDK_v1.5.0/pico-sdk/src/rp2_common/hardware_timer/timer.c.obj
                0x10001a48                hardware_alarm_set_target
 .text.hardware_alarm_cancel
                0x10001b30       0x40 CMakeFiles/telemetria_v1.dir/C_/Program_Files/Raspberry_Pi/Pico_SDK_v1.5.0/pico-sdk/src/rp2_common/hardware_timer/timer.c.obj
                0x10001b30                hardware_alarm_cancel
 .text.ph_add_child_node
                0x10001b70       0xa4 CMakeFiles/telemetria_v1.dir/C_/Program_Files/Raspberry_Pi/Pico_SDK_v1.5.0/pico-sdk/src/common/pico_util/pheap.c.obj
 .text.ph_merge_nodes
                0x10001c14       0x3e CMakeFiles/telemetria_v1.dir/C_/Program_Files/Raspberry_Pi/Pico_SDK_v1.5.0/pico-sdk/src/common/pico_util/pheap.c.obj
 *fill*         0x10001c52        0x2 
 .text.ph_clear
                0x10001c54       0x70 CMakeFiles/telemetria_v1.dir/C_/Program_Files/Raspberry_Pi/Pico_SDK_v1.5.0/pico-sdk/src/common/pico_util/pheap.c.obj
                0x10001c54                ph_clear
 .text.ph_post_alloc_init
                0x10001cc4        0xe CMakeFiles/telemetria_v1.dir/C_/Program_Files/Raspberry_Pi/Pico_SDK_v1.5.0/pico-sdk/src/common/pico_util/pheap.c.obj
                0x10001cc4                ph_post_alloc_init
 *fill*         0x10001cd2        0x2 
 .text.ph_merge_two_pass
                0x10001cd4       0xa8 CMakeFiles/telemetria_v1.dir/C_/Program_Files/Raspberry_Pi/Pico_SDK_v1.5.0/pico-sdk/src/common/pico_util/pheap.c.obj
                0x10001cd4                ph_merge_two_pass
 .text.ph_remove_any_head
                0x10001d7c      0x128 CMakeFiles/telemetria_v1.dir/C_/Program_Files/Raspberry_Pi/Pico_SDK_v1.5.0/pico-sdk/src/common/pico_util/pheap.c.obj
 .text.ph_remove_head
                0x10001ea4       0x14 CMakeFiles/telemetria_v1.dir/C_/Program_Files/Raspberry_Pi/Pico_SDK_v1.5.0/pico-sdk/src/common/pico_util/pheap.c.obj
                0x10001ea4                ph_remove_head
 .text.ph_remove_and_free_node
                0x10001eb8       0xf8 CMakeFiles/telemetria_v1.dir/C_/Program_Files/Raspberry_Pi/Pico_SDK_v1.5.0/pico-sdk/src/common/pico_util/pheap.c.obj
                0x10001eb8                ph_remove_and_free_node
 .text.clock_configure
                0x10001fb0      0x104 CMakeFiles/telemetria_v1.dir/C_/Program_Files/Raspberry_Pi/Pico_SDK_v1.5.0/pico-sdk/src/rp2_common/hardware_clocks/clocks.c.obj
                0x10001fb0                clock_configure
 .text.clocks_init
                0x100020b4      0x100 CMakeFiles/telemetria_v1.dir/C_/Program_Files/Raspberry_Pi/Pico_SDK_v1.5.0/pico-sdk/src/rp2_common/hardware_clocks/clocks.c.obj
                0x100020b4                clocks_init
 .text.clock_get_hz
                0x100021b4        0xc CMakeFiles/telemetria_v1.dir/C_/Program_Files/Raspberry_Pi/Pico_SDK_v1.5.0/pico-sdk/src/rp2_common/hardware_clocks/clocks.c.obj
                0x100021b4                clock_get_hz
 .text.pll_init
                0x100021c0      0x12c CMakeFiles/telemetria_v1.dir/C_/Program_Files/Raspberry_Pi/Pico_SDK_v1.5.0/pico-sdk/src/rp2_common/hardware_pll/pll.c.obj
                0x100021c0                pll_init
 .text.watchdog_start_tick
                0x100022ec       0x10 CMakeFiles/telemetria_v1.dir/C_/Program_Files/Raspberry_Pi/Pico_SDK_v1.5.0/pico-sdk/src/rp2_common/hardware_watchdog/watchdog.c.obj
                0x100022ec                watchdog_start_tick
 .text.watchdog_update
                0x100022fc       0x14 CMakeFiles/telemetria_v1.dir/C_/Program_Files/Raspberry_Pi/Pico_SDK_v1.5.0/pico-sdk/src/rp2_common/hardware_watchdog/watchdog.c.obj
                0x100022fc                watchdog_update
 .text._watchdog_enable
                0x10002310       0x78 CMakeFiles/telemetria_v1.dir/C_/Program_Files/Raspberry_Pi/Pico_SDK_v1.5.0/pico-sdk/src/rp2_common/hardware_watchdog/watchdog.c.obj
                0x10002310                _watchdog_enable
 .text.watchdog_reboot
                0x10002388       0x48 CMakeFiles/telemetria_v1.dir/C_/Program_Files/Raspberry_Pi/Pico_SDK_v1.5.0/pico-sdk/src/rp2_common/hardware_watchdog/watchdog.c.obj
                0x10002388                watchdog_reboot
 .text.xosc_init
                0x100023d0       0x28 CMakeFiles/telemetria_v1.dir/C_/Program_Files/Raspberry_Pi/Pico_SDK_v1.5.0/pico-sdk/src/rp2_common/hardware_xosc/xosc.c.obj
                0x100023d0                xosc_init
 .text._exit    0x100023f8        0x4 CMakeFiles/telemetria_v1.dir/C_/Program_Files/Raspberry_Pi/Pico_SDK_v1.5.0/pico-sdk/src/rp2_common/pico_runtime/runtime.c.obj
                0x100023f8                _exit
 .text.exit     0x100023fc        0x6 CMakeFiles/telemetria_v1.dir/C_/Program_Files/Raspberry_Pi/Pico_SDK_v1.5.0/pico-sdk/src/rp2_common/pico_runtime/runtime.c.obj
                0x100023fc                exit
 *fill*         0x10002402        0x2 
 .text.__assert_func
                0x10002404       0x3c CMakeFiles/telemetria_v1.dir/C_/Program_Files/Raspberry_Pi/Pico_SDK_v1.5.0/pico-sdk/src/rp2_common/pico_runtime/runtime.c.obj
                0x10002404                __assert_func
 .text.runtime_init
                0x10002440       0xf8 CMakeFiles/telemetria_v1.dir/C_/Program_Files/Raspberry_Pi/Pico_SDK_v1.5.0/pico-sdk/src/rp2_common/pico_runtime/runtime.c.obj
                0x10002440                runtime_init
 .text.panic    0x10002538       0x30 CMakeFiles/telemetria_v1.dir/C_/Program_Files/Raspberry_Pi/Pico_SDK_v1.5.0/pico-sdk/src/rp2_common/pico_runtime/runtime.c.obj
                0x10002538                panic
 .text._out_null
                0x10002568        0x2 CMakeFiles/telemetria_v1.dir/C_/Program_Files/Raspberry_Pi/Pico_SDK_v1.5.0/pico-sdk/src/rp2_common/pico_printf/printf.c.obj
 .text._out_fct
                0x1000256a        0xe CMakeFiles/telemetria_v1.dir/C_/Program_Files/Raspberry_Pi/Pico_SDK_v1.5.0/pico-sdk/src/rp2_common/pico_printf/printf.c.obj
 .text._atoi    0x10002578       0x24 CMakeFiles/telemetria_v1.dir/C_/Program_Files/Raspberry_Pi/Pico_SDK_v1.5.0/pico-sdk/src/rp2_common/pico_printf/printf.c.obj
 .text._out_rev
                0x1000259c       0xae CMakeFiles/telemetria_v1.dir/C_/Program_Files/Raspberry_Pi/Pico_SDK_v1.5.0/pico-sdk/src/rp2_common/pico_printf/printf.c.obj
 .text._ntoa_format
                0x1000264a      0x112 CMakeFiles/telemetria_v1.dir/C_/Program_Files/Raspberry_Pi/Pico_SDK_v1.5.0/pico-sdk/src/rp2_common/pico_printf/printf.c.obj
 .text._ntoa_long
                0x1000275c       0xbc CMakeFiles/telemetria_v1.dir/C_/Program_Files/Raspberry_Pi/Pico_SDK_v1.5.0/pico-sdk/src/rp2_common/pico_printf/printf.c.obj
 .text._ntoa_long_long
                0x10002818       0xe2 CMakeFiles/telemetria_v1.dir/C_/Program_Files/Raspberry_Pi/Pico_SDK_v1.5.0/pico-sdk/src/rp2_common/pico_printf/printf.c.obj
 *fill*         0x100028fa        0x2 
 .text._etoa    0x100028fc      0x414 CMakeFiles/telemetria_v1.dir/C_/Program_Files/Raspberry_Pi/Pico_SDK_v1.5.0/pico-sdk/src/rp2_common/pico_printf/printf.c.obj
 .text._ftoa    0x10002d10      0x354 CMakeFiles/telemetria_v1.dir/C_/Program_Files/Raspberry_Pi/Pico_SDK_v1.5.0/pico-sdk/src/rp2_common/pico_printf/printf.c.obj
 .text._vsnprintf
                0x10003064      0x624 CMakeFiles/telemetria_v1.dir/C_/Program_Files/Raspberry_Pi/Pico_SDK_v1.5.0/pico-sdk/src/rp2_common/pico_printf/printf.c.obj
 .text.vfctprintf
                0x10003688       0x20 CMakeFiles/telemetria_v1.dir/C_/Program_Files/Raspberry_Pi/Pico_SDK_v1.5.0/pico-sdk/src/rp2_common/pico_printf/printf.c.obj
                0x10003688                vfctprintf
 .text          0x100036a8       0x10 CMakeFiles/telemetria_v1.dir/C_/Program_Files/Raspberry_Pi/Pico_SDK_v1.5.0/pico-sdk/src/rp2_common/pico_bit_ops/bit_ops_aeabi.S.obj
 .text.rom_func_lookup
                0x100036b8       0x10 CMakeFiles/telemetria_v1.dir/C_/Program_Files/Raspberry_Pi/Pico_SDK_v1.5.0/pico-sdk/src/rp2_common/pico_bootrom/bootrom.c.obj
                0x100036b8                rom_func_lookup
 .text.rom_data_lookup
                0x100036c8       0x10 CMakeFiles/telemetria_v1.dir/C_/Program_Files/Raspberry_Pi/Pico_SDK_v1.5.0/pico-sdk/src/rp2_common/pico_bootrom/bootrom.c.obj
                0x100036c8                rom_data_lookup
 .text.rom_funcs_lookup
                0x100036d8       0x36 CMakeFiles/telemetria_v1.dir/C_/Program_Files/Raspberry_Pi/Pico_SDK_v1.5.0/pico-sdk/src/rp2_common/pico_bootrom/bootrom.c.obj
                0x100036d8                rom_funcs_lookup
 *fill*         0x1000370e        0x2 
 .text.__wrap___aeabi_idiv
                0x10003710       0x50 CMakeFiles/telemetria_v1.dir/C_/Program_Files/Raspberry_Pi/Pico_SDK_v1.5.0/pico-sdk/src/rp2_common/pico_divider/divider.S.obj
                0x10003710                __wrap___aeabi_idivmod
                0x10003710                divmod_s32s32
                0x10003710                div_s32s32
                0x10003710                __wrap___aeabi_idiv
                0x10003718                divmod_s32s32_unsafe
                0x10003744                divmod_s32s32_savestate
 .text.__wrap___aeabi_uidiv
                0x10003760       0x4c CMakeFiles/telemetria_v1.dir/C_/Program_Files/Raspberry_Pi/Pico_SDK_v1.5.0/pico-sdk/src/rp2_common/pico_divider/divider.S.obj
                0x10003760                __wrap___aeabi_uidiv
                0x10003760                __wrap___aeabi_uidivmod
                0x10003760                div_u32u32
                0x10003760                divmod_u32u32
                0x10003768                divmod_u32u32_unsafe
                0x10003790                divmod_u32u32_savestate
 .text.__wrap___aeabi_ldiv
                0x100037ac      0x424 CMakeFiles/telemetria_v1.dir/C_/Program_Files/Raspberry_Pi/Pico_SDK_v1.5.0/pico-sdk/src/rp2_common/pico_divider/divider.S.obj
                0x100037ac                div_s64s64
                0x100037ac                divmod_s64s64
                0x100037ac                __wrap___aeabi_ldivmod
                0x100037dc                divmod_u64u64
                0x100037dc                div_u64u64
                0x100037dc                __wrap___aeabi_uldivmod
                0x100037ec                divmod_u64u64_savestate
                0x1000380c                divmod_s64s64_unsafe
                0x10003894                divmod_u64u64_unsafe
 .text.__wrap___aeabi_darithmetic
                0x10003bd0       0x80 CMakeFiles/telemetria_v1.dir/C_/Program_Files/Raspberry_Pi/Pico_SDK_v1.5.0/pico-sdk/src/rp2_common/pico_double/double_aeabi.S.obj
                0x10003bd0                __wrap___aeabi_drsub
                0x10003bd6                __wrap___aeabi_dsub
                0x10003be8                __wrap___aeabi_dadd
                0x10003bfa                __wrap___aeabi_ddiv
                0x10003c36                __wrap___aeabi_dmul
 .text.__wrap___aeabi_cdcmple
                0x10003c50       0x6c CMakeFiles/telemetria_v1.dir/C_/Program_Files/Raspberry_Pi/Pico_SDK_v1.5.0/pico-sdk/src/rp2_common/pico_double/double_aeabi.S.obj
                0x10003c50                __wrap___aeabi_cdrcmple
                0x10003c60                __wrap___aeabi_cdcmpeq
                0x10003c60                __wrap___aeabi_cdcmple
 .text.__wrap___aeabi_dcmplt
                0x10003cbc        0xc CMakeFiles/telemetria_v1.dir/C_/Program_Files/Raspberry_Pi/Pico_SDK_v1.5.0/pico-sdk/src/rp2_common/pico_double/double_aeabi.S.obj
                0x10003cbc                __wrap___aeabi_dcmplt
 .text.__wrap___aeabi_dcmple
                0x10003cc8       0x10 CMakeFiles/telemetria_v1.dir/C_/Program_Files/Raspberry_Pi/Pico_SDK_v1.5.0/pico-sdk/src/rp2_common/pico_double/double_aeabi.S.obj
                0x10003cc8                __wrap___aeabi_dcmple
 .text.__wrap___aeabi_dcmpge
                0x10003cd8       0x10 CMakeFiles/telemetria_v1.dir/C_/Program_Files/Raspberry_Pi/Pico_SDK_v1.5.0/pico-sdk/src/rp2_common/pico_double/double_aeabi.S.obj
                0x10003cd8                __wrap___aeabi_dcmpge
 .text.__wrap___aeabi_dcmpgt
                0x10003ce8        0xa CMakeFiles/telemetria_v1.dir/C_/Program_Files/Raspberry_Pi/Pico_SDK_v1.5.0/pico-sdk/src/rp2_common/pico_double/double_aeabi.S.obj
                0x10003ce8                __wrap___aeabi_dcmpgt
 .text.__wrap___aeabi_dcmpun
                0x10003cf2       0x1c CMakeFiles/telemetria_v1.dir/C_/Program_Files/Raspberry_Pi/Pico_SDK_v1.5.0/pico-sdk/src/rp2_common/pico_double/double_aeabi.S.obj
                0x10003cf2                __wrap___aeabi_dcmpun
 *fill*         0x10003d0e        0x2 
 .text.__wrap___aeabi_i2d
                0x10003d10       0x38 CMakeFiles/telemetria_v1.dir/C_/Program_Files/Raspberry_Pi/Pico_SDK_v1.5.0/pico-sdk/src/rp2_common/pico_double/double_aeabi.S.obj
                0x10003d10                __wrap___aeabi_ui2d
                0x10003d18                __wrap___aeabi_i2d
 .text.__wrap___aeabi_d2iz
                0x10003d48       0x48 CMakeFiles/telemetria_v1.dir/C_/Program_Files/Raspberry_Pi/Pico_SDK_v1.5.0/pico-sdk/src/rp2_common/pico_double/double_aeabi.S.obj
                0x10003d48                double2int_z
                0x10003d48                __wrap___aeabi_d2iz
 .text.__wrap___aeabi_d2uiz
                0x10003d90       0x18 CMakeFiles/telemetria_v1.dir/C_/Program_Files/Raspberry_Pi/Pico_SDK_v1.5.0/pico-sdk/src/rp2_common/pico_double/double_aeabi.S.obj
                0x10003d90                __wrap___aeabi_d2uiz
                0x10003d90                double2uint
 .text.__aeabi_double_init
                0x10003da8       0xc8 CMakeFiles/telemetria_v1.dir/C_/Program_Files/Raspberry_Pi/Pico_SDK_v1.5.0/pico-sdk/src/rp2_common/pico_double/double_init_rom.c.obj
                0x10003da8                __aeabi_double_init
 .text.double_table_shim_on_use_helper
                0x10003e70       0x34 CMakeFiles/telemetria_v1.dir/C_/Program_Files/Raspberry_Pi/Pico_SDK_v1.5.0/pico-sdk/src/rp2_common/pico_double/double_v1_rom_shim.S.obj
                0x10003e70                double_table_shim_on_use_helper
 .text.__wrap___aeabi_dsub
                0x10003ea4       0x10 CMakeFiles/telemetria_v1.dir/C_/Program_Files/Raspberry_Pi/Pico_SDK_v1.5.0/pico-sdk/src/rp2_common/pico_double/double_v1_rom_shim.S.obj
                0x10003ea4                drsub_shim
                0x10003eaa                dsub_shim
 .text.dadd_shim
                0x10003eb4      0x15c CMakeFiles/telemetria_v1.dir/C_/Program_Files/Raspberry_Pi/Pico_SDK_v1.5.0/pico-sdk/src/rp2_common/pico_double/double_v1_rom_shim.S.obj
                0x10003eb4                dadd_shim
 .text.dmul_shim
                0x10004010      0x15c CMakeFiles/telemetria_v1.dir/C_/Program_Files/Raspberry_Pi/Pico_SDK_v1.5.0/pico-sdk/src/rp2_common/pico_double/double_v1_rom_shim.S.obj
                0x10004010                dmul_shim
 .text.ddiv_shim
                0x1000416c      0x1b0 CMakeFiles/telemetria_v1.dir/C_/Program_Files/Raspberry_Pi/Pico_SDK_v1.5.0/pico-sdk/src/rp2_common/pico_double/double_v1_rom_shim.S.obj
                0x1000416c                ddiv_shim
 .text.double2uint_shim
                0x1000431c        0xe CMakeFiles/telemetria_v1.dir/C_/Program_Files/Raspberry_Pi/Pico_SDK_v1.5.0/pico-sdk/src/rp2_common/pico_double/double_v1_rom_shim.S.obj
                0x1000431c                double2uint_shim
                0x1000431e                double2ufix_shim
 *fill*         0x1000432a        0x2 
 .text.double2uint64_shim
                0x1000432c       0x70 CMakeFiles/telemetria_v1.dir/C_/Program_Files/Raspberry_Pi/Pico_SDK_v1.5.0/pico-sdk/src/rp2_common/pico_double/double_v1_rom_shim.S.obj
                0x1000432c                double2uint64_shim
                0x1000432e                double2ufix64_shim
                0x1000434e                d2fix_a
 .text.dunpacks
                0x1000439c       0x3c CMakeFiles/telemetria_v1.dir/C_/Program_Files/Raspberry_Pi/Pico_SDK_v1.5.0/pico-sdk/src/rp2_common/pico_double/double_v1_rom_shim.S.obj
                0x1000439c                dunpacks
 .text.__aeabi_lmul
                0x100043d8       0x32 CMakeFiles/telemetria_v1.dir/C_/Program_Files/Raspberry_Pi/Pico_SDK_v1.5.0/pico-sdk/src/rp2_common/pico_int64_ops/pico_int64_ops_aeabi.S.obj
                0x100043d8                __wrap___aeabi_lmul
 *fill*         0x1000440a        0x2 
 .text.__aeabi_float_init
                0x1000440c       0xfc CMakeFiles/telemetria_v1.dir/C_/Program_Files/Raspberry_Pi/Pico_SDK_v1.5.0/pico-sdk/src/rp2_common/pico_float/float_init_rom.c.obj
                0x1000440c                __aeabi_float_init
 .text.float_table_shim_on_use_helper
                0x10004508       0x34 CMakeFiles/telemetria_v1.dir/C_/Program_Files/Raspberry_Pi/Pico_SDK_v1.5.0/pico-sdk/src/rp2_common/pico_float/float_v1_rom_shim.S.obj
                0x10004508                float_table_shim_on_use_helper
 .text          0x1000453c       0x10 CMakeFiles/telemetria_v1.dir/C_/Program_Files/Raspberry_Pi/Pico_SDK_v1.5.0/pico-sdk/src/rp2_common/pico_mem_ops/mem_ops_aeabi.S.obj
                0x1000453c                __aeabi_mem_init
 .text.memset   0x1000454c        0xc CMakeFiles/telemetria_v1.dir/C_/Program_Files/Raspberry_Pi/Pico_SDK_v1.5.0/pico-sdk/src/rp2_common/pico_mem_ops/mem_ops_aeabi.S.obj
                0x1000454c                __wrap_memset
 .text.memcpy   0x10004558        0xc CMakeFiles/telemetria_v1.dir/C_/Program_Files/Raspberry_Pi/Pico_SDK_v1.5.0/pico-sdk/src/rp2_common/pico_mem_ops/mem_ops_aeabi.S.obj
                0x10004558                __wrap_memcpy
                0x10004558                __wrap___aeabi_memcpy
 .text.stdio_out_chars_no_crlf
                0x10004564        0xe CMakeFiles/telemetria_v1.dir/C_/Program_Files/Raspberry_Pi/Pico_SDK_v1.5.0/pico-sdk/src/rp2_common/pico_stdio/stdio.c.obj
 *fill*         0x10004572        0x2 
 .text.stdio_out_chars_crlf
                0x10004574       0x80 CMakeFiles/telemetria_v1.dir/C_/Program_Files/Raspberry_Pi/Pico_SDK_v1.5.0/pico-sdk/src/rp2_common/pico_stdio/stdio.c.obj
 .text.stdio_stack_buffer_flush
                0x100045f4       0x44 CMakeFiles/telemetria_v1.dir/C_/Program_Files/Raspberry_Pi/Pico_SDK_v1.5.0/pico-sdk/src/rp2_common/pico_stdio/stdio.c.obj
 .text.stdio_buffered_printer
                0x10004638       0x20 CMakeFiles/telemetria_v1.dir/C_/Program_Files/Raspberry_Pi/Pico_SDK_v1.5.0/pico-sdk/src/rp2_common/pico_stdio/stdio.c.obj
 .text.stdout_serialize_begin
                0x10004658       0x5c CMakeFiles/telemetria_v1.dir/C_/Program_Files/Raspberry_Pi/Pico_SDK_v1.5.0/pico-sdk/src/rp2_common/pico_stdio/stdio.c.obj
                0x10004658                stdout_serialize_begin
 .text.stdout_serialize_end
                0x100046b4       0x10 CMakeFiles/telemetria_v1.dir/C_/Program_Files/Raspberry_Pi/Pico_SDK_v1.5.0/pico-sdk/src/rp2_common/pico_stdio/stdio.c.obj
                0x100046b4                stdout_serialize_end
 .text.stdio_put_string
                0x100046c4       0x98 CMakeFiles/telemetria_v1.dir/C_/Program_Files/Raspberry_Pi/Pico_SDK_v1.5.0/pico-sdk/src/rp2_common/pico_stdio/stdio.c.obj
 .text.stdio_set_driver_enabled
                0x1000475c       0x2c CMakeFiles/telemetria_v1.dir/C_/Program_Files/Raspberry_Pi/Pico_SDK_v1.5.0/pico-sdk/src/rp2_common/pico_stdio/stdio.c.obj
                0x1000475c                stdio_set_driver_enabled
 .text.stdio_flush
                0x10004788       0x20 CMakeFiles/telemetria_v1.dir/C_/Program_Files/Raspberry_Pi/Pico_SDK_v1.5.0/pico-sdk/src/rp2_common/pico_stdio/stdio.c.obj
                0x10004788                stdio_flush
 .text.__wrap_puts
                0x100047a8       0x1e CMakeFiles/telemetria_v1.dir/C_/Program_Files/Raspberry_Pi/Pico_SDK_v1.5.0/pico-sdk/src/rp2_common/pico_stdio/stdio.c.obj
                0x100047a8                __wrap_puts
 *fill*         0x100047c6        0x2 
 .text.__wrap_vprintf
                0x100047c8       0x40 CMakeFiles/telemetria_v1.dir/C_/Program_Files/Raspberry_Pi/Pico_SDK_v1.5.0/pico-sdk/src/rp2_common/pico_stdio/stdio.c.obj
                0x100047c8                __wrap_vprintf
 .text.__wrap_printf
                0x10004808       0x18 CMakeFiles/telemetria_v1.dir/C_/Program_Files/Raspberry_Pi/Pico_SDK_v1.5.0/pico-sdk/src/rp2_common/pico_stdio/stdio.c.obj
                0x10004808                __wrap_printf
 .text.stdio_init_all
                0x10004820        0x8 CMakeFiles/telemetria_v1.dir/C_/Program_Files/Raspberry_Pi/Pico_SDK_v1.5.0/pico-sdk/src/rp2_common/pico_stdio/stdio.c.obj
                0x10004820                stdio_init_all
 .text.resetd_init
                0x10004828        0x2 CMakeFiles/telemetria_v1.dir/C_/Program_Files/Raspberry_Pi/Pico_SDK_v1.5.0/pico-sdk/src/rp2_common/pico_stdio_usb/reset_interface.c.obj
 *fill*         0x1000482a        0x2 
 .text.resetd_reset
                0x1000482c        0xc CMakeFiles/telemetria_v1.dir/C_/Program_Files/Raspberry_Pi/Pico_SDK_v1.5.0/pico-sdk/src/rp2_common/pico_stdio_usb/reset_interface.c.obj
 .text.resetd_open
                0x10004838       0x34 CMakeFiles/telemetria_v1.dir/C_/Program_Files/Raspberry_Pi/Pico_SDK_v1.5.0/pico-sdk/src/rp2_common/pico_stdio_usb/reset_interface.c.obj
 .text.resetd_xfer_cb
                0x1000486c        0x4 CMakeFiles/telemetria_v1.dir/C_/Program_Files/Raspberry_Pi/Pico_SDK_v1.5.0/pico-sdk/src/rp2_common/pico_stdio_usb/reset_interface.c.obj
 .text.reset_usb_boot
                0x10004870       0x18 CMakeFiles/telemetria_v1.dir/C_/Program_Files/Raspberry_Pi/Pico_SDK_v1.5.0/pico-sdk/src/rp2_common/pico_stdio_usb/reset_interface.c.obj
 .text.resetd_control_xfer_cb
                0x10004888       0x5c CMakeFiles/telemetria_v1.dir/C_/Program_Files/Raspberry_Pi/Pico_SDK_v1.5.0/pico-sdk/src/rp2_common/pico_stdio_usb/reset_interface.c.obj
 .text.usbd_app_driver_get_cb
                0x100048e4        0xc CMakeFiles/telemetria_v1.dir/C_/Program_Files/Raspberry_Pi/Pico_SDK_v1.5.0/pico-sdk/src/rp2_common/pico_stdio_usb/reset_interface.c.obj
                0x100048e4                usbd_app_driver_get_cb
 .text.tud_cdc_line_coding_cb
                0x100048f0       0x28 CMakeFiles/telemetria_v1.dir/C_/Program_Files/Raspberry_Pi/Pico_SDK_v1.5.0/pico-sdk/src/rp2_common/pico_stdio_usb/reset_interface.c.obj
                0x100048f0                tud_cdc_line_coding_cb
 .text.stdio_usb_set_chars_available_callback
                0x10004918       0x14 CMakeFiles/telemetria_v1.dir/C_/Program_Files/Raspberry_Pi/Pico_SDK_v1.5.0/pico-sdk/src/rp2_common/pico_stdio_usb/stdio_usb.c.obj
                0x10004918                stdio_usb_set_chars_available_callback
 .text.usb_irq  0x1000492c       0x10 CMakeFiles/telemetria_v1.dir/C_/Program_Files/Raspberry_Pi/Pico_SDK_v1.5.0/pico-sdk/src/rp2_common/pico_stdio_usb/stdio_usb.c.obj
 .text.timer_task
                0x1000493c       0x58 CMakeFiles/telemetria_v1.dir/C_/Program_Files/Raspberry_Pi/Pico_SDK_v1.5.0/pico-sdk/src/rp2_common/pico_stdio_usb/stdio_usb.c.obj
 .text.low_priority_worker_irq
                0x10004994       0xd8 CMakeFiles/telemetria_v1.dir/C_/Program_Files/Raspberry_Pi/Pico_SDK_v1.5.0/pico-sdk/src/rp2_common/pico_stdio_usb/stdio_usb.c.obj
 .text.tud_cdc_rx_cb
                0x10004a6c       0x20 CMakeFiles/telemetria_v1.dir/C_/Program_Files/Raspberry_Pi/Pico_SDK_v1.5.0/pico-sdk/src/rp2_common/pico_stdio_usb/stdio_usb.c.obj
                0x10004a6c                tud_cdc_rx_cb
 .text.stdio_usb_init
                0x10004a8c      0x12c CMakeFiles/telemetria_v1.dir/C_/Program_Files/Raspberry_Pi/Pico_SDK_v1.5.0/pico-sdk/src/rp2_common/pico_stdio_usb/stdio_usb.c.obj
                0x10004a8c                stdio_usb_init
 .text.stdio_usb_connected
                0x10004bb8        0xa CMakeFiles/telemetria_v1.dir/C_/Program_Files/Raspberry_Pi/Pico_SDK_v1.5.0/pico-sdk/src/rp2_common/pico_stdio_usb/stdio_usb.c.obj
                0x10004bb8                stdio_usb_connected
 *fill*         0x10004bc2        0x2 
 .text.stdio_usb_in_chars
                0x10004bc4       0xc4 CMakeFiles/telemetria_v1.dir/C_/Program_Files/Raspberry_Pi/Pico_SDK_v1.5.0/pico-sdk/src/rp2_common/pico_stdio_usb/stdio_usb.c.obj
                0x10004bc4                stdio_usb_in_chars
 .text.stdio_usb_out_chars
                0x10004c88      0x114 CMakeFiles/telemetria_v1.dir/C_/Program_Files/Raspberry_Pi/Pico_SDK_v1.5.0/pico-sdk/src/rp2_common/pico_stdio_usb/stdio_usb.c.obj
 .text.tud_descriptor_device_cb
                0x10004d9c        0x8 CMakeFiles/telemetria_v1.dir/C_/Program_Files/Raspberry_Pi/Pico_SDK_v1.5.0/pico-sdk/src/rp2_common/pico_stdio_usb/stdio_usb_descriptors.c.obj
                0x10004d9c                tud_descriptor_device_cb
 .text.tud_descriptor_configuration_cb
                0x10004da4        0x8 CMakeFiles/telemetria_v1.dir/C_/Program_Files/Raspberry_Pi/Pico_SDK_v1.5.0/pico-sdk/src/rp2_common/pico_stdio_usb/stdio_usb_descriptors.c.obj
                0x10004da4                tud_descriptor_configuration_cb
 .text.tud_descriptor_string_cb
                0x10004dac       0x6c CMakeFiles/telemetria_v1.dir/C_/Program_Files/Raspberry_Pi/Pico_SDK_v1.5.0/pico-sdk/src/rp2_common/pico_stdio_usb/stdio_usb_descriptors.c.obj
                0x10004dac                tud_descriptor_string_cb
 .text._retrieve_unique_id_on_boot
                0x10004e18       0x10 CMakeFiles/telemetria_v1.dir/C_/Program_Files/Raspberry_Pi/Pico_SDK_v1.5.0/pico-sdk/src/rp2_common/pico_unique_id/unique_id.c.obj
 .text.pico_get_unique_board_id_string
                0x10004e28       0x60 CMakeFiles/telemetria_v1.dir/C_/Program_Files/Raspberry_Pi/Pico_SDK_v1.5.0/pico-sdk/src/rp2_common/pico_unique_id/unique_id.c.obj
                0x10004e28                pico_get_unique_board_id_string
 .text.flash_get_unique_id
                0x10004e88       0x46 CMakeFiles/telemetria_v1.dir/C_/Program_Files/Raspberry_Pi/Pico_SDK_v1.5.0/pico-sdk/src/rp2_common/hardware_flash/flash.c.obj
                0x10004e88                flash_get_unique_id
 *fill*         0x10004ece        0x2 
 .text.hw_endpoint_get_by_addr
                0x10004ed0       0x18 CMakeFiles/telemetria_v1.dir/C_/Program_Files/Raspberry_Pi/Pico_SDK_v1.5.0/pico-sdk/lib/tinyusb/src/portable/raspberrypi/rp2040/dcd_rp2040.c.obj
 .text._hw_endpoint_alloc
                0x10004ee8       0x70 CMakeFiles/telemetria_v1.dir/C_/Program_Files/Raspberry_Pi/Pico_SDK_v1.5.0/pico-sdk/lib/tinyusb/src/portable/raspberrypi/rp2040/dcd_rp2040.c.obj
 .text.hw_endpoint_init
                0x10004f58       0x88 CMakeFiles/telemetria_v1.dir/C_/Program_Files/Raspberry_Pi/Pico_SDK_v1.5.0/pico-sdk/lib/tinyusb/src/portable/raspberrypi/rp2040/dcd_rp2040.c.obj
 .text.hw_endpoint_xfer
                0x10004fe0       0x14 CMakeFiles/telemetria_v1.dir/C_/Program_Files/Raspberry_Pi/Pico_SDK_v1.5.0/pico-sdk/lib/tinyusb/src/portable/raspberrypi/rp2040/dcd_rp2040.c.obj
 .text.dcd_int_enable
                0x10004ff4       0x2c CMakeFiles/telemetria_v1.dir/C_/Program_Files/Raspberry_Pi/Pico_SDK_v1.5.0/pico-sdk/lib/tinyusb/src/portable/raspberrypi/rp2040/dcd_rp2040.c.obj
                0x10004ff4                dcd_int_enable
 .text.dcd_set_address
                0x10005020       0x2c CMakeFiles/telemetria_v1.dir/C_/Program_Files/Raspberry_Pi/Pico_SDK_v1.5.0/pico-sdk/lib/tinyusb/src/portable/raspberrypi/rp2040/dcd_rp2040.c.obj
                0x10005020                dcd_set_address
 .text.dcd_connect
                0x1000504c       0x10 CMakeFiles/telemetria_v1.dir/C_/Program_Files/Raspberry_Pi/Pico_SDK_v1.5.0/pico-sdk/lib/tinyusb/src/portable/raspberrypi/rp2040/dcd_rp2040.c.obj
                0x1000504c                dcd_connect
 .text.dcd_init
                0x1000505c       0x80 CMakeFiles/telemetria_v1.dir/C_/Program_Files/Raspberry_Pi/Pico_SDK_v1.5.0/pico-sdk/lib/tinyusb/src/portable/raspberrypi/rp2040/dcd_rp2040.c.obj
                0x1000505c                dcd_init
 .text.dcd_edpt0_status_complete
                0x100050dc       0x1c CMakeFiles/telemetria_v1.dir/C_/Program_Files/Raspberry_Pi/Pico_SDK_v1.5.0/pico-sdk/lib/tinyusb/src/portable/raspberrypi/rp2040/dcd_rp2040.c.obj
                0x100050dc                dcd_edpt0_status_complete
 .text.dcd_edpt_open
                0x100050f8       0x40 CMakeFiles/telemetria_v1.dir/C_/Program_Files/Raspberry_Pi/Pico_SDK_v1.5.0/pico-sdk/lib/tinyusb/src/portable/raspberrypi/rp2040/dcd_rp2040.c.obj
                0x100050f8                dcd_edpt_open
 .text.dcd_edpt_close_all
                0x10005138        0x8 CMakeFiles/telemetria_v1.dir/C_/Program_Files/Raspberry_Pi/Pico_SDK_v1.5.0/pico-sdk/lib/tinyusb/src/portable/raspberrypi/rp2040/dcd_rp2040.c.obj
                0x10005138                dcd_edpt_close_all
 .text.dcd_edpt_xfer
                0x10005140       0x34 CMakeFiles/telemetria_v1.dir/C_/Program_Files/Raspberry_Pi/Pico_SDK_v1.5.0/pico-sdk/lib/tinyusb/src/portable/raspberrypi/rp2040/dcd_rp2040.c.obj
                0x10005140                dcd_edpt_xfer
 .text.dcd_edpt_stall
                0x10005174       0x2c CMakeFiles/telemetria_v1.dir/C_/Program_Files/Raspberry_Pi/Pico_SDK_v1.5.0/pico-sdk/lib/tinyusb/src/portable/raspberrypi/rp2040/dcd_rp2040.c.obj
                0x10005174                dcd_edpt_stall
 .text.dcd_edpt_clear_stall
                0x100051a0       0x20 CMakeFiles/telemetria_v1.dir/C_/Program_Files/Raspberry_Pi/Pico_SDK_v1.5.0/pico-sdk/lib/tinyusb/src/portable/raspberrypi/rp2040/dcd_rp2040.c.obj
                0x100051a0                dcd_edpt_clear_stall
 .text.rp2040_usb_init
                0x100051c0       0x4c CMakeFiles/telemetria_v1.dir/C_/Program_Files/Raspberry_Pi/Pico_SDK_v1.5.0/pico-sdk/lib/tinyusb/src/portable/raspberrypi/rp2040/rp2040_usb.c.obj
                0x100051c0                rp2040_usb_init
 .text.hw_endpoint_xfer_start
                0x1000520c       0x50 CMakeFiles/telemetria_v1.dir/C_/Program_Files/Raspberry_Pi/Pico_SDK_v1.5.0/pico-sdk/lib/tinyusb/src/portable/raspberrypi/rp2040/rp2040_usb.c.obj
                0x1000520c                hw_endpoint_xfer_start
 .text.configuration_reset
                0x1000525c       0x84 CMakeFiles/telemetria_v1.dir/C_/Program_Files/Raspberry_Pi/Pico_SDK_v1.5.0/pico-sdk/lib/tinyusb/src/device/usbd.c.obj
 .text.usbd_reset
                0x100052e0        0xc CMakeFiles/telemetria_v1.dir/C_/Program_Files/Raspberry_Pi/Pico_SDK_v1.5.0/pico-sdk/lib/tinyusb/src/device/usbd.c.obj
 .text.invoke_class_control
                0x100052ec       0x1a CMakeFiles/telemetria_v1.dir/C_/Program_Files/Raspberry_Pi/Pico_SDK_v1.5.0/pico-sdk/lib/tinyusb/src/device/usbd.c.obj
 *fill*         0x10005306        0x2 
 .text.process_set_config
                0x10005308      0x178 CMakeFiles/telemetria_v1.dir/C_/Program_Files/Raspberry_Pi/Pico_SDK_v1.5.0/pico-sdk/lib/tinyusb/src/device/usbd.c.obj
 .text.process_get_descriptor
                0x10005480       0xdc CMakeFiles/telemetria_v1.dir/C_/Program_Files/Raspberry_Pi/Pico_SDK_v1.5.0/pico-sdk/lib/tinyusb/src/device/usbd.c.obj
 .text.tud_mounted
                0x1000555c       0x10 CMakeFiles/telemetria_v1.dir/C_/Program_Files/Raspberry_Pi/Pico_SDK_v1.5.0/pico-sdk/lib/tinyusb/src/device/usbd.c.obj
                0x1000555c                tud_mounted
 .text.tud_suspended
                0x1000556c       0x10 CMakeFiles/telemetria_v1.dir/C_/Program_Files/Raspberry_Pi/Pico_SDK_v1.5.0/pico-sdk/lib/tinyusb/src/device/usbd.c.obj
                0x1000556c                tud_suspended
 .text.tud_inited
                0x1000557c       0x14 CMakeFiles/telemetria_v1.dir/C_/Program_Files/Raspberry_Pi/Pico_SDK_v1.5.0/pico-sdk/lib/tinyusb/src/device/usbd.c.obj
                0x1000557c                tud_inited
 .text.tud_init
                0x10005590       0xcc CMakeFiles/telemetria_v1.dir/C_/Program_Files/Raspberry_Pi/Pico_SDK_v1.5.0/pico-sdk/lib/tinyusb/src/device/usbd.c.obj
                0x10005590                tud_init
 .text.usbd_defer_func
                0x1000565c       0x2a CMakeFiles/telemetria_v1.dir/C_/Program_Files/Raspberry_Pi/Pico_SDK_v1.5.0/pico-sdk/lib/tinyusb/src/device/usbd.c.obj
                0x1000565c                usbd_defer_func
 *fill*         0x10005686        0x2 
 .text.usbd_edpt_open
                0x10005688       0x34 CMakeFiles/telemetria_v1.dir/C_/Program_Files/Raspberry_Pi/Pico_SDK_v1.5.0/pico-sdk/lib/tinyusb/src/device/usbd.c.obj
                0x10005688                usbd_edpt_open
 .text.usbd_open_edpt_pair
                0x100056bc       0x62 CMakeFiles/telemetria_v1.dir/C_/Program_Files/Raspberry_Pi/Pico_SDK_v1.5.0/pico-sdk/lib/tinyusb/src/device/usbd.c.obj
                0x100056bc                usbd_open_edpt_pair
 *fill*         0x1000571e        0x2 
 .text.usbd_edpt_claim
                0x10005720       0x28 CMakeFiles/telemetria_v1.dir/C_/Program_Files/Raspberry_Pi/Pico_SDK_v1.5.0/pico-sdk/lib/tinyusb/src/device/usbd.c.obj
                0x10005720                usbd_edpt_claim
 .text.usbd_edpt_release
                0x10005748       0x28 CMakeFiles/telemetria_v1.dir/C_/Program_Files/Raspberry_Pi/Pico_SDK_v1.5.0/pico-sdk/lib/tinyusb/src/device/usbd.c.obj
                0x10005748                usbd_edpt_release
 .text.usbd_edpt_xfer
                0x10005770       0x78 CMakeFiles/telemetria_v1.dir/C_/Program_Files/Raspberry_Pi/Pico_SDK_v1.5.0/pico-sdk/lib/tinyusb/src/device/usbd.c.obj
                0x10005770                usbd_edpt_xfer
 .text.usbd_edpt_stall
                0x100057e8       0x48 CMakeFiles/telemetria_v1.dir/C_/Program_Files/Raspberry_Pi/Pico_SDK_v1.5.0/pico-sdk/lib/tinyusb/src/device/usbd.c.obj
                0x100057e8                usbd_edpt_stall
 .text.usbd_edpt_clear_stall
                0x10005830       0x48 CMakeFiles/telemetria_v1.dir/C_/Program_Files/Raspberry_Pi/Pico_SDK_v1.5.0/pico-sdk/lib/tinyusb/src/device/usbd.c.obj
                0x10005830                usbd_edpt_clear_stall
 .text.usbd_edpt_stalled
                0x10005878       0x1c CMakeFiles/telemetria_v1.dir/C_/Program_Files/Raspberry_Pi/Pico_SDK_v1.5.0/pico-sdk/lib/tinyusb/src/device/usbd.c.obj
                0x10005878                usbd_edpt_stalled
 .text.process_control_request
                0x10005894      0x37c CMakeFiles/telemetria_v1.dir/C_/Program_Files/Raspberry_Pi/Pico_SDK_v1.5.0/pico-sdk/lib/tinyusb/src/device/usbd.c.obj
 .text.tud_task_ext
                0x10005c10      0x1b4 CMakeFiles/telemetria_v1.dir/C_/Program_Files/Raspberry_Pi/Pico_SDK_v1.5.0/pico-sdk/lib/tinyusb/src/device/usbd.c.obj
                0x10005c10                tud_task_ext
 .text._data_stage_xact
                0x10005dc4       0x58 CMakeFiles/telemetria_v1.dir/C_/Program_Files/Raspberry_Pi/Pico_SDK_v1.5.0/pico-sdk/lib/tinyusb/src/device/usbd_control.c.obj
 .text.tud_control_status
                0x10005e1c       0x38 CMakeFiles/telemetria_v1.dir/C_/Program_Files/Raspberry_Pi/Pico_SDK_v1.5.0/pico-sdk/lib/tinyusb/src/device/usbd_control.c.obj
                0x10005e1c                tud_control_status
 .text.tud_control_xfer
                0x10005e54       0x74 CMakeFiles/telemetria_v1.dir/C_/Program_Files/Raspberry_Pi/Pico_SDK_v1.5.0/pico-sdk/lib/tinyusb/src/device/usbd_control.c.obj
                0x10005e54                tud_control_xfer
 .text.usbd_control_reset
                0x10005ec8       0x14 CMakeFiles/telemetria_v1.dir/C_/Program_Files/Raspberry_Pi/Pico_SDK_v1.5.0/pico-sdk/lib/tinyusb/src/device/usbd_control.c.obj
                0x10005ec8                usbd_control_reset
 .text.usbd_control_set_complete_callback
                0x10005edc        0xc CMakeFiles/telemetria_v1.dir/C_/Program_Files/Raspberry_Pi/Pico_SDK_v1.5.0/pico-sdk/lib/tinyusb/src/device/usbd_control.c.obj
                0x10005edc                usbd_control_set_complete_callback
 .text.usbd_control_set_request
                0x10005ee8       0x1c CMakeFiles/telemetria_v1.dir/C_/Program_Files/Raspberry_Pi/Pico_SDK_v1.5.0/pico-sdk/lib/tinyusb/src/device/usbd_control.c.obj
                0x10005ee8                usbd_control_set_request
 .text.usbd_control_xfer_cb
                0x10005f04       0xcc CMakeFiles/telemetria_v1.dir/C_/Program_Files/Raspberry_Pi/Pico_SDK_v1.5.0/pico-sdk/lib/tinyusb/src/device/usbd_control.c.obj
                0x10005f04                usbd_control_xfer_cb
 .text._prep_out_transaction
                0x10005fd0       0x4a CMakeFiles/telemetria_v1.dir/C_/Program_Files/Raspberry_Pi/Pico_SDK_v1.5.0/pico-sdk/lib/tinyusb/src/class/cdc/cdc_device.c.obj
 *fill*         0x1000601a        0x2 
 .text.tud_cdc_n_connected
                0x1000601c       0x44 CMakeFiles/telemetria_v1.dir/C_/Program_Files/Raspberry_Pi/Pico_SDK_v1.5.0/pico-sdk/lib/tinyusb/src/class/cdc/cdc_device.c.obj
                0x1000601c                tud_cdc_n_connected
 .text.tud_cdc_n_available
                0x10006060       0x18 CMakeFiles/telemetria_v1.dir/C_/Program_Files/Raspberry_Pi/Pico_SDK_v1.5.0/pico-sdk/lib/tinyusb/src/class/cdc/cdc_device.c.obj
                0x10006060                tud_cdc_n_available
 .text.tud_cdc_n_read
                0x10006078       0x28 CMakeFiles/telemetria_v1.dir/C_/Program_Files/Raspberry_Pi/Pico_SDK_v1.5.0/pico-sdk/lib/tinyusb/src/class/cdc/cdc_device.c.obj
                0x10006078                tud_cdc_n_read
 .text.tud_cdc_n_write_flush
                0x100060a0       0xb8 CMakeFiles/telemetria_v1.dir/C_/Program_Files/Raspberry_Pi/Pico_SDK_v1.5.0/pico-sdk/lib/tinyusb/src/class/cdc/cdc_device.c.obj
                0x100060a0                tud_cdc_n_write_flush
 .text.tud_cdc_n_write
                0x10006158       0x38 CMakeFiles/telemetria_v1.dir/C_/Program_Files/Raspberry_Pi/Pico_SDK_v1.5.0/pico-sdk/lib/tinyusb/src/class/cdc/cdc_device.c.obj
                0x10006158                tud_cdc_n_write
 .text.tud_cdc_n_write_available
                0x10006190       0x1c CMakeFiles/telemetria_v1.dir/C_/Program_Files/Raspberry_Pi/Pico_SDK_v1.5.0/pico-sdk/lib/tinyusb/src/class/cdc/cdc_device.c.obj
                0x10006190                tud_cdc_n_write_available
 .text.cdcd_init
                0x100061ac       0xbc CMakeFiles/telemetria_v1.dir/C_/Program_Files/Raspberry_Pi/Pico_SDK_v1.5.0/pico-sdk/lib/tinyusb/src/class/cdc/cdc_device.c.obj
                0x100061ac                cdcd_init
 .text.cdcd_reset
                0x10006268       0x44 CMakeFiles/telemetria_v1.dir/C_/Program_Files/Raspberry_Pi/Pico_SDK_v1.5.0/pico-sdk/lib/tinyusb/src/class/cdc/cdc_device.c.obj
                0x10006268                cdcd_reset
 .text.cdcd_open
                0x100062ac       0xcc CMakeFiles/telemetria_v1.dir/C_/Program_Files/Raspberry_Pi/Pico_SDK_v1.5.0/pico-sdk/lib/tinyusb/src/class/cdc/cdc_device.c.obj
                0x100062ac                cdcd_open
 .text.cdcd_control_xfer_cb
                0x10006378      0x134 CMakeFiles/telemetria_v1.dir/C_/Program_Files/Raspberry_Pi/Pico_SDK_v1.5.0/pico-sdk/lib/tinyusb/src/class/cdc/cdc_device.c.obj
                0x10006378                cdcd_control_xfer_cb
 .text.cdcd_xfer_cb
                0x100064ac      0x130 CMakeFiles/telemetria_v1.dir/C_/Program_Files/Raspberry_Pi/Pico_SDK_v1.5.0/pico-sdk/lib/tinyusb/src/class/cdc/cdc_device.c.obj
                0x100064ac                cdcd_xfer_cb
 .text.tusb_init
                0x100065dc        0xa CMakeFiles/telemetria_v1.dir/C_/Program_Files/Raspberry_Pi/Pico_SDK_v1.5.0/pico-sdk/lib/tinyusb/src/tusb.c.obj
                0x100065dc                tusb_init
 .text.tusb_inited
                0x100065e6        0xe CMakeFiles/telemetria_v1.dir/C_/Program_Files/Raspberry_Pi/Pico_SDK_v1.5.0/pico-sdk/lib/tinyusb/src/tusb.c.obj
                0x100065e6                tusb_inited
 .text.tu_edpt_claim
                0x100065f4       0x50 CMakeFiles/telemetria_v1.dir/C_/Program_Files/Raspberry_Pi/Pico_SDK_v1.5.0/pico-sdk/lib/tinyusb/src/tusb.c.obj
                0x100065f4                tu_edpt_claim
 .text.tu_edpt_release
                0x10006644       0x3c CMakeFiles/telemetria_v1.dir/C_/Program_Files/Raspberry_Pi/Pico_SDK_v1.5.0/pico-sdk/lib/tinyusb/src/tusb.c.obj
                0x10006644                tu_edpt_release
 .text.tu_edpt_validate
                0x10006680       0x78 CMakeFiles/telemetria_v1.dir/C_/Program_Files/Raspberry_Pi/Pico_SDK_v1.5.0/pico-sdk/lib/tinyusb/src/tusb.c.obj
                0x10006680                tu_edpt_validate
 .text.tu_edpt_bind_driver
                0x100066f8       0x26 CMakeFiles/telemetria_v1.dir/C_/Program_Files/Raspberry_Pi/Pico_SDK_v1.5.0/pico-sdk/lib/tinyusb/src/tusb.c.obj
                0x100066f8                tu_edpt_bind_driver
 .text.advance_index
                0x1000671e       0x1a CMakeFiles/telemetria_v1.dir/C_/Program_Files/Raspberry_Pi/Pico_SDK_v1.5.0/pico-sdk/lib/tinyusb/src/common/tusb_fifo.c.obj
 .text._tu_fifo_peek
                0x10006738       0x56 CMakeFiles/telemetria_v1.dir/C_/Program_Files/Raspberry_Pi/Pico_SDK_v1.5.0/pico-sdk/lib/tinyusb/src/common/tusb_fifo.c.obj
 .text._ff_pull_const_addr
                0x1000678e       0x4c CMakeFiles/telemetria_v1.dir/C_/Program_Files/Raspberry_Pi/Pico_SDK_v1.5.0/pico-sdk/lib/tinyusb/src/common/tusb_fifo.c.obj
 .text._ff_pull_n
                0x100067da      0x110 CMakeFiles/telemetria_v1.dir/C_/Program_Files/Raspberry_Pi/Pico_SDK_v1.5.0/pico-sdk/lib/tinyusb/src/common/tusb_fifo.c.obj
 .text._tu_fifo_peek_n
                0x100068ea       0x6a CMakeFiles/telemetria_v1.dir/C_/Program_Files/Raspberry_Pi/Pico_SDK_v1.5.0/pico-sdk/lib/tinyusb/src/common/tusb_fifo.c.obj
 .text._tu_fifo_read_n
                0x10006954       0x4e CMakeFiles/telemetria_v1.dir/C_/Program_Files/Raspberry_Pi/Pico_SDK_v1.5.0/pico-sdk/lib/tinyusb/src/common/tusb_fifo.c.obj
 .text._ff_push_const_addr
                0x100069a2       0x40 CMakeFiles/telemetria_v1.dir/C_/Program_Files/Raspberry_Pi/Pico_SDK_v1.5.0/pico-sdk/lib/tinyusb/src/common/tusb_fifo.c.obj
 .text._ff_push_n
                0x100069e2      0x10c CMakeFiles/telemetria_v1.dir/C_/Program_Files/Raspberry_Pi/Pico_SDK_v1.5.0/pico-sdk/lib/tinyusb/src/common/tusb_fifo.c.obj
 .text._tu_fifo_write_n
                0x10006aee       0xf0 CMakeFiles/telemetria_v1.dir/C_/Program_Files/Raspberry_Pi/Pico_SDK_v1.5.0/pico-sdk/lib/tinyusb/src/common/tusb_fifo.c.obj
 .text.tu_fifo_config
                0x10006bde       0x7c CMakeFiles/telemetria_v1.dir/C_/Program_Files/Raspberry_Pi/Pico_SDK_v1.5.0/pico-sdk/lib/tinyusb/src/common/tusb_fifo.c.obj
                0x10006bde                tu_fifo_config
 .text.tu_fifo_count
                0x10006c5a       0x2a CMakeFiles/telemetria_v1.dir/C_/Program_Files/Raspberry_Pi/Pico_SDK_v1.5.0/pico-sdk/lib/tinyusb/src/common/tusb_fifo.c.obj
                0x10006c5a                tu_fifo_count
 .text.tu_fifo_empty
                0x10006c84       0x10 CMakeFiles/telemetria_v1.dir/C_/Program_Files/Raspberry_Pi/Pico_SDK_v1.5.0/pico-sdk/lib/tinyusb/src/common/tusb_fifo.c.obj
                0x10006c84                tu_fifo_empty
 .text.tu_fifo_full
                0x10006c94       0x28 CMakeFiles/telemetria_v1.dir/C_/Program_Files/Raspberry_Pi/Pico_SDK_v1.5.0/pico-sdk/lib/tinyusb/src/common/tusb_fifo.c.obj
                0x10006c94                tu_fifo_full
 .text.tu_fifo_remaining
                0x10006cbc       0x2c CMakeFiles/telemetria_v1.dir/C_/Program_Files/Raspberry_Pi/Pico_SDK_v1.5.0/pico-sdk/lib/tinyusb/src/common/tusb_fifo.c.obj
                0x10006cbc                tu_fifo_remaining
 .text.tu_fifo_read
                0x10006ce8       0x42 CMakeFiles/telemetria_v1.dir/C_/Program_Files/Raspberry_Pi/Pico_SDK_v1.5.0/pico-sdk/lib/tinyusb/src/common/tusb_fifo.c.obj
                0x10006ce8                tu_fifo_read
 .text.tu_fifo_read_n
                0x10006d2a        0xa CMakeFiles/telemetria_v1.dir/C_/Program_Files/Raspberry_Pi/Pico_SDK_v1.5.0/pico-sdk/lib/tinyusb/src/common/tusb_fifo.c.obj
                0x10006d2a                tu_fifo_read_n
 .text.tu_fifo_write
                0x10006d34       0x64 CMakeFiles/telemetria_v1.dir/C_/Program_Files/Raspberry_Pi/Pico_SDK_v1.5.0/pico-sdk/lib/tinyusb/src/common/tusb_fifo.c.obj
                0x10006d34                tu_fifo_write
 .text.tu_fifo_write_n
                0x10006d98        0xa CMakeFiles/telemetria_v1.dir/C_/Program_Files/Raspberry_Pi/Pico_SDK_v1.5.0/pico-sdk/lib/tinyusb/src/common/tusb_fifo.c.obj
                0x10006d98                tu_fifo_write_n
 .text.tu_fifo_clear
                0x10006da2       0x3e CMakeFiles/telemetria_v1.dir/C_/Program_Files/Raspberry_Pi/Pico_SDK_v1.5.0/pico-sdk/lib/tinyusb/src/common/tusb_fifo.c.obj
                0x10006da2                tu_fifo_clear
 .text.tu_fifo_set_overwritable
                0x10006de0       0x46 CMakeFiles/telemetria_v1.dir/C_/Program_Files/Raspberry_Pi/Pico_SDK_v1.5.0/pico-sdk/lib/tinyusb/src/common/tusb_fifo.c.obj
                0x10006de0                tu_fifo_set_overwritable
 .text.validate_config
                0x10006e26       0x8e CMakeFiles/telemetria_v1.dir/pico-nrf24/lib/nrf24l01/nrf24_driver.c.obj
 .text.nrf_driver_configure
                0x10006eb4       0xd4 CMakeFiles/telemetria_v1.dir/pico-nrf24/lib/nrf24l01/nrf24_driver.c.obj
                0x10006eb4                nrf_driver_configure
 .text.r_register_byte
                0x10006f88       0x38 CMakeFiles/telemetria_v1.dir/pico-nrf24/lib/nrf24l01/nrf24_driver.c.obj
 .text.w_register
                0x10006fc0       0x64 CMakeFiles/telemetria_v1.dir/pico-nrf24/lib/nrf24l01/nrf24_driver.c.obj
 .text.nrf_driver_tx_destination
                0x10007024       0x4c CMakeFiles/telemetria_v1.dir/pico-nrf24/lib/nrf24l01/nrf24_driver.c.obj
                0x10007024                nrf_driver_tx_destination
 .text.nrf_driver_payload_size
                0x10007070       0x70 CMakeFiles/telemetria_v1.dir/pico-nrf24/lib/nrf24l01/nrf24_driver.c.obj
                0x10007070                nrf_driver_payload_size
 .text.nrf_driver_dyn_payloads_enable
                0x100070e0       0x64 CMakeFiles/telemetria_v1.dir/pico-nrf24/lib/nrf24l01/nrf24_driver.c.obj
                0x100070e0                nrf_driver_dyn_payloads_enable
 .text.nrf_driver_dyn_payloads_disable
                0x10007144       0x64 CMakeFiles/telemetria_v1.dir/pico-nrf24/lib/nrf24l01/nrf24_driver.c.obj
                0x10007144                nrf_driver_dyn_payloads_disable
 .text.nrf_driver_rf_channel
                0x100071a8       0x3c CMakeFiles/telemetria_v1.dir/pico-nrf24/lib/nrf24l01/nrf24_driver.c.obj
                0x100071a8                nrf_driver_rf_channel
 .text.nrf_driver_auto_retransmission
                0x100071e4       0x54 CMakeFiles/telemetria_v1.dir/pico-nrf24/lib/nrf24l01/nrf24_driver.c.obj
                0x100071e4                nrf_driver_auto_retransmission
 .text.nrf_driver_rf_data_rate
                0x10007238       0x58 CMakeFiles/telemetria_v1.dir/pico-nrf24/lib/nrf24l01/nrf24_driver.c.obj
                0x10007238                nrf_driver_rf_data_rate
 .text.nrf_driver_rf_power
                0x10007290       0x64 CMakeFiles/telemetria_v1.dir/pico-nrf24/lib/nrf24l01/nrf24_driver.c.obj
                0x10007290                nrf_driver_rf_power
 .text.nrf_driver_standby_mode
                0x100072f4       0x58 CMakeFiles/telemetria_v1.dir/pico-nrf24/lib/nrf24l01/nrf24_driver.c.obj
                0x100072f4                nrf_driver_standby_mode
 .text.flush_tx_fifo
                0x1000734c       0x34 CMakeFiles/telemetria_v1.dir/pico-nrf24/lib/nrf24l01/nrf24_driver.c.obj
 .text.check_status_irq
                0x10007380       0x8a CMakeFiles/telemetria_v1.dir/pico-nrf24/lib/nrf24l01/nrf24_driver.c.obj
 *fill*         0x1000740a        0x2 
 .text.nrf_driver_is_packet
                0x1000740c       0x30 CMakeFiles/telemetria_v1.dir/pico-nrf24/lib/nrf24l01/nrf24_driver.c.obj
                0x1000740c                nrf_driver_is_packet
 .text.flush_rx_fifo
                0x1000743c       0x34 CMakeFiles/telemetria_v1.dir/pico-nrf24/lib/nrf24l01/nrf24_driver.c.obj
 .text.nrf_driver_initialise
                0x10007470      0x100 CMakeFiles/telemetria_v1.dir/pico-nrf24/lib/nrf24l01/nrf24_driver.c.obj
                0x10007470                nrf_driver_initialise
 .text.nrf_driver_read_packet
                0x10007570       0xe4 CMakeFiles/telemetria_v1.dir/pico-nrf24/lib/nrf24l01/nrf24_driver.c.obj
                0x10007570                nrf_driver_read_packet
 .text.nrf_driver_rx_destination
                0x10007654       0xa0 CMakeFiles/telemetria_v1.dir/pico-nrf24/lib/nrf24l01/nrf24_driver.c.obj
                0x10007654                nrf_driver_rx_destination
 .text.nrf_driver_send_packet
                0x100076f4       0xd8 CMakeFiles/telemetria_v1.dir/pico-nrf24/lib/nrf24l01/nrf24_driver.c.obj
                0x100076f4                nrf_driver_send_packet
 .text.nrf_driver_receiver_mode
                0x100077cc       0x6c CMakeFiles/telemetria_v1.dir/pico-nrf24/lib/nrf24l01/nrf24_driver.c.obj
                0x100077cc                nrf_driver_receiver_mode
 .text.nrf_driver_create_client
                0x10007838       0x84 CMakeFiles/telemetria_v1.dir/pico-nrf24/lib/nrf24l01/nrf24_driver.c.obj
                0x10007838                nrf_driver_create_client
 .text.spi_manager_init_spi
                0x100078bc       0x1c CMakeFiles/telemetria_v1.dir/pico-nrf24/lib/nrf24l01/spi_manager/spi_manager.c.obj
                0x100078bc                spi_manager_init_spi
 .text.spi_manager_deinit_spi
                0x100078d8        0x8 CMakeFiles/telemetria_v1.dir/pico-nrf24/lib/nrf24l01/spi_manager/spi_manager.c.obj
                0x100078d8                spi_manager_deinit_spi
 .text.spi_manager_transfer
                0x100078e0       0x34 CMakeFiles/telemetria_v1.dir/pico-nrf24/lib/nrf24l01/spi_manager/spi_manager.c.obj
                0x100078e0                spi_manager_transfer
 .text.pin_manager_validate
                0x10007914       0x6e CMakeFiles/telemetria_v1.dir/pico-nrf24/lib/nrf24l01/pin_manager/pin_manager.c.obj
 .text.csn_put_high
                0x10007982        0xc CMakeFiles/telemetria_v1.dir/pico-nrf24/lib/nrf24l01/pin_manager/pin_manager.c.obj
                0x10007982                csn_put_high
 .text.csn_put_low
                0x1000798e        0xc CMakeFiles/telemetria_v1.dir/pico-nrf24/lib/nrf24l01/pin_manager/pin_manager.c.obj
                0x1000798e                csn_put_low
 .text.ce_put_high
                0x1000799a        0xc CMakeFiles/telemetria_v1.dir/pico-nrf24/lib/nrf24l01/pin_manager/pin_manager.c.obj
                0x1000799a                ce_put_high
 .text.ce_put_low
                0x100079a6        0xc CMakeFiles/telemetria_v1.dir/pico-nrf24/lib/nrf24l01/pin_manager/pin_manager.c.obj
                0x100079a6                ce_put_low
 .text.pin_manager_configure
                0x100079b2       0x5e CMakeFiles/telemetria_v1.dir/pico-nrf24/lib/nrf24l01/pin_manager/pin_manager.c.obj
                0x100079b2                pin_manager_configure
 .text.spi_deinit
                0x10007a10       0x34 CMakeFiles/telemetria_v1.dir/C_/Program_Files/Raspberry_Pi/Pico_SDK_v1.5.0/pico-sdk/src/rp2_common/hardware_spi/spi.c.obj
                0x10007a10                spi_deinit
 .text.spi_set_baudrate
                0x10007a44       0x92 CMakeFiles/telemetria_v1.dir/C_/Program_Files/Raspberry_Pi/Pico_SDK_v1.5.0/pico-sdk/src/rp2_common/hardware_spi/spi.c.obj
                0x10007a44                spi_set_baudrate
 *fill*         0x10007ad6        0x2 
 .text.spi_init
                0x10007ad8       0x68 CMakeFiles/telemetria_v1.dir/C_/Program_Files/Raspberry_Pi/Pico_SDK_v1.5.0/pico-sdk/src/rp2_common/hardware_spi/spi.c.obj
                0x10007ad8                spi_init
 .text.strlen   0x10007b40       0x5c c:/progra~1/raspbe~1/picosd~1.0/gcc-ar~1/bin/../lib/gcc/arm-none-eabi/10.3.1/../../../../arm-none-eabi/lib/thumb/v6-m/nofp\libg.a(lib_a-strlen-stub.o)
                0x10007b40                strlen
 *(.fini)
 .fini          0x10007b9c        0x4 c:/progra~1/raspbe~1/picosd~1.0/gcc-ar~1/bin/../lib/gcc/arm-none-eabi/10.3.1/thumb/v6-m/nofp/crti.o
                0x10007b9c                _fini
 .fini.__stub   0x10007ba0      0x100 linker stubs
 *crtbegin.o(.ctors)
 *crtbegin?.o(.ctors)
 *(EXCLUDE_FILE(*crtend.o *crtend?.o) .ctors)
 *(SORT_BY_NAME(.ctors.*))
 *(.ctors)
 *crtbegin.o(.dtors)
 *crtbegin?.o(.dtors)
 *(EXCLUDE_FILE(*crtend.o *crtend?.o) .dtors)
 *(SORT_BY_NAME(.dtors.*))
 *(.dtors)
 *(.eh_frame*)
 .eh_frame      0x10007ca0        0x0 c:/progra~1/raspbe~1/picosd~1.0/gcc-ar~1/bin/../lib/gcc/arm-none-eabi/10.3.1/thumb/v6-m/nofp/crtbegin.o
                0x10007ca0                . = ALIGN (0x4)

.glue_7         0x10007ca0        0x0
 .glue_7        0x10007ca0        0x0 linker stubs

.glue_7t        0x10007ca0        0x0
 .glue_7t       0x10007ca0        0x0 linker stubs

.vfp11_veneer   0x10007ca0        0x0
 .vfp11_veneer  0x10007ca0        0x0 linker stubs

.v4_bx          0x10007ca0        0x0
 .v4_bx         0x10007ca0        0x0 linker stubs

.iplt           0x10007ca0        0x0
 .iplt          0x10007ca0        0x0 c:/progra~1/raspbe~1/picosd~1.0/gcc-ar~1/bin/../lib/gcc/arm-none-eabi/10.3.1/thumb/v6-m/nofp/crtbegin.o

.rodata         0x10007ca0     0x187c
 *(EXCLUDE_FILE(*libm.a: *libc.a:*lib_a-mem*.o *libgcc.a:) .rodata*)
 .rodata.main.str1.4
                0x10007ca0      0x14a CMakeFiles/telemetria_v1.dir/telemetria_v1.c.obj
 *fill*         0x10007dea        0x2 
 .rodata        0x10007dec       0x29 CMakeFiles/telemetria_v1.dir/telemetria_v1.c.obj
 *fill*         0x10007e15        0x3 
 .rodata.__func__.0
                0x10007e18       0x15 CMakeFiles/telemetria_v1.dir/telemetria_v1.c.obj
 *fill*         0x10007e2d        0x3 
 .rodata.spin_lock_claim_unused.str1.4
                0x10007e30       0x1b CMakeFiles/telemetria_v1.dir/C_/Program_Files/Raspberry_Pi/Pico_SDK_v1.5.0/pico-sdk/src/rp2_common/hardware_sync/sync.c.obj
 *fill*         0x10007e4b        0x1 
 .rodata.make_branch.str1.4
                0x10007e4c       0x89 CMakeFiles/telemetria_v1.dir/C_/Program_Files/Raspberry_Pi/Pico_SDK_v1.5.0/pico-sdk/src/rp2_common/hardware_irq/irq.c.obj
 *fill*         0x10007ed5        0x3 
 .rodata.insert_branch_and_link.str1.4
                0x10007ed8       0x10 CMakeFiles/telemetria_v1.dir/C_/Program_Files/Raspberry_Pi/Pico_SDK_v1.5.0/pico-sdk/src/rp2_common/hardware_irq/irq.c.obj
 .rodata.irq_set_exclusive_handler.str1.4
                0x10007ee8       0x36 CMakeFiles/telemetria_v1.dir/C_/Program_Files/Raspberry_Pi/Pico_SDK_v1.5.0/pico-sdk/src/rp2_common/hardware_irq/irq.c.obj
 *fill*         0x10007f1e        0x2 
 .rodata.irq_add_shared_handler.str1.4
                0x10007f20       0xd9 CMakeFiles/telemetria_v1.dir/C_/Program_Files/Raspberry_Pi/Pico_SDK_v1.5.0/pico-sdk/src/rp2_common/hardware_irq/irq.c.obj
 *fill*         0x10007ff9        0x3 
 .rodata.irq_remove_handler.str1.4
                0x10007ffc       0x3a CMakeFiles/telemetria_v1.dir/C_/Program_Files/Raspberry_Pi/Pico_SDK_v1.5.0/pico-sdk/src/rp2_common/hardware_irq/irq.c.obj
 *fill*         0x10008036        0x2 
 .rodata.irq_add_tail_to_free_list.str1.4
                0x10008038       0x3a CMakeFiles/telemetria_v1.dir/C_/Program_Files/Raspberry_Pi/Pico_SDK_v1.5.0/pico-sdk/src/rp2_common/hardware_irq/irq.c.obj
 *fill*         0x10008072        0x2 
 .rodata.user_irq_claim_unused.str1.4
                0x10008074       0x1b CMakeFiles/telemetria_v1.dir/C_/Program_Files/Raspberry_Pi/Pico_SDK_v1.5.0/pico-sdk/src/rp2_common/hardware_irq/irq.c.obj
 *fill*         0x1000808f        0x1 
 .rodata.__func__.0
                0x10008090       0x1a CMakeFiles/telemetria_v1.dir/C_/Program_Files/Raspberry_Pi/Pico_SDK_v1.5.0/pico-sdk/src/rp2_common/hardware_irq/irq.c.obj
 *fill*         0x100080aa        0x2 
 .rodata.__func__.1
                0x100080ac       0x17 CMakeFiles/telemetria_v1.dir/C_/Program_Files/Raspberry_Pi/Pico_SDK_v1.5.0/pico-sdk/src/rp2_common/hardware_irq/irq.c.obj
 *fill*         0x100080c3        0x1 
 .rodata.__func__.2
                0x100080c4       0x13 CMakeFiles/telemetria_v1.dir/C_/Program_Files/Raspberry_Pi/Pico_SDK_v1.5.0/pico-sdk/src/rp2_common/hardware_irq/irq.c.obj
 *fill*         0x100080d7        0x1 
 .rodata.__func__.3
                0x100080d8        0xc CMakeFiles/telemetria_v1.dir/C_/Program_Files/Raspberry_Pi/Pico_SDK_v1.5.0/pico-sdk/src/rp2_common/hardware_irq/irq.c.obj
 .rodata.__func__.4
                0x100080e4        0xf CMakeFiles/telemetria_v1.dir/C_/Program_Files/Raspberry_Pi/Pico_SDK_v1.5.0/pico-sdk/src/rp2_common/hardware_irq/irq.c.obj
 *fill*         0x100080f3        0x1 
 .rodata.__func__.5
                0x100080f4       0x17 CMakeFiles/telemetria_v1.dir/C_/Program_Files/Raspberry_Pi/Pico_SDK_v1.5.0/pico-sdk/src/rp2_common/hardware_irq/irq.c.obj
 *fill*         0x1000810b        0x1 
 .rodata.__func__.6
                0x1000810c       0x1a CMakeFiles/telemetria_v1.dir/C_/Program_Files/Raspberry_Pi/Pico_SDK_v1.5.0/pico-sdk/src/rp2_common/hardware_irq/irq.c.obj
 *fill*         0x10008126        0x2 
 .rodata.str1.4
                0x10008128       0xa5 CMakeFiles/telemetria_v1.dir/C_/Program_Files/Raspberry_Pi/Pico_SDK_v1.5.0/pico-sdk/src/common/pico_sync/mutex.c.obj
                                0x125 (size before relaxing)
 *fill*         0x100081cd        0x3 
 .rodata.__func__.1
                0x100081d0        0xb CMakeFiles/telemetria_v1.dir/C_/Program_Files/Raspberry_Pi/Pico_SDK_v1.5.0/pico-sdk/src/common/pico_sync/mutex.c.obj
 *fill*         0x100081db        0x1 
 .rodata.__func__.3
                0x100081dc       0x18 CMakeFiles/telemetria_v1.dir/C_/Program_Files/Raspberry_Pi/Pico_SDK_v1.5.0/pico-sdk/src/common/pico_sync/mutex.c.obj
 .rodata.__func__.4
                0x100081f4       0x15 CMakeFiles/telemetria_v1.dir/C_/Program_Files/Raspberry_Pi/Pico_SDK_v1.5.0/pico-sdk/src/common/pico_sync/mutex.c.obj
 *fill*         0x10008209        0x3 
 .rodata.repeating_timer_callback.str1.4
                0x1000820c       0x67 CMakeFiles/telemetria_v1.dir/C_/Program_Files/Raspberry_Pi/Pico_SDK_v1.5.0/pico-sdk/src/common/pico_time/time.c.obj
 *fill*         0x10008273        0x1 
 .rodata.timer_pool_entry_comparator.str1.4
                0x10008274       0x22 CMakeFiles/telemetria_v1.dir/C_/Program_Files/Raspberry_Pi/Pico_SDK_v1.5.0/pico-sdk/src/common/pico_time/time.c.obj
 *fill*         0x10008296        0x2 
 .rodata.ph_add_child_node.str1.4
                0x10008298       0xb2 CMakeFiles/telemetria_v1.dir/C_/Program_Files/Raspberry_Pi/Pico_SDK_v1.5.0/pico-sdk/src/common/pico_time/time.c.obj
 *fill*         0x1000834a        0x2 
 .rodata.add_alarm_under_lock.str1.4
                0x1000834c       0x28 CMakeFiles/telemetria_v1.dir/C_/Program_Files/Raspberry_Pi/Pico_SDK_v1.5.0/pico-sdk/src/common/pico_time/time.c.obj
                                 0x2b (size before relaxing)
 .rodata.alarm_pool_alarm_callback.str1.4
                0x10008374       0x98 CMakeFiles/telemetria_v1.dir/C_/Program_Files/Raspberry_Pi/Pico_SDK_v1.5.0/pico-sdk/src/common/pico_time/time.c.obj
                                0x118 (size before relaxing)
 .rodata.alarm_pool_get_default.str1.4
                0x1000840c       0x21 CMakeFiles/telemetria_v1.dir/C_/Program_Files/Raspberry_Pi/Pico_SDK_v1.5.0/pico-sdk/src/common/pico_time/time.c.obj
 *fill*         0x1000842d        0x3 
 .rodata.alarm_pool_cancel_alarm.str1.4
                0x10008430       0x27 CMakeFiles/telemetria_v1.dir/C_/Program_Files/Raspberry_Pi/Pico_SDK_v1.5.0/pico-sdk/src/common/pico_time/time.c.obj
 *fill*         0x10008457        0x1 
 .rodata.sleep_until.str1.4
                0x10008458       0x4d CMakeFiles/telemetria_v1.dir/C_/Program_Files/Raspberry_Pi/Pico_SDK_v1.5.0/pico-sdk/src/common/pico_time/time.c.obj
 *fill*         0x100084a5        0x3 
 .rodata.__func__.1
                0x100084a8       0x18 CMakeFiles/telemetria_v1.dir/C_/Program_Files/Raspberry_Pi/Pico_SDK_v1.5.0/pico-sdk/src/common/pico_time/time.c.obj
 .rodata.__func__.10
                0x100084c0       0x15 CMakeFiles/telemetria_v1.dir/C_/Program_Files/Raspberry_Pi/Pico_SDK_v1.5.0/pico-sdk/src/common/pico_time/time.c.obj
 *fill*         0x100084d5        0x3 
 .rodata.__func__.11
                0x100084d8       0x1a CMakeFiles/telemetria_v1.dir/C_/Program_Files/Raspberry_Pi/Pico_SDK_v1.5.0/pico-sdk/src/common/pico_time/time.c.obj
 *fill*         0x100084f2        0x2 
 .rodata.__func__.12
                0x100084f4        0xa CMakeFiles/telemetria_v1.dir/C_/Program_Files/Raspberry_Pi/Pico_SDK_v1.5.0/pico-sdk/src/common/pico_time/time.c.obj
 *fill*         0x100084fe        0x2 
 .rodata.__func__.3
                0x10008500       0x17 CMakeFiles/telemetria_v1.dir/C_/Program_Files/Raspberry_Pi/Pico_SDK_v1.5.0/pico-sdk/src/common/pico_time/time.c.obj
 *fill*         0x10008517        0x1 
 .rodata.__func__.4
                0x10008518       0x12 CMakeFiles/telemetria_v1.dir/C_/Program_Files/Raspberry_Pi/Pico_SDK_v1.5.0/pico-sdk/src/common/pico_time/time.c.obj
 *fill*         0x1000852a        0x2 
 .rodata.__func__.5
                0x1000852c        0xd CMakeFiles/telemetria_v1.dir/C_/Program_Files/Raspberry_Pi/Pico_SDK_v1.5.0/pico-sdk/src/common/pico_time/time.c.obj
 *fill*         0x10008539        0x3 
 .rodata.__func__.6
                0x1000853c       0x12 CMakeFiles/telemetria_v1.dir/C_/Program_Files/Raspberry_Pi/Pico_SDK_v1.5.0/pico-sdk/src/common/pico_time/time.c.obj
 *fill*         0x1000854e        0x2 
 .rodata.__func__.7
                0x10008550        0xf CMakeFiles/telemetria_v1.dir/C_/Program_Files/Raspberry_Pi/Pico_SDK_v1.5.0/pico-sdk/src/common/pico_time/time.c.obj
 *fill*         0x1000855f        0x1 
 .rodata.__func__.8
                0x10008560        0xc CMakeFiles/telemetria_v1.dir/C_/Program_Files/Raspberry_Pi/Pico_SDK_v1.5.0/pico-sdk/src/common/pico_time/time.c.obj
 .rodata.__func__.9
                0x1000856c       0x15 CMakeFiles/telemetria_v1.dir/C_/Program_Files/Raspberry_Pi/Pico_SDK_v1.5.0/pico-sdk/src/common/pico_time/time.c.obj
 *fill*         0x10008581        0x3 
 .rodata.hardware_alarm_claim.str1.4
                0x10008584       0x22 CMakeFiles/telemetria_v1.dir/C_/Program_Files/Raspberry_Pi/Pico_SDK_v1.5.0/pico-sdk/src/rp2_common/hardware_timer/timer.c.obj
 *fill*         0x100085a6        0x2 
 .rodata.hardware_alarm_set_target.str1.4
                0x100085a8       0x81 CMakeFiles/telemetria_v1.dir/C_/Program_Files/Raspberry_Pi/Pico_SDK_v1.5.0/pico-sdk/src/rp2_common/hardware_timer/timer.c.obj
 *fill*         0x10008629        0x3 
 .rodata.__func__.0
                0x1000862c       0x1a CMakeFiles/telemetria_v1.dir/C_/Program_Files/Raspberry_Pi/Pico_SDK_v1.5.0/pico-sdk/src/rp2_common/hardware_timer/timer.c.obj
 .rodata.ph_add_child_node.str1.4
                0x10008646       0xb2 CMakeFiles/telemetria_v1.dir/C_/Program_Files/Raspberry_Pi/Pico_SDK_v1.5.0/pico-sdk/src/common/pico_util/pheap.c.obj
 *fill*         0x10008646        0x2 
 .rodata.ph_remove_any_head.str1.4
                0x10008648       0xa8 CMakeFiles/telemetria_v1.dir/C_/Program_Files/Raspberry_Pi/Pico_SDK_v1.5.0/pico-sdk/src/common/pico_util/pheap.c.obj
                                 0xbc (size before relaxing)
 .rodata.ph_remove_and_free_node.str1.4
                0x100086f0       0x1e CMakeFiles/telemetria_v1.dir/C_/Program_Files/Raspberry_Pi/Pico_SDK_v1.5.0/pico-sdk/src/common/pico_util/pheap.c.obj
                                 0x26 (size before relaxing)
 *fill*         0x1000870e        0x2 
 .rodata.__func__.0
                0x10008710       0x18 CMakeFiles/telemetria_v1.dir/C_/Program_Files/Raspberry_Pi/Pico_SDK_v1.5.0/pico-sdk/src/common/pico_util/pheap.c.obj
 .rodata.__func__.1
                0x10008728       0x13 CMakeFiles/telemetria_v1.dir/C_/Program_Files/Raspberry_Pi/Pico_SDK_v1.5.0/pico-sdk/src/common/pico_util/pheap.c.obj
 *fill*         0x1000873b        0x1 
 .rodata.__func__.2
                0x1000873c       0x12 CMakeFiles/telemetria_v1.dir/C_/Program_Files/Raspberry_Pi/Pico_SDK_v1.5.0/pico-sdk/src/common/pico_util/pheap.c.obj
 *fill*         0x1000874e        0x2 
 .rodata.__func__.3
                0x10008750        0xc CMakeFiles/telemetria_v1.dir/C_/Program_Files/Raspberry_Pi/Pico_SDK_v1.5.0/pico-sdk/src/common/pico_util/pheap.c.obj
 .rodata.clock_configure.str1.4
                0x1000875c       0x73 CMakeFiles/telemetria_v1.dir/C_/Program_Files/Raspberry_Pi/Pico_SDK_v1.5.0/pico-sdk/src/rp2_common/hardware_clocks/clocks.c.obj
 *fill*         0x100087cf        0x1 
 .rodata.__func__.1
                0x100087d0       0x10 CMakeFiles/telemetria_v1.dir/C_/Program_Files/Raspberry_Pi/Pico_SDK_v1.5.0/pico-sdk/src/rp2_common/hardware_clocks/clocks.c.obj
 .rodata.pll_init.str1.4
                0x100087e0      0x13f CMakeFiles/telemetria_v1.dir/C_/Program_Files/Raspberry_Pi/Pico_SDK_v1.5.0/pico-sdk/src/rp2_common/hardware_pll/pll.c.obj
 *fill*         0x1000891f        0x1 
 .rodata.__func__.0
                0x10008920        0x9 CMakeFiles/telemetria_v1.dir/C_/Program_Files/Raspberry_Pi/Pico_SDK_v1.5.0/pico-sdk/src/rp2_common/hardware_pll/pll.c.obj
 *fill*         0x10008929        0x3 
 .rodata.__assert_func.str1.4
                0x1000892c       0x3f CMakeFiles/telemetria_v1.dir/C_/Program_Files/Raspberry_Pi/Pico_SDK_v1.5.0/pico-sdk/src/rp2_common/pico_runtime/runtime.c.obj
                                 0x43 (size before relaxing)
 *fill*         0x1000896b        0x1 
 .rodata.runtime_init.str1.4
                0x1000896c       0x7d CMakeFiles/telemetria_v1.dir/C_/Program_Files/Raspberry_Pi/Pico_SDK_v1.5.0/pico-sdk/src/rp2_common/pico_runtime/runtime.c.obj
 *fill*         0x100089e9        0x3 
 .rodata.panic.str1.4
                0x100089ec       0x12 CMakeFiles/telemetria_v1.dir/C_/Program_Files/Raspberry_Pi/Pico_SDK_v1.5.0/pico-sdk/src/rp2_common/pico_runtime/runtime.c.obj
 *fill*         0x100089fe        0x2 
 .rodata.__func__.2
                0x10008a00        0xd CMakeFiles/telemetria_v1.dir/C_/Program_Files/Raspberry_Pi/Pico_SDK_v1.5.0/pico-sdk/src/rp2_common/pico_runtime/runtime.c.obj
 *fill*         0x10008a0d        0x3 
 .rodata._ftoa.str1.4
                0x10008a10       0x15 CMakeFiles/telemetria_v1.dir/C_/Program_Files/Raspberry_Pi/Pico_SDK_v1.5.0/pico-sdk/src/rp2_common/pico_printf/printf.c.obj
 *fill*         0x10008a25        0x3 
 .rodata._vsnprintf
                0x10008a28      0x1e0 CMakeFiles/telemetria_v1.dir/C_/Program_Files/Raspberry_Pi/Pico_SDK_v1.5.0/pico-sdk/src/rp2_common/pico_printf/printf.c.obj
 .rodata.pow10.0
                0x10008c08       0x50 CMakeFiles/telemetria_v1.dir/C_/Program_Files/Raspberry_Pi/Pico_SDK_v1.5.0/pico-sdk/src/rp2_common/pico_printf/printf.c.obj
 .rodata.__aeabi_double_init.str1.4
                0x10008c58       0xc4 CMakeFiles/telemetria_v1.dir/C_/Program_Files/Raspberry_Pi/Pico_SDK_v1.5.0/pico-sdk/src/rp2_common/pico_double/double_init_rom.c.obj
 .rodata.__func__.0
                0x10008d1c       0x14 CMakeFiles/telemetria_v1.dir/C_/Program_Files/Raspberry_Pi/Pico_SDK_v1.5.0/pico-sdk/src/rp2_common/pico_double/double_init_rom.c.obj
 .rodata.__aeabi_float_init.str1.4
                0x10008d30       0x96 CMakeFiles/telemetria_v1.dir/C_/Program_Files/Raspberry_Pi/Pico_SDK_v1.5.0/pico-sdk/src/rp2_common/pico_float/float_init_rom.c.obj
                                 0x9a (size before relaxing)
 *fill*         0x10008dc6        0x2 
 .rodata.__func__.0
                0x10008dc8       0x13 CMakeFiles/telemetria_v1.dir/C_/Program_Files/Raspberry_Pi/Pico_SDK_v1.5.0/pico-sdk/src/rp2_common/pico_float/float_init_rom.c.obj
 *fill*         0x10008ddb        0x1 
 .rodata.str1.4
                0x10008ddc       0x48 CMakeFiles/telemetria_v1.dir/C_/Program_Files/Raspberry_Pi/Pico_SDK_v1.5.0/pico-sdk/src/rp2_common/pico_standard_link/binary_info.c.obj
 .rodata.__bi_44
                0x10008e24        0xc CMakeFiles/telemetria_v1.dir/C_/Program_Files/Raspberry_Pi/Pico_SDK_v1.5.0/pico-sdk/src/rp2_common/pico_standard_link/binary_info.c.obj
 .rodata.__bi_56
                0x10008e30        0xc CMakeFiles/telemetria_v1.dir/C_/Program_Files/Raspberry_Pi/Pico_SDK_v1.5.0/pico-sdk/src/rp2_common/pico_standard_link/binary_info.c.obj
 .rodata.__bi_75
                0x10008e3c        0xc CMakeFiles/telemetria_v1.dir/C_/Program_Files/Raspberry_Pi/Pico_SDK_v1.5.0/pico-sdk/src/rp2_common/pico_standard_link/binary_info.c.obj
 .rodata.__bi_81
                0x10008e48        0xc CMakeFiles/telemetria_v1.dir/C_/Program_Files/Raspberry_Pi/Pico_SDK_v1.5.0/pico-sdk/src/rp2_common/pico_standard_link/binary_info.c.obj
 .rodata.stdout_serialize_begin.str1.4
                0x10008e54       0x7d CMakeFiles/telemetria_v1.dir/C_/Program_Files/Raspberry_Pi/Pico_SDK_v1.5.0/pico-sdk/src/rp2_common/pico_stdio/stdio.c.obj
 .rodata.__func__.3
                0x10008e54       0x15 CMakeFiles/telemetria_v1.dir/C_/Program_Files/Raspberry_Pi/Pico_SDK_v1.5.0/pico-sdk/src/rp2_common/pico_stdio/stdio.c.obj
 *fill*         0x10008e69        0x3 
 .rodata.crlf_str.2
                0x10008e6c        0x2 CMakeFiles/telemetria_v1.dir/C_/Program_Files/Raspberry_Pi/Pico_SDK_v1.5.0/pico-sdk/src/rp2_common/pico_stdio/stdio.c.obj
 *fill*         0x10008e6e        0x2 
 .rodata._resetd_driver
                0x10008e70       0x18 CMakeFiles/telemetria_v1.dir/C_/Program_Files/Raspberry_Pi/Pico_SDK_v1.5.0/pico-sdk/src/rp2_common/pico_stdio_usb/reset_interface.c.obj
 .rodata.low_priority_worker_irq.str1.4
                0x10008e88       0x7d CMakeFiles/telemetria_v1.dir/C_/Program_Files/Raspberry_Pi/Pico_SDK_v1.5.0/pico-sdk/src/rp2_common/pico_stdio_usb/stdio_usb.c.obj
 .rodata.stdio_usb_init.str1.4
                0x10008e88       0x61 CMakeFiles/telemetria_v1.dir/C_/Program_Files/Raspberry_Pi/Pico_SDK_v1.5.0/pico-sdk/src/rp2_common/pico_stdio_usb/stdio_usb.c.obj
                                 0x69 (size before relaxing)
 *fill*         0x10008ee9        0x3 
 .rodata.str1.4
                0x10008eec       0x13 CMakeFiles/telemetria_v1.dir/C_/Program_Files/Raspberry_Pi/Pico_SDK_v1.5.0/pico-sdk/src/rp2_common/pico_stdio_usb/stdio_usb.c.obj
 *fill*         0x10008eff        0x1 
 .rodata.__bi_188.0
                0x10008f00        0xc CMakeFiles/telemetria_v1.dir/C_/Program_Files/Raspberry_Pi/Pico_SDK_v1.5.0/pico-sdk/src/rp2_common/pico_stdio_usb/stdio_usb.c.obj
 .rodata.__func__.1
                0x10008f0c        0xf CMakeFiles/telemetria_v1.dir/C_/Program_Files/Raspberry_Pi/Pico_SDK_v1.5.0/pico-sdk/src/rp2_common/pico_stdio_usb/stdio_usb.c.obj
 *fill*         0x10008f1b        0x1 
 .rodata.__func__.3
                0x10008f1c       0x15 CMakeFiles/telemetria_v1.dir/C_/Program_Files/Raspberry_Pi/Pico_SDK_v1.5.0/pico-sdk/src/rp2_common/pico_stdio_usb/stdio_usb.c.obj
 *fill*         0x10008f31        0x3 
 .rodata.str1.4
                0x10008f34       0x2a CMakeFiles/telemetria_v1.dir/C_/Program_Files/Raspberry_Pi/Pico_SDK_v1.5.0/pico-sdk/src/rp2_common/pico_stdio_usb/stdio_usb_descriptors.c.obj
 *fill*         0x10008f5e        0x2 
 .rodata.usbd_desc_cfg
                0x10008f60       0x54 CMakeFiles/telemetria_v1.dir/C_/Program_Files/Raspberry_Pi/Pico_SDK_v1.5.0/pico-sdk/src/rp2_common/pico_stdio_usb/stdio_usb_descriptors.c.obj
 .rodata.usbd_desc_device
                0x10008fb4       0x12 CMakeFiles/telemetria_v1.dir/C_/Program_Files/Raspberry_Pi/Pico_SDK_v1.5.0/pico-sdk/src/rp2_common/pico_stdio_usb/stdio_usb_descriptors.c.obj
 *fill*         0x10008fc6        0x2 
 .rodata.usbd_desc_str
                0x10008fc8       0x18 CMakeFiles/telemetria_v1.dir/C_/Program_Files/Raspberry_Pi/Pico_SDK_v1.5.0/pico-sdk/src/rp2_common/pico_stdio_usb/stdio_usb_descriptors.c.obj
 .rodata.pico_get_unique_board_id_string.str1.4
                0x10008fe0       0x69 CMakeFiles/telemetria_v1.dir/C_/Program_Files/Raspberry_Pi/Pico_SDK_v1.5.0/pico-sdk/src/rp2_common/pico_unique_id/unique_id.c.obj
 *fill*         0x10009049        0x3 
 .rodata.__func__.0
                0x1000904c       0x20 CMakeFiles/telemetria_v1.dir/C_/Program_Files/Raspberry_Pi/Pico_SDK_v1.5.0/pico-sdk/src/rp2_common/pico_unique_id/unique_id.c.obj
 .rodata.str1.4
                0x1000906c      0x176 CMakeFiles/telemetria_v1.dir/C_/Program_Files/Raspberry_Pi/Pico_SDK_v1.5.0/pico-sdk/src/rp2_common/hardware_flash/flash.c.obj
 *fill*         0x100091e2        0x2 
 .rodata.__func__.0
                0x100091e4        0xd CMakeFiles/telemetria_v1.dir/C_/Program_Files/Raspberry_Pi/Pico_SDK_v1.5.0/pico-sdk/src/rp2_common/hardware_flash/flash.c.obj
 *fill*         0x100091f1        0x3 
 .rodata._hw_endpoint_alloc.str1.4
                0x100091f4       0xd1 CMakeFiles/telemetria_v1.dir/C_/Program_Files/Raspberry_Pi/Pico_SDK_v1.5.0/pico-sdk/lib/tinyusb/src/portable/raspberrypi/rp2040/dcd_rp2040.c.obj
 *fill*         0x100092c5        0x3 
 .rodata.str1.4
                0x100092c8       0x14 CMakeFiles/telemetria_v1.dir/C_/Program_Files/Raspberry_Pi/Pico_SDK_v1.5.0/pico-sdk/lib/tinyusb/src/portable/raspberrypi/rp2040/dcd_rp2040.c.obj
 .rodata.dcd_int_enable.str1.4
                0x100092dc        0xc CMakeFiles/telemetria_v1.dir/C_/Program_Files/Raspberry_Pi/Pico_SDK_v1.5.0/pico-sdk/lib/tinyusb/src/portable/raspberrypi/rp2040/dcd_rp2040.c.obj
 .rodata.__func__.0
                0x100092e8        0xe CMakeFiles/telemetria_v1.dir/C_/Program_Files/Raspberry_Pi/Pico_SDK_v1.5.0/pico-sdk/lib/tinyusb/src/portable/raspberrypi/rp2040/dcd_rp2040.c.obj
 *fill*         0x100092f6        0x2 
 .rodata.__func__.1
                0x100092f8        0xe CMakeFiles/telemetria_v1.dir/C_/Program_Files/Raspberry_Pi/Pico_SDK_v1.5.0/pico-sdk/lib/tinyusb/src/portable/raspberrypi/rp2040/dcd_rp2040.c.obj
 *fill*         0x10009306        0x2 
 .rodata.__func__.3
                0x10009308       0x10 CMakeFiles/telemetria_v1.dir/C_/Program_Files/Raspberry_Pi/Pico_SDK_v1.5.0/pico-sdk/lib/tinyusb/src/portable/raspberrypi/rp2040/dcd_rp2040.c.obj
 .rodata.__func__.5
                0x10009318        0xf CMakeFiles/telemetria_v1.dir/C_/Program_Files/Raspberry_Pi/Pico_SDK_v1.5.0/pico-sdk/lib/tinyusb/src/portable/raspberrypi/rp2040/dcd_rp2040.c.obj
 *fill*         0x10009327        0x1 
 .rodata.__func__.6
                0x10009328       0x13 CMakeFiles/telemetria_v1.dir/C_/Program_Files/Raspberry_Pi/Pico_SDK_v1.5.0/pico-sdk/lib/tinyusb/src/portable/raspberrypi/rp2040/dcd_rp2040.c.obj
 *fill*         0x1000933b        0x1 
 .rodata.__func__.7
                0x1000933c        0x9 CMakeFiles/telemetria_v1.dir/C_/Program_Files/Raspberry_Pi/Pico_SDK_v1.5.0/pico-sdk/lib/tinyusb/src/portable/raspberrypi/rp2040/dcd_rp2040.c.obj
 *fill*         0x10009345        0x3 
 .rodata.str1.4
                0x10009348      0x103 CMakeFiles/telemetria_v1.dir/C_/Program_Files/Raspberry_Pi/Pico_SDK_v1.5.0/pico-sdk/lib/tinyusb/src/portable/raspberrypi/rp2040/rp2040_usb.c.obj
 *fill*         0x1000944b        0x1 
 .rodata.__func__.0
                0x1000944c        0xf CMakeFiles/telemetria_v1.dir/C_/Program_Files/Raspberry_Pi/Pico_SDK_v1.5.0/pico-sdk/lib/tinyusb/src/portable/raspberrypi/rp2040/rp2040_usb.c.obj
 *fill*         0x1000945b        0x1 
 .rodata.process_get_descriptor
                0x1000945c       0x40 CMakeFiles/telemetria_v1.dir/C_/Program_Files/Raspberry_Pi/Pico_SDK_v1.5.0/pico-sdk/lib/tinyusb/src/device/usbd.c.obj
 .rodata.process_control_request
                0x1000949c       0x28 CMakeFiles/telemetria_v1.dir/C_/Program_Files/Raspberry_Pi/Pico_SDK_v1.5.0/pico-sdk/lib/tinyusb/src/device/usbd.c.obj
 .rodata.tud_task_ext
                0x100094c4       0x24 CMakeFiles/telemetria_v1.dir/C_/Program_Files/Raspberry_Pi/Pico_SDK_v1.5.0/pico-sdk/lib/tinyusb/src/device/usbd.c.obj
 .rodata._usbd_driver
                0x100094e8       0x18 CMakeFiles/telemetria_v1.dir/C_/Program_Files/Raspberry_Pi/Pico_SDK_v1.5.0/pico-sdk/lib/tinyusb/src/device/usbd.c.obj
 .rodata.nrf_driver_rx_destination.str1.4
                0x10009500        0x7 CMakeFiles/telemetria_v1.dir/pico-nrf24/lib/nrf24l01/nrf24_driver.c.obj
 *fill*         0x10009507        0x1 
 .rodata        0x10009508       0x12 CMakeFiles/telemetria_v1.dir/pico-nrf24/lib/nrf24l01/nrf24_driver.c.obj
                0x1000951c                . = ALIGN (0x4)
 *fill*         0x1000951a        0x2 
 *(SORT_BY_ALIGNMENT(SORT_BY_NAME(.flashdata*)))
                0x1000951c                . = ALIGN (0x4)

.rel.dyn        0x1000951c        0x0
 .rel.iplt      0x1000951c        0x0 c:/progra~1/raspbe~1/picosd~1.0/gcc-ar~1/bin/../lib/gcc/arm-none-eabi/10.3.1/thumb/v6-m/nofp/crtbegin.o

.ARM.extab
 *(.ARM.extab* .gnu.linkonce.armextab.*)
                0x1000951c                __exidx_start = .

.ARM.exidx
 *(.ARM.exidx* .gnu.linkonce.armexidx.*)
                0x1000951c                __exidx_end = .
                0x1000951c                . = ALIGN (0x4)
                0x1000951c                __binary_info_start = .

.binary_info    0x1000951c       0x24
 *(.binary_info.keep.*)
 .binary_info.keep.__bi_ptr22
                0x1000951c        0x4 CMakeFiles/telemetria_v1.dir/C_/Program_Files/Raspberry_Pi/Pico_SDK_v1.5.0/pico-sdk/src/rp2_common/pico_standard_link/binary_info.c.obj
 .binary_info.keep.__bi_ptr30