Archive member included to satisfy reference by file (symbol)

c:/progra~1/raspbe~1/picosd~1.0/gcc-ar~1/bin/../lib/gcc/arm-none-eabi/10.3.1/thumb/v6-m/nofp\libgcc.a(_dvmd_tls.o)
                              CMakeFiles/telemetria_v1.dir/C_/Program_Files/Raspberry_Pi/Pico_SDK_v1.5.0/pico-sdk/src/rp2_common/pico_divider/divider.S.obj (__aeabi_idiv0)
c:/progra~1/raspbe~1/picosd~1.0/gcc-ar~1/bin/../lib/gcc/arm-none-eabi/10.3.1/../../../../arm-none-eabi/lib/thumb/v6-m/nofp\libg.a(lib_a-calloc.o)
                              CMakeFiles/telemetria_v1.dir/C_/Program_Files/Raspberry_Pi/Pico_SDK_v1.5.0/pico-sdk/src/rp2_common/pico_malloc/pico_malloc.c.obj (calloc)
c:/progra~1/raspbe~1/picosd~1.0/gcc-ar~1/bin/../lib/gcc/arm-none-eabi/10.3.1/../../../../arm-none-eabi/lib/thumb/v6-m/nofp\libg.a(lib_a-callocr.o)
                              c:/progra~1/raspbe~1/picosd~1.0/gcc-ar~1/bin/../lib/gcc/arm-none-eabi/10.3.1/../../../../arm-none-eabi/lib/thumb/v6-m/nofp\libg.a(lib_a-calloc.o) (_calloc_r)
c:/progra~1/raspbe~1/picosd~1.0/gcc-ar~1/bin/../lib/gcc/arm-none-eabi/10.3.1/../../../../arm-none-eabi/lib/thumb/v6-m/nofp\libg.a(lib_a-errno.o)
                              c:/progra~1/raspbe~1/picosd~1.0/gcc-ar~1/bin/../lib/gcc/arm-none-eabi/10.3.1/../../../../arm-none-eabi/lib/thumb/v6-m/nofp\libg.a(lib_a-callocr.o) (__errno)
c:/progra~1/raspbe~1/picosd~1.0/gcc-ar~1/bin/../lib/gcc/arm-none-eabi/10.3.1/../../../../arm-none-eabi/lib/thumb/v6-m/nofp\libg.a(lib_a-impure.o)
                              c:/progra~1/raspbe~1/picosd~1.0/gcc-ar~1/bin/../lib/gcc/arm-none-eabi/10.3.1/../../../../arm-none-eabi/lib/thumb/v6-m/nofp\libg.a(lib_a-calloc.o) (_impure_ptr)
c:/progra~1/raspbe~1/picosd~1.0/gcc-ar~1/bin/../lib/gcc/arm-none-eabi/10.3.1/../../../../arm-none-eabi/lib/thumb/v6-m/nofp\libg.a(lib_a-init.o)
                              c:/progra~1/raspbe~1/picosd~1.0/gcc-ar~1/bin/../lib/gcc/arm-none-eabi/10.3.1/../../../../arm-none-eabi/lib/thumb/v6-m/nofp/crt0.o (__libc_init_array)
c:/progra~1/raspbe~1/picosd~1.0/gcc-ar~1/bin/../lib/gcc/arm-none-eabi/10.3.1/../../../../arm-none-eabi/lib/thumb/v6-m/nofp\libg.a(lib_a-malloc.o)
                              CMakeFiles/telemetria_v1.dir/C_/Program_Files/Raspberry_Pi/Pico_SDK_v1.5.0/pico-sdk/src/rp2_common/pico_malloc/pico_malloc.c.obj (malloc)
c:/progra~1/raspbe~1/picosd~1.0/gcc-ar~1/bin/../lib/gcc/arm-none-eabi/10.3.1/../../../../arm-none-eabi/lib/thumb/v6-m/nofp\libg.a(lib_a-mallocr.o)
                              c:/progra~1/raspbe~1/picosd~1.0/gcc-ar~1/bin/../lib/gcc/arm-none-eabi/10.3.1/../../../../arm-none-eabi/lib/thumb/v6-m/nofp\libg.a(lib_a-callocr.o) (_malloc_r)
c:/progra~1/raspbe~1/picosd~1.0/gcc-ar~1/bin/../lib/gcc/arm-none-eabi/10.3.1/../../../../arm-none-eabi/lib/thumb/v6-m/nofp\libg.a(lib_a-mlock.o)
                              c:/progra~1/raspbe~1/picosd~1.0/gcc-ar~1/bin/../lib/gcc/arm-none-eabi/10.3.1/../../../../arm-none-eabi/lib/thumb/v6-m/nofp\libg.a(lib_a-mallocr.o) (__malloc_lock)
c:/progra~1/raspbe~1/picosd~1.0/gcc-ar~1/bin/../lib/gcc/arm-none-eabi/10.3.1/../../../../arm-none-eabi/lib/thumb/v6-m/nofp\libg.a(lib_a-realloc.o)
                              CMakeFiles/telemetria_v1.dir/C_/Program_Files/Raspberry_Pi/Pico_SDK_v1.5.0/pico-sdk/src/rp2_common/pico_malloc/pico_malloc.c.obj (realloc)
c:/progra~1/raspbe~1/picosd~1.0/gcc-ar~1/bin/../lib/gcc/arm-none-eabi/10.3.1/../../../../arm-none-eabi/lib/thumb/v6-m/nofp\libg.a(lib_a-reallocr.o)
                              c:/progra~1/raspbe~1/picosd~1.0/gcc-ar~1/bin/../lib/gcc/arm-none-eabi/10.3.1/../../../../arm-none-eabi/lib/thumb/v6-m/nofp\libg.a(lib_a-realloc.o) (_realloc_r)
c:/progra~1/raspbe~1/picosd~1.0/gcc-ar~1/bin/../lib/gcc/arm-none-eabi/10.3.1/../../../../arm-none-eabi/lib/thumb/v6-m/nofp\libg.a(lib_a-sbrkr.o)
                              c:/progra~1/raspbe~1/picosd~1.0/gcc-ar~1/bin/../lib/gcc/arm-none-eabi/10.3.1/../../../../arm-none-eabi/lib/thumb/v6-m/nofp\libg.a(lib_a-mallocr.o) (_sbrk_r)
c:/progra~1/raspbe~1/picosd~1.0/gcc-ar~1/bin/../lib/gcc/arm-none-eabi/10.3.1/../../../../arm-none-eabi/lib/thumb/v6-m/nofp\libg.a(lib_a-strlen-stub.o)
                              CMakeFiles/telemetria_v1.dir/C_/Program_Files/Raspberry_Pi/Pico_SDK_v1.5.0/pico-sdk/src/rp2_common/pico_stdio/stdio.c.obj (strlen)
c:/progra~1/raspbe~1/picosd~1.0/gcc-ar~1/bin/../lib/gcc/arm-none-eabi/10.3.1/../../../../arm-none-eabi/lib/thumb/v6-m/nofp\libg.a(lib_a-freer.o)
                              c:/progra~1/raspbe~1/picosd~1.0/gcc-ar~1/bin/../lib/gcc/arm-none-eabi/10.3.1/../../../../arm-none-eabi/lib/thumb/v6-m/nofp\libg.a(lib_a-malloc.o) (_free_r)
c:/progra~1/raspbe~1/picosd~1.0/gcc-ar~1/bin/../lib/gcc/arm-none-eabi/10.3.1/../../../../arm-none-eabi/lib/thumb/v6-m/nofp\libg.a(lib_a-lock.o)
                              c:/progra~1/raspbe~1/picosd~1.0/gcc-ar~1/bin/../lib/gcc/arm-none-eabi/10.3.1/../../../../arm-none-eabi/lib/thumb/v6-m/nofp\libg.a(lib_a-mlock.o) (__retarget_lock_acquire_recursive)
[...]
Memory Configuration

Name             Origin             Length             Attributes
FLASH            0x10000000         0x00200000         xr
RAM              0x20000000         0x00040000         xrw
SCRATCH_X        0x20040000         0x00001000         xrw
SCRATCH_Y        0x20041000         0x00001000         xrw
*default*        0x00000000         0xffffffff

Linker script and memory map

LOAD c:/progra~1/raspbe~1/picosd~1.0/gcc-ar~1/bin/../lib/gcc/arm-none-eabi/10.3.1/thumb/v6-m/nofp/crti.o
LOAD c:/progra~1/raspbe~1/picosd~1.0/gcc-ar~1/bin/../lib/gcc/arm-none-eabi/10.3.1/thumb/v6-m/nofp/crtbegin.o
LOAD c:/progra~1/raspbe~1/picosd~1.0/gcc-ar~1/bin/../lib/gcc/arm-none-eabi/10.3.1/../../../../arm-none-eabi/lib/thumb/v6-m/nofp/crt0.o

.flash_begin    0x10000000        0x0
                0x10000000                __flash_binary_start = .

.boot2          0x10000000      0x100
                0x10000000                __boot2_start__ = .
 *(.boot2)
 .boot2         0x10000000      0x100 C:\Users\Grupo\AppData\Local\Temp\ccG2nys7.o
                0x10000100                __boot2_end__ = .
                0x00000001                ASSERT (((__boot2_end__ - __boot2_start__) == 0x100), ERROR: Pico second stage bootloader must be 256 bytes in size)

.text           0x10000100     0x7ba8
                0x10000100                __logical_binary_start = .
 *(.vectors)
 .vectors       0x10000100       0xd4 CMakeFiles/telemetria_v1.dir/C_/Program_Files/Raspberry_Pi/Pico_SDK_v1.5.0/pico-sdk/src/rp2_common/pico_standard_link/crt0.S.obj
                0x10000100                __VECTOR_TABLE
                0x10000100                __vectors
                0x100001c0                isr_invalid
                0x100001c0                __default_isrs_start
                0x100001c2                isr_nmi
                0x100001c4                isr_hardfault
                0x100001c6                isr_svcall
                0x100001c8                isr_pendsv
                0x100001ca                isr_systick
                0x100001cc                isr_irq23
                0x100001cc                isr_irq18
                0x100001cc                isr_irq11
                0x100001cc                isr_irq28
                0x100001cc                isr_irq19
                0x100001cc                isr_irq0
                0x100001cc                isr_irq6
                0x100001cc                isr_irq5
                0x100001cc                isr_irq12
                0x100001cc                isr_irq22
                0x100001cc                isr_irq31
                0x100001cc                isr_irq17
                0x100001cc                isr_irq27
                0x100001cc                isr_irq30
                0x100001cc                isr_irq2
                0x100001cc                isr_irq10
                0x100001cc                isr_irq8
                0x100001cc                isr_irq24
                0x100001cc                isr_irq1
                0x100001cc                isr_irq7
                0x100001cc                isr_irq21
                0x100001cc                isr_irq20
                0x100001cc                isr_irq15
                0x100001cc                isr_irq25
                0x100001cc                isr_irq13
                0x100001cc                __unhandled_user_irq
                0x100001cc                isr_irq4
                0x100001cc                isr_irq16
                0x100001cc                isr_irq29
                0x100001cc                isr_irq26
                0x100001cc                __default_isrs_end
                0x100001cc                isr_irq3
                0x100001cc                isr_irq14
                0x100001cc                isr_irq9
                0x100001d2                unhandled_user_irq_num_in_r0
 *(.binary_info_header)
 .binary_info_header
                0x100001d4       0x14 CMakeFiles/telemetria_v1.dir/C_/Program_Files/Raspberry_Pi/Pico_SDK_v1.5.0/pico-sdk/src/rp2_common/pico_standard_link/crt0.S.obj
                0x100001e8                __binary_info_header_end = .
 *(.reset)
 .reset         0x100001e8       0xa0 CMakeFiles/telemetria_v1.dir/C_/Program_Files/Raspberry_Pi/Pico_SDK_v1.5.0/pico-sdk/src/rp2_common/pico_standard_link/crt0.S.obj
                0x100001e8                _entry_point
 .reset         0x10000288       0x30 CMakeFiles/telemetria_v1.dir/C_/Program_Files/Raspberry_Pi/Pico_SDK_v1.5.0/pico-sdk/src/rp2_common/pico_standard_link/binary_info.c.obj
 *(.init)
 .init          0x100002b8        0x4 c:/progra~1/raspbe~1/picosd~1.0/gcc-ar~1/bin/../lib/gcc/arm-none-eabi/10.3.1/thumb/v6-m/nofp/crti.o
                0x100002b8                _init
 *(EXCLUDE_FILE(*libm.a: *libc.a:*lib_a-mem*.o *libgcc.a:) .text*)
 .text          0x100002bc       0x48 c:/progra~1/raspbe~1/picosd~1.0/gcc-ar~1/bin/../lib/gcc/arm-none-eabi/10.3.1/thumb/v6-m/nofp/crtbegin.o
 .text.main     0x10000304      0x1fc CMakeFiles/telemetria_v1.dir/telemetria_v1.c.obj
                0x10000304                main
 .text.gpio_set_function
                0x10000500       0x30 CMakeFiles/telemetria_v1.dir/C_/Program_Files/Raspberry_Pi/Pico_SDK_v1.5.0/pico-sdk/src/rp2_common/hardware_gpio/gpio.c.obj
                0x10000500                gpio_set_function
 .text.gpio_init
                0x10000530       0x16 CMakeFiles/telemetria_v1.dir/C_/Program_Files/Raspberry_Pi/Pico_SDK_v1.5.0/pico-sdk/src/rp2_common/hardware_gpio/gpio.c.obj
                0x10000530                gpio_init
 *fill*         0x10000546        0x2 
 .text.running_on_fpga
                0x10000548       0x14 CMakeFiles/telemetria_v1.dir/C_/Program_Files/Raspberry_Pi/Pico_SDK_v1.5.0/pico-sdk/src/rp2_common/pico_platform/platform.c.obj
                0x10000548                running_on_fpga
 .text.hw_claim_lock
                0x1000055c       0x18 CMakeFiles/telemetria_v1.dir/C_/Program_Files/Raspberry_Pi/Pico_SDK_v1.5.0/pico-sdk/src/rp2_common/hardware_claim/claim.c.obj
                0x1000055c                hw_claim_lock
 .text.hw_claim_unlock
                0x10000574       0x14 CMakeFiles/telemetria_v1.dir/C_/Program_Files/Raspberry_Pi/Pico_SDK_v1.5.0/pico-sdk/src/rp2_common/hardware_claim/claim.c.obj
                0x10000574                hw_claim_unlock
 .text.hw_claim_or_assert
                0x10000588       0x32 CMakeFiles/telemetria_v1.dir/C_/Program_Files/Raspberry_Pi/Pico_SDK_v1.5.0/pico-sdk/src/rp2_common/hardware_claim/claim.c.obj
                0x10000588                hw_claim_or_assert
 .text.hw_claim_unused_from_range
                0x100005ba       0x50 CMakeFiles/telemetria_v1.dir/C_/Program_Files/Raspberry_Pi/Pico_SDK_v1.5.0/pico-sdk/src/rp2_common/hardware_claim/claim.c.obj
                0x100005ba                hw_claim_unused_from_range
 *fill*         0x1000060a        0x2 
 .text.spin_locks_reset
                0x1000060c       0x20 CMakeFiles/telemetria_v1.dir/C_/Program_Files/Raspberry_Pi/Pico_SDK_v1.5.0/pico-sdk/src/rp2_common/hardware_sync/sync.c.obj
                0x1000060c                spin_locks_reset
 .text.next_striped_spin_lock_num
                0x1000062c       0x1c CMakeFiles/telemetria_v1.dir/C_/Program_Files/Raspberry_Pi/Pico_SDK_v1.5.0/pico-sdk/src/rp2_common/hardware_sync/sync.c.obj
                0x1000062c                next_striped_spin_lock_num
 .text.spin_lock_claim_unused
                0x10000648       0x20 CMakeFiles/telemetria_v1.dir/C_/Program_Files/Raspberry_Pi/Pico_SDK_v1.5.0/pico-sdk/src/rp2_common/hardware_sync/sync.c.obj
                0x10000648                spin_lock_claim_unused
 .text.set_raw_irq_handler_and_unlock
                0x10000668       0x28 CMakeFiles/telemetria_v1.dir/C_/Program_Files/Raspberry_Pi/Pico_SDK_v1.5.0/pico-sdk/src/rp2_common/hardware_irq/irq.c.obj
 .text.make_branch
                0x10000690       0x48 CMakeFiles/telemetria_v1.dir/C_/Program_Files/Raspberry_Pi/Pico_SDK_v1.5.0/pico-sdk/src/rp2_common/hardware_irq/irq.c.obj
 .text.insert_branch_and_link
                0x100006d8       0x40 CMakeFiles/telemetria_v1.dir/C_/Program_Files/Raspberry_Pi/Pico_SDK_v1.5.0/pico-sdk/src/rp2_common/hardware_irq/irq.c.obj
 .text.irq_is_enabled
                0x10000718       0x18 CMakeFiles/telemetria_v1.dir/C_/Program_Files/Raspberry_Pi/Pico_SDK_v1.5.0/pico-sdk/src/rp2_common/hardware_irq/irq.c.obj
                0x10000718                irq_is_enabled
 .text.irq_set_mask_enabled
                0x10000730       0x20 CMakeFiles/telemetria_v1.dir/C_/Program_Files/Raspberry_Pi/Pico_SDK_v1.5.0/pico-sdk/src/rp2_common/hardware_irq/irq.c.obj
                0x10000730                irq_set_mask_enabled
 .text.irq_set_enabled
                0x10000750        0xe CMakeFiles/telemetria_v1.dir/C_/Program_Files/Raspberry_Pi/Pico_SDK_v1.5.0/pico-sdk/src/rp2_common/hardware_irq/irq.c.obj
                0x10000750                irq_set_enabled
 *fill*         0x1000075e        0x2 
 .text.irq_set_pending
                0x10000760       0x10 CMakeFiles/telemetria_v1.dir/C_/Program_Files/Raspberry_Pi/Pico_SDK_v1.5.0/pico-sdk/src/rp2_common/hardware_irq/irq.c.obj
                0x10000760                irq_set_pending
 .text.irq_get_vtable_handler
                0x10000770       0x10 CMakeFiles/telemetria_v1.dir/C_/Program_Files/Raspberry_Pi/Pico_SDK_v1.5.0/pico-sdk/src/rp2_common/hardware_irq/irq.c.obj
                0x10000770                irq_get_vtable_handler
 .text.irq_has_shared_handler
                0x10000780       0x24 CMakeFiles/telemetria_v1.dir/C_/Program_Files/Raspberry_Pi/Pico_SDK_v1.5.0/pico-sdk/src/rp2_common/hardware_irq/irq.c.obj
                0x10000780                irq_has_shared_handler
 .text.irq_set_exclusive_handler
                0x100007a4       0x54 CMakeFiles/telemetria_v1.dir/C_/Program_Files/Raspberry_Pi/Pico_SDK_v1.5.0/pico-sdk/src/rp2_common/hardware_irq/irq.c.obj
                0x100007a4                irq_set_exclusive_handler
 .text.irq_add_shared_handler
                0x100007f8      0x234 CMakeFiles/telemetria_v1.dir/C_/Program_Files/Raspberry_Pi/Pico_SDK_v1.5.0/pico-sdk/src/rp2_common/hardware_irq/irq.c.obj
                0x100007f8                irq_add_shared_handler
 .text.irq_remove_handler
                0x10000a2c      0x1ac CMakeFiles/telemetria_v1.dir/C_/Program_Files/Raspberry_Pi/Pico_SDK_v1.5.0/pico-sdk/src/rp2_common/hardware_irq/irq.c.obj
                0x10000a2c                irq_remove_handler
 .text.irq_add_tail_to_free_list
                0x10000bd8       0xf0 CMakeFiles/telemetria_v1.dir/C_/Program_Files/Raspberry_Pi/Pico_SDK_v1.5.0/pico-sdk/src/rp2_common/hardware_irq/irq.c.obj
                0x10000bd8                irq_add_tail_to_free_list
 .text.irq_init_priorities
                0x10000cc8       0x1c CMakeFiles/telemetria_v1.dir/C_/Program_Files/Raspberry_Pi/Pico_SDK_v1.5.0/pico-sdk/src/rp2_common/hardware_irq/irq.c.obj
                0x10000cc8                irq_init_priorities
 .text.user_irq_claim_unused
                0x10000ce4       0x28 CMakeFiles/telemetria_v1.dir/C_/Program_Files/Raspberry_Pi/Pico_SDK_v1.5.0/pico-sdk/src/rp2_common/hardware_irq/irq.c.obj
                0x10000ce4                user_irq_claim_unused
 .text.lock_init
                0x10000d0c       0x10 CMakeFiles/telemetria_v1.dir/C_/Program_Files/Raspberry_Pi/Pico_SDK_v1.5.0/pico-sdk/src/common/pico_sync/lock_core.c.obj
                0x10000d0c                lock_init
 .text.mutex_init
                0x10000d1c       0x1a CMakeFiles/telemetria_v1.dir/C_/Program_Files/Raspberry_Pi/Pico_SDK_v1.5.0/pico-sdk/src/common/pico_sync/mutex.c.obj
                0x10000d1c                mutex_init
 .text.recursive_mutex_init
                0x10000d36       0x1e CMakeFiles/telemetria_v1.dir/C_/Program_Files/Raspberry_Pi/Pico_SDK_v1.5.0/pico-sdk/src/common/pico_sync/mutex.c.obj
                0x10000d36                recursive_mutex_init
 .text.critical_section_init_with_lock_num
                0x10000d54       0x14 CMakeFiles/telemetria_v1.dir/C_/Program_Files/Raspberry_Pi/Pico_SDK_v1.5.0/pico-sdk/src/common/pico_sync/critical_section.c.obj
                0x10000d54                critical_section_init_with_lock_num
 .text.critical_section_init
                0x10000d68       0x14 CMakeFiles/telemetria_v1.dir/C_/Program_Files/Raspberry_Pi/Pico_SDK_v1.5.0/pico-sdk/src/common/pico_sync/critical_section.c.obj
                0x10000d68                critical_section_init
 .text.alarm_pool_post_alloc_init
                0x10000d7c       0x40 CMakeFiles/telemetria_v1.dir/C_/Program_Files/Raspberry_Pi/Pico_SDK_v1.5.0/pico-sdk/src/common/pico_time/time.c.obj
 .text.sleep_until_callback
                0x10000dbc       0x30 CMakeFiles/telemetria_v1.dir/C_/Program_Files/Raspberry_Pi/Pico_SDK_v1.5.0/pico-sdk/src/common/pico_time/time.c.obj
 .text.timer_pool_entry_comparator
                0x10000dec       0x7c CMakeFiles/telemetria_v1.dir/C_/Program_Files/Raspberry_Pi/Pico_SDK_v1.5.0/pico-sdk/src/common/pico_time/time.c.obj
                0x10000dec                timer_pool_entry_comparator
 .text.ph_add_child_node
                0x10000e68       0xa4 CMakeFiles/telemetria_v1.dir/C_/Program_Files/Raspberry_Pi/Pico_SDK_v1.5.0/pico-sdk/src/common/pico_time/time.c.obj
 .text.ph_merge_nodes
                0x10000f0c       0x3e CMakeFiles/telemetria_v1.dir/C_/Program_Files/Raspberry_Pi/Pico_SDK_v1.5.0/pico-sdk/src/common/pico_time/time.c.obj
 *fill*         0x10000f4a        0x2 
 .text.add_alarm_under_lock
                0x10000f4c      0x174 CMakeFiles/telemetria_v1.dir/C_/Program_Files/Raspberry_Pi/Pico_SDK_v1.5.0/pico-sdk/src/common/pico_time/time.c.obj
 .text.alarm_pool_alarm_callback
                0x100010c0      0x33c CMakeFiles/telemetria_v1.dir/C_/Program_Files/Raspberry_Pi/Pico_SDK_v1.5.0/pico-sdk/src/common/pico_time/time.c.obj
 .text.alarm_pool_init_default
                0x100013fc       0x40 CMakeFiles/telemetria_v1.dir/C_/Program_Files/Raspberry_Pi/Pico_SDK_v1.5.0/pico-sdk/src/common/pico_time/time.c.obj
                0x100013fc                alarm_pool_init_default
 .text.alarm_pool_get_default
                0x1000143c       0x2c CMakeFiles/telemetria_v1.dir/C_/Program_Files/Raspberry_Pi/Pico_SDK_v1.5.0/pico-sdk/src/common/pico_time/time.c.obj
                0x1000143c                alarm_pool_get_default
 .text.alarm_pool_add_alarm_at
                0x10001468      0x168 CMakeFiles/telemetria_v1.dir/C_/Program_Files/Raspberry_Pi/Pico_SDK_v1.5.0/pico-sdk/src/common/pico_time/time.c.obj
                0x10001468                alarm_pool_add_alarm_at
 .text.alarm_pool_cancel_alarm
                0x100015d0       0xf0 CMakeFiles/telemetria_v1.dir/C_/Program_Files/Raspberry_Pi/Pico_SDK_v1.5.0/pico-sdk/src/common/pico_time/time.c.obj
                0x100015d0                alarm_pool_cancel_alarm
 .text.alarm_pool_core_num
                0x100016c0        0x4 CMakeFiles/telemetria_v1.dir/C_/Program_Files/Raspberry_Pi/Pico_SDK_v1.5.0/pico-sdk/src/common/pico_time/time.c.obj
                0x100016c0                alarm_pool_core_num
 .text.sleep_until
                0x100016c4       0xfc CMakeFiles/telemetria_v1.dir/C_/Program_Files/Raspberry_Pi/Pico_SDK_v1.5.0/pico-sdk/src/common/pico_time/time.c.obj
                0x100016c4                sleep_until
 .text.sleep_us
                0x100017c0       0x58 CMakeFiles/telemetria_v1.dir/C_/Program_Files/Raspberry_Pi/Pico_SDK_v1.5.0/pico-sdk/src/common/pico_time/time.c.obj
                0x100017c0                sleep_us
 .text.sleep_ms
                0x10001818       0x14 CMakeFiles/telemetria_v1.dir/C_/Program_Files/Raspberry_Pi/Pico_SDK_v1.5.0/pico-sdk/src/common/pico_time/time.c.obj
                0x10001818                sleep_ms
 .text.best_effort_wfe_or_timeout
                0x1000182c       0xac CMakeFiles/telemetria_v1.dir/C_/Program_Files/Raspberry_Pi/Pico_SDK_v1.5.0/pico-sdk/src/common/pico_time/time.c.obj
                0x1000182c                best_effort_wfe_or_timeout
 .text.hardware_alarm_irq_handler
                0x100018d8       0x90 CMakeFiles/telemetria_v1.dir/C_/Program_Files/Raspberry_Pi/Pico_SDK_v1.5.0/pico-sdk/src/rp2_common/hardware_timer/timer.c.obj
 .text.hardware_alarm_claim
                0x10001968       0x18 CMakeFiles/telemetria_v1.dir/C_/Program_Files/Raspberry_Pi/Pico_SDK_v1.5.0/pico-sdk/src/rp2_common/hardware_timer/timer.c.obj
                0x10001968                hardware_alarm_claim
 .text.time_us_64
                0x10001980       0x18 CMakeFiles/telemetria_v1.dir/C_/Program_Files/Raspberry_Pi/Pico_SDK_v1.5.0/pico-sdk/src/rp2_common/hardware_timer/timer.c.obj
                0x10001980                time_us_64
 .text.busy_wait_until
                0x10001998       0x28 CMakeFiles/telemetria_v1.dir/C_/Program_Files/Raspberry_Pi/Pico_SDK_v1.5.0/pico-sdk/src/rp2_common/hardware_timer/timer.c.obj
                0x10001998                busy_wait_until
 .text.hardware_alarm_set_callback
                0x100019c0       0x90 CMakeFiles/telemetria_v1.dir/C_/Program_Files/Raspberry_Pi/Pico_SDK_v1.5.0/pico-sdk/src/rp2_common/hardware_timer/timer.c.obj
                0x100019c0                hardware_alarm_set_callback
 .text.hardware_alarm_set_target
                0x10001a50       0xe8 CMakeFiles/telemetria_v1.dir/C_/Program_Files/Raspberry_Pi/Pico_SDK_v1.5.0/pico-sdk/src/rp2_common/hardware_timer/timer.c.obj
                0x10001a50                hardware_alarm_set_target
 .text.hardware_alarm_cancel
                0x10001b38       0x40 CMakeFiles/telemetria_v1.dir/C_/Program_Files/Raspberry_Pi/Pico_SDK_v1.5.0/pico-sdk/src/rp2_common/hardware_timer/timer.c.obj
                0x10001b38                hardware_alarm_cancel
 .text.ph_add_child_node
                0x10001b78       0xa4 CMakeFiles/telemetria_v1.dir/C_/Program_Files/Raspberry_Pi/Pico_SDK_v1.5.0/pico-sdk/src/common/pico_util/pheap.c.obj
 .text.ph_merge_nodes
                0x10001c1c       0x3e CMakeFiles/telemetria_v1.dir/C_/Program_Files/Raspberry_Pi/Pico_SDK_v1.5.0/pico-sdk/src/common/pico_util/pheap.c.obj
 *fill*         0x10001c5a        0x2 
 .text.ph_clear
                0x10001c5c       0x70 CMakeFiles/telemetria_v1.dir/C_/Program_Files/Raspberry_Pi/Pico_SDK_v1.5.0/pico-sdk/src/common/pico_util/pheap.c.obj
                0x10001c5c                ph_clear
 .text.ph_post_alloc_init
                0x10001ccc        0xe CMakeFiles/telemetria_v1.dir/C_/Program_Files/Raspberry_Pi/Pico_SDK_v1.5.0/pico-sdk/src/common/pico_util/pheap.c.obj
                0x10001ccc                ph_post_alloc_init
 *fill*         0x10001cda        0x2 
 .text.ph_merge_two_pass
                0x10001cdc       0xa8 CMakeFiles/telemetria_v1.dir/C_/Program_Files/Raspberry_Pi/Pico_SDK_v1.5.0/pico-sdk/src/common/pico_util/pheap.c.obj
                0x10001cdc                ph_merge_two_pass
 .text.ph_remove_any_head
                0x10001d84      0x128 CMakeFiles/telemetria_v1.dir/C_/Program_Files/Raspberry_Pi/Pico_SDK_v1.5.0/pico-sdk/src/common/pico_util/pheap.c.obj
 .text.ph_remove_head
                0x10001eac       0x14 CMakeFiles/telemetria_v1.dir/C_/Program_Files/Raspberry_Pi/Pico_SDK_v1.5.0/pico-sdk/src/common/pico_util/pheap.c.obj
                0x10001eac                ph_remove_head
 .text.ph_remove_and_free_node
                0x10001ec0       0xf8 CMakeFiles/telemetria_v1.dir/C_/Program_Files/Raspberry_Pi/Pico_SDK_v1.5.0/pico-sdk/src/common/pico_util/pheap.c.obj
                0x10001ec0                ph_remove_and_free_node
 .text.clock_configure
                0x10001fb8      0x104 CMakeFiles/telemetria_v1.dir/C_/Program_Files/Raspberry_Pi/Pico_SDK_v1.5.0/pico-sdk/src/rp2_common/hardware_clocks/clocks.c.obj
                0x10001fb8                clock_configure
 .text.clocks_init
                0x100020bc      0x100 CMakeFiles/telemetria_v1.dir/C_/Program_Files/Raspberry_Pi/Pico_SDK_v1.5.0/pico-sdk/src/rp2_common/hardware_clocks/clocks.c.obj
                0x100020bc                clocks_init
 .text.clock_get_hz
                0x100021bc        0xc CMakeFiles/telemetria_v1.dir/C_/Program_Files/Raspberry_Pi/Pico_SDK_v1.5.0/pico-sdk/src/rp2_common/hardware_clocks/clocks.c.obj
                0x100021bc                clock_get_hz
 .text.pll_init
                0x100021c8      0x12c CMakeFiles/telemetria_v1.dir/C_/Program_Files/Raspberry_Pi/Pico_SDK_v1.5.0/pico-sdk/src/rp2_common/hardware_pll/pll.c.obj
                0x100021c8                pll_init
 .text.watchdog_start_tick
                0x100022f4       0x10 CMakeFiles/telemetria_v1.dir/C_/Program_Files/Raspberry_Pi/Pico_SDK_v1.5.0/pico-sdk/src/rp2_common/hardware_watchdog/watchdog.c.obj
                0x100022f4                watchdog_start_tick
 .text.watchdog_update
                0x10002304       0x14 CMakeFiles/telemetria_v1.dir/C_/Program_Files/Raspberry_Pi/Pico_SDK_v1.5.0/pico-sdk/src/rp2_common/hardware_watchdog/watchdog.c.obj
                0x10002304                watchdog_update
 .text._watchdog_enable
                0x10002318       0x78 CMakeFiles/telemetria_v1.dir/C_/Program_Files/Raspberry_Pi/Pico_SDK_v1.5.0/pico-sdk/src/rp2_common/hardware_watchdog/watchdog.c.obj
                0x10002318                _watchdog_enable
 .text.watchdog_reboot
                0x10002390       0x48 CMakeFiles/telemetria_v1.dir/C_/Program_Files/Raspberry_Pi/Pico_SDK_v1.5.0/pico-sdk/src/rp2_common/hardware_watchdog/watchdog.c.obj
                0x10002390                watchdog_reboot
 .text.xosc_init
                0x100023d8       0x28 CMakeFiles/telemetria_v1.dir/C_/Program_Files/Raspberry_Pi/Pico_SDK_v1.5.0/pico-sdk/src/rp2_common/hardware_xosc/xosc.c.obj
                0x100023d8                xosc_init
 .text._exit    0x10002400        0x4 CMakeFiles/telemetria_v1.dir/C_/Program_Files/Raspberry_Pi/Pico_SDK_v1.5.0/pico-sdk/src/rp2_common/pico_runtime/runtime.c.obj
                0x10002400                _exit
 .text.exit     0x10002404        0x6 CMakeFiles/telemetria_v1.dir/C_/Program_Files/Raspberry_Pi/Pico_SDK_v1.5.0/pico-sdk/src/rp2_common/pico_runtime/runtime.c.obj
                0x10002404                exit
 *fill*         0x1000240a        0x2 
 .text.__assert_func
                0x1000240c       0x3c CMakeFiles/telemetria_v1.dir/C_/Program_Files/Raspberry_Pi/Pico_SDK_v1.5.0/pico-sdk/src/rp2_common/pico_runtime/runtime.c.obj
                0x1000240c                __assert_func
 .text.runtime_init
                0x10002448       0xf8 CMakeFiles/telemetria_v1.dir/C_/Program_Files/Raspberry_Pi/Pico_SDK_v1.5.0/pico-sdk/src/rp2_common/pico_runtime/runtime.c.obj
                0x10002448                runtime_init
 .text.panic    0x10002540       0x30 CMakeFiles/telemetria_v1.dir/C_/Program_Files/Raspberry_Pi/Pico_SDK_v1.5.0/pico-sdk/src/rp2_common/pico_runtime/runtime.c.obj
                0x10002540                panic
 .text._out_null
                0x10002570        0x2 CMakeFiles/telemetria_v1.dir/C_/Program_Files/Raspberry_Pi/Pico_SDK_v1.5.0/pico-sdk/src/rp2_common/pico_printf/printf.c.obj
 .text._out_fct
                0x10002572        0xe CMakeFiles/telemetria_v1.dir/C_/Program_Files/Raspberry_Pi/Pico_SDK_v1.5.0/pico-sdk/src/rp2_common/pico_printf/printf.c.obj
 .text._atoi    0x10002580       0x24 CMakeFiles/telemetria_v1.dir/C_/Program_Files/Raspberry_Pi/Pico_SDK_v1.5.0/pico-sdk/src/rp2_common/pico_printf/printf.c.obj
 .text._out_rev
                0x100025a4       0xae CMakeFiles/telemetria_v1.dir/C_/Program_Files/Raspberry_Pi/Pico_SDK_v1.5.0/pico-sdk/src/rp2_common/pico_printf/printf.c.obj
 .text._ntoa_format
                0x10002652      0x112 CMakeFiles/telemetria_v1.dir/C_/Program_Files/Raspberry_Pi/Pico_SDK_v1.5.0/pico-sdk/src/rp2_common/pico_printf/printf.c.obj
 .text._ntoa_long
                0x10002764       0xbc CMakeFiles/telemetria_v1.dir/C_/Program_Files/Raspberry_Pi/Pico_SDK_v1.5.0/pico-sdk/src/rp2_common/pico_printf/printf.c.obj
 .text._ntoa_long_long
                0x10002820       0xe2 CMakeFiles/telemetria_v1.dir/C_/Program_Files/Raspberry_Pi/Pico_SDK_v1.5.0/pico-sdk/src/rp2_common/pico_printf/printf.c.obj
 *fill*         0x10002902        0x2 
 .text._etoa    0x10002904      0x414 CMakeFiles/telemetria_v1.dir/C_/Program_Files/Raspberry_Pi/Pico_SDK_v1.5.0/pico-sdk/src/rp2_common/pico_printf/printf.c.obj
 .text._ftoa    0x10002d18      0x354 CMakeFiles/telemetria_v1.dir/C_/Program_Files/Raspberry_Pi/Pico_SDK_v1.5.0/pico-sdk/src/rp2_common/pico_printf/printf.c.obj
 .text._vsnprintf
                0x1000306c      0x624 CMakeFiles/telemetria_v1.dir/C_/Program_Files/Raspberry_Pi/Pico_SDK_v1.5.0/pico-sdk/src/rp2_common/pico_printf/printf.c.obj
 .text.vfctprintf
                0x10003690       0x20 CMakeFiles/telemetria_v1.dir/C_/Program_Files/Raspberry_Pi/Pico_SDK_v1.5.0/pico-sdk/src/rp2_common/pico_printf/printf.c.obj
                0x10003690                vfctprintf
 .text          0x100036b0       0x10 CMakeFiles/telemetria_v1.dir/C_/Program_Files/Raspberry_Pi/Pico_SDK_v1.5.0/pico-sdk/src/rp2_common/pico_bit_ops/bit_ops_aeabi.S.obj
 .text.rom_func_lookup
                0x100036c0       0x10 CMakeFiles/telemetria_v1.dir/C_/Program_Files/Raspberry_Pi/Pico_SDK_v1.5.0/pico-sdk/src/rp2_common/pico_bootrom/bootrom.c.obj
                0x100036c0                rom_func_lookup
 .text.rom_data_lookup
                0x100036d0       0x10 CMakeFiles/telemetria_v1.dir/C_/Program_Files/Raspberry_Pi/Pico_SDK_v1.5.0/pico-sdk/src/rp2_common/pico_bootrom/bootrom.c.obj
                0x100036d0                rom_data_lookup
 .text.rom_funcs_lookup
                0x100036e0       0x36 CMakeFiles/telemetria_v1.dir/C_/Program_Files/Raspberry_Pi/Pico_SDK_v1.5.0/pico-sdk/src/rp2_common/pico_bootrom/bootrom.c.obj
                0x100036e0                rom_funcs_lookup
 *fill*         0x10003716        0x2 
 .text.__wrap___aeabi_idiv
                0x10003718       0x50 CMakeFiles/telemetria_v1.dir/C_/Program_Files/Raspberry_Pi/Pico_SDK_v1.5.0/pico-sdk/src/rp2_common/pico_divider/divider.S.obj
                0x10003718                __wrap___aeabi_idivmod
                0x10003718                divmod_s32s32
                0x10003718                div_s32s32
                0x10003718                __wrap___aeabi_idiv
                0x10003720                divmod_s32s32_unsafe
                0x1000374c                divmod_s32s32_savestate
 .text.__wrap___aeabi_uidiv
                0x10003768       0x4c CMakeFiles/telemetria_v1.dir/C_/Program_Files/Raspberry_Pi/Pico_SDK_v1.5.0/pico-sdk/src/rp2_common/pico_divider/divider.S.obj
                0x10003768                __wrap___aeabi_uidiv
                0x10003768                __wrap___aeabi_uidivmod
                0x10003768                div_u32u32
                0x10003768                divmod_u32u32
                0x10003770                divmod_u32u32_unsafe
                0x10003798                divmod_u32u32_savestate
 .text.__wrap___aeabi_ldiv
                0x100037b4      0x424 CMakeFiles/telemetria_v1.dir/C_/Program_Files/Raspberry_Pi/Pico_SDK_v1.5.0/pico-sdk/src/rp2_common/pico_divider/divider.S.obj
                0x100037b4                div_s64s64
                0x100037b4                divmod_s64s64
                0x100037b4                __wrap___aeabi_ldivmod
                0x100037e4                divmod_u64u64
                0x100037e4                div_u64u64
                0x100037e4                __wrap___aeabi_uldivmod
                0x100037f4                divmod_u64u64_savestate
                0x10003814                divmod_s64s64_unsafe
                0x1000389c                divmod_u64u64_unsafe
 .text.__wrap___aeabi_darithmetic
                0x10003bd8       0x80 CMakeFiles/telemetria_v1.dir/C_/Program_Files/Raspberry_Pi/Pico_SDK_v1.5.0/pico-sdk/src/rp2_common/pico_double/double_aeabi.S.obj
                0x10003bd8                __wrap___aeabi_drsub
                0x10003bde                __wrap___aeabi_dsub
                0x10003bf0                __wrap___aeabi_dadd
                0x10003c02                __wrap___aeabi_ddiv
                0x10003c3e                __wrap___aeabi_dmul
 .text.__wrap___aeabi_cdcmple
                0x10003c58       0x6c CMakeFiles/telemetria_v1.dir/C_/Program_Files/Raspberry_Pi/Pico_SDK_v1.5.0/pico-sdk/src/rp2_common/pico_double/double_aeabi.S.obj
                0x10003c58                __wrap___aeabi_cdrcmple
                0x10003c68                __wrap___aeabi_cdcmpeq
                0x10003c68                __wrap___aeabi_cdcmple
 .text.__wrap___aeabi_dcmplt
                0x10003cc4        0xc CMakeFiles/telemetria_v1.dir/C_/Program_Files/Raspberry_Pi/Pico_SDK_v1.5.0/pico-sdk/src/rp2_common/pico_double/double_aeabi.S.obj
                0x10003cc4                __wrap___aeabi_dcmplt
 .text.__wrap___aeabi_dcmple
                0x10003cd0       0x10 CMakeFiles/telemetria_v1.dir/C_/Program_Files/Raspberry_Pi/Pico_SDK_v1.5.0/pico-sdk/src/rp2_common/pico_double/double_aeabi.S.obj
                0x10003cd0                __wrap___aeabi_dcmple
 .text.__wrap___aeabi_dcmpge
                0x10003ce0       0x10 CMakeFiles/telemetria_v1.dir/C_/Program_Files/Raspberry_Pi/Pico_SDK_v1.5.0/pico-sdk/src/rp2_common/pico_double/double_aeabi.S.obj
                0x10003ce0                __wrap___aeabi_dcmpge
 .text.__wrap___aeabi_dcmpgt
                0x10003cf0        0xa CMakeFiles/telemetria_v1.dir/C_/Program_Files/Raspberry_Pi/Pico_SDK_v1.5.0/pico-sdk/src/rp2_common/pico_double/double_aeabi.S.obj
                0x10003cf0                __wrap___aeabi_dcmpgt
 .text.__wrap___aeabi_dcmpun
                0x10003cfa       0x1c CMakeFiles/telemetria_v1.dir/C_/Program_Files/Raspberry_Pi/Pico_SDK_v1.5.0/pico-sdk/src/rp2_common/pico_double/double_aeabi.S.obj
                0x10003cfa                __wrap___aeabi_dcmpun
 *fill*         0x10003d16        0x2 
 .text.__wrap___aeabi_i2d
                0x10003d18       0x38 CMakeFiles/telemetria_v1.dir/C_/Program_Files/Raspberry_Pi/Pico_SDK_v1.5.0/pico-sdk/src/rp2_common/pico_double/double_aeabi.S.obj
                0x10003d18                __wrap___aeabi_ui2d
                0x10003d20                __wrap___aeabi_i2d
 .text.__wrap___aeabi_d2iz
                0x10003d50       0x48 CMakeFiles/telemetria_v1.dir/C_/Program_Files/Raspberry_Pi/Pico_SDK_v1.5.0/pico-sdk/src/rp2_common/pico_double/double_aeabi.S.obj
                0x10003d50                double2int_z
                0x10003d50                __wrap___aeabi_d2iz
 .text.__wrap___aeabi_d2uiz
                0x10003d98       0x18 CMakeFiles/telemetria_v1.dir/C_/Program_Files/Raspberry_Pi/Pico_SDK_v1.5.0/pico-sdk/src/rp2_common/pico_double/double_aeabi.S.obj
                0x10003d98                __wrap___aeabi_d2uiz
                0x10003d98                double2uint
 .text.__aeabi_double_init
                0x10003db0       0xc8 CMakeFiles/telemetria_v1.dir/C_/Program_Files/Raspberry_Pi/Pico_SDK_v1.5.0/pico-sdk/src/rp2_common/pico_double/double_init_rom.c.obj
                0x10003db0                __aeabi_double_init
 .text.double_table_shim_on_use_helper
                0x10003e78       0x34 CMakeFiles/telemetria_v1.dir/C_/Program_Files/Raspberry_Pi/Pico_SDK_v1.5.0/pico-sdk/src/rp2_common/pico_double/double_v1_rom_shim.S.obj
                0x10003e78                double_table_shim_on_use_helper
 .text.__wrap___aeabi_dsub
                0x10003eac       0x10 CMakeFiles/telemetria_v1.dir/C_/Program_Files/Raspberry_Pi/Pico_SDK_v1.5.0/pico-sdk/src/rp2_common/pico_double/double_v1_rom_shim.S.obj
                0x10003eac                drsub_shim
                0x10003eb2                dsub_shim
 .text.dadd_shim
                0x10003ebc      0x15c CMakeFiles/telemetria_v1.dir/C_/Program_Files/Raspberry_Pi/Pico_SDK_v1.5.0/pico-sdk/src/rp2_common/pico_double/double_v1_rom_shim.S.obj
                0x10003ebc                dadd_shim
 .text.dmul_shim
                0x10004018      0x15c CMakeFiles/telemetria_v1.dir/C_/Program_Files/Raspberry_Pi/Pico_SDK_v1.5.0/pico-sdk/src/rp2_common/pico_double/double_v1_rom_shim.S.obj
                0x10004018                dmul_shim
 .text.ddiv_shim
                0x10004174      0x1b0 CMakeFiles/telemetria_v1.dir/C_/Program_Files/Raspberry_Pi/Pico_SDK_v1.5.0/pico-sdk/src/rp2_common/pico_double/double_v1_rom_shim.S.obj
                0x10004174                ddiv_shim
 .text.double2uint_shim
                0x10004324        0xe CMakeFiles/telemetria_v1.dir/C_/Program_Files/Raspberry_Pi/Pico_SDK_v1.5.0/pico-sdk/src/rp2_common/pico_double/double_v1_rom_shim.S.obj
                0x10004324                double2uint_shim
                0x10004326                double2ufix_shim
 *fill*         0x10004332        0x2 
 .text.double2uint64_shim
                0x10004334       0x70 CMakeFiles/telemetria_v1.dir/C_/Program_Files/Raspberry_Pi/Pico_SDK_v1.5.0/pico-sdk/src/rp2_common/pico_double/double_v1_rom_shim.S.obj
                0x10004334                double2uint64_shim
                0x10004336                double2ufix64_shim
                0x10004356                d2fix_a
 .text.dunpacks
                0x100043a4       0x3c CMakeFiles/telemetria_v1.dir/C_/Program_Files/Raspberry_Pi/Pico_SDK_v1.5.0/pico-sdk/src/rp2_common/pico_double/double_v1_rom_shim.S.obj
                0x100043a4                dunpacks
 .text.__aeabi_lmul
                0x100043e0       0x32 CMakeFiles/telemetria_v1.dir/C_/Program_Files/Raspberry_Pi/Pico_SDK_v1.5.0/pico-sdk/src/rp2_common/pico_int64_ops/pico_int64_ops_aeabi.S.obj
                0x100043e0                __wrap___aeabi_lmul
 *fill*         0x10004412        0x2 
 .text.__aeabi_float_init
                0x10004414       0xfc CMakeFiles/telemetria_v1.dir/C_/Program_Files/Raspberry_Pi/Pico_SDK_v1.5.0/pico-sdk/src/rp2_common/pico_float/float_init_rom.c.obj
                0x10004414                __aeabi_float_init
 .text.float_table_shim_on_use_helper
                0x10004510       0x34 CMakeFiles/telemetria_v1.dir/C_/Program_Files/Raspberry_Pi/Pico_SDK_v1.5.0/pico-sdk/src/rp2_common/pico_float/float_v1_rom_shim.S.obj
                0x10004510                float_table_shim_on_use_helper
 .text          0x10004544       0x10 CMakeFiles/telemetria_v1.dir/C_/Program_Files/Raspberry_Pi/Pico_SDK_v1.5.0/pico-sdk/src/rp2_common/pico_mem_ops/mem_ops_aeabi.S.obj
                0x10004544                __aeabi_mem_init
 .text.memset   0x10004554        0xc CMakeFiles/telemetria_v1.dir/C_/Program_Files/Raspberry_Pi/Pico_SDK_v1.5.0/pico-sdk/src/rp2_common/pico_mem_ops/mem_ops_aeabi.S.obj
                0x10004554                __wrap_memset
 .text.memcpy   0x10004560        0xc CMakeFiles/telemetria_v1.dir/C_/Program_Files/Raspberry_Pi/Pico_SDK_v1.5.0/pico-sdk/src/rp2_common/pico_mem_ops/mem_ops_aeabi.S.obj
                0x10004560                __wrap_memcpy
                0x10004560                __wrap___aeabi_memcpy
 .text.stdio_out_chars_no_crlf
                0x1000456c        0xe CMakeFiles/telemetria_v1.dir/C_/Program_Files/Raspberry_Pi/Pico_SDK_v1.5.0/pico-sdk/src/rp2_common/pico_stdio/stdio.c.obj
 *fill*         0x1000457a        0x2 
 .text.stdio_out_chars_crlf
                0x1000457c       0x80 CMakeFiles/telemetria_v1.dir/C_/Program_Files/Raspberry_Pi/Pico_SDK_v1.5.0/pico-sdk/src/rp2_common/pico_stdio/stdio.c.obj
 .text.stdio_stack_buffer_flush
                0x100045fc       0x44 CMakeFiles/telemetria_v1.dir/C_/Program_Files/Raspberry_Pi/Pico_SDK_v1.5.0/pico-sdk/src/rp2_common/pico_stdio/stdio.c.obj
 .text.stdio_buffered_printer
                0x10004640       0x20 CMakeFiles/telemetria_v1.dir/C_/Program_Files/Raspberry_Pi/Pico_SDK_v1.5.0/pico-sdk/src/rp2_common/pico_stdio/stdio.c.obj
 .text.stdout_serialize_begin
                0x10004660       0x5c CMakeFiles/telemetria_v1.dir/C_/Program_Files/Raspberry_Pi/Pico_SDK_v1.5.0/pico-sdk/src/rp2_common/pico_stdio/stdio.c.obj
                0x10004660                stdout_serialize_begin
 .text.stdout_serialize_end
                0x100046bc       0x10 CMakeFiles/telemetria_v1.dir/C_/Program_Files/Raspberry_Pi/Pico_SDK_v1.5.0/pico-sdk/src/rp2_common/pico_stdio/stdio.c.obj
                0x100046bc                stdout_serialize_end
 .text.stdio_put_string
                0x100046cc       0x98 CMakeFiles/telemetria_v1.dir/C_/Program_Files/Raspberry_Pi/Pico_SDK_v1.5.0/pico-sdk/src/rp2_common/pico_stdio/stdio.c.obj
 .text.stdio_set_driver_enabled
                0x10004764       0x2c CMakeFiles/telemetria_v1.dir/C_/Program_Files/Raspberry_Pi/Pico_SDK_v1.5.0/pico-sdk/src/rp2_common/pico_stdio/stdio.c.obj
                0x10004764                stdio_set_driver_enabled
 .text.stdio_flush
                0x10004790       0x20 CMakeFiles/telemetria_v1.dir/C_/Program_Files/Raspberry_Pi/Pico_SDK_v1.5.0/pico-sdk/src/rp2_common/pico_stdio/stdio.c.obj
                0x10004790                stdio_flush
 .text.__wrap_puts
                0x100047b0       0x1e CMakeFiles/telemetria_v1.dir/C_/Program_Files/Raspberry_Pi/Pico_SDK_v1.5.0/pico-sdk/src/rp2_common/pico_stdio/stdio.c.obj
                0x100047b0                __wrap_puts
 *fill*         0x100047ce        0x2 
 .text.__wrap_vprintf
                0x100047d0       0x40 CMakeFiles/telemetria_v1.dir/C_/Program_Files/Raspberry_Pi/Pico_SDK_v1.5.0/pico-sdk/src/rp2_common/pico_stdio/stdio.c.obj
                0x100047d0                __wrap_vprintf
 .text.__wrap_printf
                0x10004810       0x18 CMakeFiles/telemetria_v1.dir/C_/Program_Files/Raspberry_Pi/Pico_SDK_v1.5.0/pico-sdk/src/rp2_common/pico_stdio/stdio.c.obj
                0x10004810                __wrap_printf
 .text.stdio_init_all
                0x10004828        0x8 CMakeFiles/telemetria_v1.dir/C_/Program_Files/Raspberry_Pi/Pico_SDK_v1.5.0/pico-sdk/src/rp2_common/pico_stdio/stdio.c.obj
                0x10004828                stdio_init_all
 .text.resetd_init
                0x10004830        0x2 CMakeFiles/telemetria_v1.dir/C_/Program_Files/Raspberry_Pi/Pico_SDK_v1.5.0/pico-sdk/src/rp2_common/pico_stdio_usb/reset_interface.c.obj
 *fill*         0x10004832        0x2 
 .text.resetd_reset
                0x10004834        0xc CMakeFiles/telemetria_v1.dir/C_/Program_Files/Raspberry_Pi/Pico_SDK_v1.5.0/pico-sdk/src/rp2_common/pico_stdio_usb/reset_interface.c.obj
 .text.resetd_open
                0x10004840       0x34 CMakeFiles/telemetria_v1.dir/C_/Program_Files/Raspberry_Pi/Pico_SDK_v1.5.0/pico-sdk/src/rp2_common/pico_stdio_usb/reset_interface.c.obj
 .text.resetd_xfer_cb
                0x10004874        0x4 CMakeFiles/telemetria_v1.dir/C_/Program_Files/Raspberry_Pi/Pico_SDK_v1.5.0/pico-sdk/src/rp2_common/pico_stdio_usb/reset_interface.c.obj
 .text.reset_usb_boot
                0x10004878       0x18 CMakeFiles/telemetria_v1.dir/C_/Program_Files/Raspberry_Pi/Pico_SDK_v1.5.0/pico-sdk/src/rp2_common/pico_stdio_usb/reset_interface.c.obj
 .text.resetd_control_xfer_cb
                0x10004890       0x5c CMakeFiles/telemetria_v1.dir/C_/Program_Files/Raspberry_Pi/Pico_SDK_v1.5.0/pico-sdk/src/rp2_common/pico_stdio_usb/reset_interface.c.obj
 .text.usbd_app_driver_get_cb
                0x100048ec        0xc CMakeFiles/telemetria_v1.dir/C_/Program_Files/Raspberry_Pi/Pico_SDK_v1.5.0/pico-sdk/src/rp2_common/pico_stdio_usb/reset_interface.c.obj
                0x100048ec                usbd_app_driver_get_cb
 .text.tud_cdc_line_coding_cb
                0x100048f8       0x28 CMakeFiles/telemetria_v1.dir/C_/Program_Files/Raspberry_Pi/Pico_SDK_v1.5.0/pico-sdk/src/rp2_common/pico_stdio_usb/reset_interface.c.obj
                0x100048f8                tud_cdc_line_coding_cb
 .text.stdio_usb_set_chars_available_callback
                0x10004920       0x14 CMakeFiles/telemetria_v1.dir/C_/Program_Files/Raspberry_Pi/Pico_SDK_v1.5.0/pico-sdk/src/rp2_common/pico_stdio_usb/stdio_usb.c.obj
                0x10004920                stdio_usb_set_chars_available_callback
 .text.usb_irq  0x10004934       0x10 CMakeFiles/telemetria_v1.dir/C_/Program_Files/Raspberry_Pi/Pico_SDK_v1.5.0/pico-sdk/src/rp2_common/pico_stdio_usb/stdio_usb.c.obj
 .text.timer_task
                0x10004944       0x58 CMakeFiles/telemetria_v1.dir/C_/Program_Files/Raspberry_Pi/Pico_SDK_v1.5.0/pico-sdk/src/rp2_common/pico_stdio_usb/stdio_usb.c.obj
 .text.low_priority_worker_irq
                0x1000499c       0xd8 CMakeFiles/telemetria_v1.dir/C_/Program_Files/Raspberry_Pi/Pico_SDK_v1.5.0/pico-sdk/src/rp2_common/pico_stdio_usb/stdio_usb.c.obj
 .text.tud_cdc_rx_cb
                0x10004a74       0x20 CMakeFiles/telemetria_v1.dir/C_/Program_Files/Raspberry_Pi/Pico_SDK_v1.5.0/pico-sdk/src/rp2_common/pico_stdio_usb/stdio_usb.c.obj
                0x10004a74                tud_cdc_rx_cb
 .text.stdio_usb_init
                0x10004a94      0x12c CMakeFiles/telemetria_v1.dir/C_/Program_Files/Raspberry_Pi/Pico_SDK_v1.5.0/pico-sdk/src/rp2_common/pico_stdio_usb/stdio_usb.c.obj
                0x10004a94                stdio_usb_init
 .text.stdio_usb_connected
                0x10004bc0        0xa CMakeFiles/telemetria_v1.dir/C_/Program_Files/Raspberry_Pi/Pico_SDK_v1.5.0/pico-sdk/src/rp2_common/pico_stdio_usb/stdio_usb.c.obj
                0x10004bc0                stdio_usb_connected
 *fill*         0x10004bca        0x2 
 .text.stdio_usb_in_chars
                0x10004bcc       0xc4 CMakeFiles/telemetria_v1.dir/C_/Program_Files/Raspberry_Pi/Pico_SDK_v1.5.0/pico-sdk/src/rp2_common/pico_stdio_usb/stdio_usb.c.obj
                0x10004bcc                stdio_usb_in_chars
 .text.stdio_usb_out_chars
                0x10004c90      0x114 CMakeFiles/telemetria_v1.dir/C_/Program_Files/Raspberry_Pi/Pico_SDK_v1.5.0/pico-sdk/src/rp2_common/pico_stdio_usb/stdio_usb.c.obj
 .text.tud_descriptor_device_cb
                0x10004da4        0x8 CMakeFiles/telemetria_v1.dir/C_/Program_Files/Raspberry_Pi/Pico_SDK_v1.5.0/pico-sdk/src/rp2_common/pico_stdio_usb/stdio_usb_descriptors.c.obj
                0x10004da4                tud_descriptor_device_cb
 .text.tud_descriptor_configuration_cb
                0x10004dac        0x8 CMakeFiles/telemetria_v1.dir/C_/Program_Files/Raspberry_Pi/Pico_SDK_v1.5.0/pico-sdk/src/rp2_common/pico_stdio_usb/stdio_usb_descriptors.c.obj
                0x10004dac                tud_descriptor_configuration_cb
 .text.tud_descriptor_string_cb
                0x10004db4       0x6c CMakeFiles/telemetria_v1.dir/C_/Program_Files/Raspberry_Pi/Pico_SDK_v1.5.0/pico-sdk/src/rp2_common/pico_stdio_usb/stdio_usb_descriptors.c.obj
                0x10004db4                tud_descriptor_string_cb
 .text._retrieve_unique_id_on_boot
                0x10004e20       0x10 CMakeFiles/telemetria_v1.dir/C_/Program_Files/Raspberry_Pi/Pico_SDK_v1.5.0/pico-sdk/src/rp2_common/pico_unique_id/unique_id.c.obj
 .text.pico_get_unique_board_id_string
                0x10004e30       0x60 CMakeFiles/telemetria_v1.dir/C_/Program_Files/Raspberry_Pi/Pico_SDK_v1.5.0/pico-sdk/src/rp2_common/pico_unique_id/unique_id.c.obj
                0x10004e30                pico_get_unique_board_id_string
 .text.flash_get_unique_id
                0x10004e90       0x46 CMakeFiles/telemetria_v1.dir/C_/Program_Files/Raspberry_Pi/Pico_SDK_v1.5.0/pico-sdk/src/rp2_common/hardware_flash/flash.c.obj
                0x10004e90                flash_get_unique_id
 *fill*         0x10004ed6        0x2 
 .text.hw_endpoint_get_by_addr
                0x10004ed8       0x18 CMakeFiles/telemetria_v1.dir/C_/Program_Files/Raspberry_Pi/Pico_SDK_v1.5.0/pico-sdk/lib/tinyusb/src/portable/raspberrypi/rp2040/dcd_rp2040.c.obj
 .text._hw_endpoint_alloc
                0x10004ef0       0x70 CMakeFiles/telemetria_v1.dir/C_/Program_Files/Raspberry_Pi/Pico_SDK_v1.5.0/pico-sdk/lib/tinyusb/src/portable/raspberrypi/rp2040/dcd_rp2040.c.obj
 .text.hw_endpoint_init
                0x10004f60       0x88 CMakeFiles/telemetria_v1.dir/C_/Program_Files/Raspberry_Pi/Pico_SDK_v1.5.0/pico-sdk/lib/tinyusb/src/portable/raspberrypi/rp2040/dcd_rp2040.c.obj
 .text.hw_endpoint_xfer
                0x10004fe8       0x14 CMakeFiles/telemetria_v1.dir/C_/Program_Files/Raspberry_Pi/Pico_SDK_v1.5.0/pico-sdk/lib/tinyusb/src/portable/raspberrypi/rp2040/dcd_rp2040.c.obj
 .text.dcd_int_enable
                0x10004ffc       0x2c CMakeFiles/telemetria_v1.dir/C_/Program_Files/Raspberry_Pi/Pico_SDK_v1.5.0/pico-sdk/lib/tinyusb/src/portable/raspberrypi/rp2040/dcd_rp2040.c.obj
                0x10004ffc                dcd_int_enable
 .text.dcd_set_address
                0x10005028       0x2c CMakeFiles/telemetria_v1.dir/C_/Program_Files/Raspberry_Pi/Pico_SDK_v1.5.0/pico-sdk/lib/tinyusb/src/portable/raspberrypi/rp2040/dcd_rp2040.c.obj
                0x10005028                dcd_set_address
 .text.dcd_connect
                0x10005054       0x10 CMakeFiles/telemetria_v1.dir/C_/Program_Files/Raspberry_Pi/Pico_SDK_v1.5.0/pico-sdk/lib/tinyusb/src/portable/raspberrypi/rp2040/dcd_rp2040.c.obj
                0x10005054                dcd_connect
 .text.dcd_init
                0x10005064       0x80 CMakeFiles/telemetria_v1.dir/C_/Program_Files/Raspberry_Pi/Pico_SDK_v1.5.0/pico-sdk/lib/tinyusb/src/portable/raspberrypi/rp2040/dcd_rp2040.c.obj
                0x10005064                dcd_init
 .text.dcd_edpt0_status_complete
                0x100050e4       0x1c CMakeFiles/telemetria_v1.dir/C_/Program_Files/Raspberry_Pi/Pico_SDK_v1.5.0/pico-sdk/lib/tinyusb/src/portable/raspberrypi/rp2040/dcd_rp2040.c.obj
                0x100050e4                dcd_edpt0_status_complete
 .text.dcd_edpt_open
                0x10005100       0x40 CMakeFiles/telemetria_v1.dir/C_/Program_Files/Raspberry_Pi/Pico_SDK_v1.5.0/pico-sdk/lib/tinyusb/src/portable/raspberrypi/rp2040/dcd_rp2040.c.obj
                0x10005100                dcd_edpt_open
 .text.dcd_edpt_close_all
                0x10005140        0x8 CMakeFiles/telemetria_v1.dir/C_/Program_Files/Raspberry_Pi/Pico_SDK_v1.5.0/pico-sdk/lib/tinyusb/src/portable/raspberrypi/rp2040/dcd_rp2040.c.obj
                0x10005140                dcd_edpt_close_all
 .text.dcd_edpt_xfer
                0x10005148       0x34 CMakeFiles/telemetria_v1.dir/C_/Program_Files/Raspberry_Pi/Pico_SDK_v1.5.0/pico-sdk/lib/tinyusb/src/portable/raspberrypi/rp2040/dcd_rp2040.c.obj
                0x10005148                dcd_edpt_xfer
 .text.dcd_edpt_stall
                0x1000517c       0x2c CMakeFiles/telemetria_v1.dir/C_/Program_Files/Raspberry_Pi/Pico_SDK_v1.5.0/pico-sdk/lib/tinyusb/src/portable/raspberrypi/rp2040/dcd_rp2040.c.obj
                0x1000517c                dcd_edpt_stall
 .text.dcd_edpt_clear_stall
                0x100051a8       0x20 CMakeFiles/telemetria_v1.dir/C_/Program_Files/Raspberry_Pi/Pico_SDK_v1.5.0/pico-sdk/lib/tinyusb/src/portable/raspberrypi/rp2040/dcd_rp2040.c.obj
                0x100051a8                dcd_edpt_clear_stall
 .text.rp2040_usb_init
                0x100051c8       0x4c CMakeFiles/telemetria_v1.dir/C_/Program_Files/Raspberry_Pi/Pico_SDK_v1.5.0/pico-sdk/lib/tinyusb/src/portable/raspberrypi/rp2040/rp2040_usb.c.obj
                0x100051c8                rp2040_usb_init
 .text.hw_endpoint_xfer_start
                0x10005214       0x50 CMakeFiles/telemetria_v1.dir/C_/Program_Files/Raspberry_Pi/Pico_SDK_v1.5.0/pico-sdk/lib/tinyusb/src/portable/raspberrypi/rp2040/rp2040_usb.c.obj
                0x10005214                hw_endpoint_xfer_start
 .text.configuration_reset
                0x10005264       0x84 CMakeFiles/telemetria_v1.dir/C_/Program_Files/Raspberry_Pi/Pico_SDK_v1.5.0/pico-sdk/lib/tinyusb/src/device/usbd.c.obj
 .text.usbd_reset
                0x100052e8        0xc CMakeFiles/telemetria_v1.dir/C_/Program_Files/Raspberry_Pi/Pico_SDK_v1.5.0/pico-sdk/lib/tinyusb/src/device/usbd.c.obj
 .text.invoke_class_control
                0x100052f4       0x1a CMakeFiles/telemetria_v1.dir/C_/Program_Files/Raspberry_Pi/Pico_SDK_v1.5.0/pico-sdk/lib/tinyusb/src/device/usbd.c.obj
 *fill*         0x1000530e        0x2 
 .text.process_set_config
                0x10005310      0x178 CMakeFiles/telemetria_v1.dir/C_/Program_Files/Raspberry_Pi/Pico_SDK_v1.5.0/pico-sdk/lib/tinyusb/src/device/usbd.c.obj
 .text.process_get_descriptor
                0x10005488       0xdc CMakeFiles/telemetria_v1.dir/C_/Program_Files/Raspberry_Pi/Pico_SDK_v1.5.0/pico-sdk/lib/tinyusb/src/device/usbd.c.obj
 .text.tud_mounted
                0x10005564       0x10 CMakeFiles/telemetria_v1.dir/C_/Program_Files/Raspberry_Pi/Pico_SDK_v1.5.0/pico-sdk/lib/tinyusb/src/device/usbd.c.obj
                0x10005564                tud_mounted
 .text.tud_suspended
                0x10005574       0x10 CMakeFiles/telemetria_v1.dir/C_/Program_Files/Raspberry_Pi/Pico_SDK_v1.5.0/pico-sdk/lib/tinyusb/src/device/usbd.c.obj
                0x10005574                tud_suspended
 .text.tud_inited
                0x10005584       0x14 CMakeFiles/telemetria_v1.dir/C_/Program_Files/Raspberry_Pi/Pico_SDK_v1.5.0/pico-sdk/lib/tinyusb/src/device/usbd.c.obj
                0x10005584                tud_inited
 .text.tud_init
                0x10005598       0xcc CMakeFiles/telemetria_v1.dir/C_/Program_Files/Raspberry_Pi/Pico_SDK_v1.5.0/pico-sdk/lib/tinyusb/src/device/usbd.c.obj
                0x10005598                tud_init
 .text.usbd_defer_func
                0x10005664       0x2a CMakeFiles/telemetria_v1.dir/C_/Program_Files/Raspberry_Pi/Pico_SDK_v1.5.0/pico-sdk/lib/tinyusb/src/device/usbd.c.obj
                0x10005664                usbd_defer_func
 *fill*         0x1000568e        0x2 
 .text.usbd_edpt_open
                0x10005690       0x34 CMakeFiles/telemetria_v1.dir/C_/Program_Files/Raspberry_Pi/Pico_SDK_v1.5.0/pico-sdk/lib/tinyusb/src/device/usbd.c.obj
                0x10005690                usbd_edpt_open
 .text.usbd_open_edpt_pair
                0x100056c4       0x62 CMakeFiles/telemetria_v1.dir/C_/Program_Files/Raspberry_Pi/Pico_SDK_v1.5.0/pico-sdk/lib/tinyusb/src/device/usbd.c.obj
                0x100056c4                usbd_open_edpt_pair
 *fill*         0x10005726        0x2 
 .text.usbd_edpt_claim
                0x10005728       0x28 CMakeFiles/telemetria_v1.dir/C_/Program_Files/Raspberry_Pi/Pico_SDK_v1.5.0/pico-sdk/lib/tinyusb/src/device/usbd.c.obj
                0x10005728                usbd_edpt_claim
 .text.usbd_edpt_release
                0x10005750       0x28 CMakeFiles/telemetria_v1.dir/C_/Program_Files/Raspberry_Pi/Pico_SDK_v1.5.0/pico-sdk/lib/tinyusb/src/device/usbd.c.obj
                0x10005750                usbd_edpt_release
 .text.usbd_edpt_xfer
                0x10005778       0x78 CMakeFiles/telemetria_v1.dir/C_/Program_Files/Raspberry_Pi/Pico_SDK_v1.5.0/pico-sdk/lib/tinyusb/src/device/usbd.c.obj
                0x10005778                usbd_edpt_xfer
 .text.usbd_edpt_stall
                0x100057f0       0x48 CMakeFiles/telemetria_v1.dir/C_/Program_Files/Raspberry_Pi/Pico_SDK_v1.5.0/pico-sdk/lib/tinyusb/src/device/usbd.c.obj
                0x100057f0                usbd_edpt_stall
 .text.usbd_edpt_clear_stall
                0x10005838       0x48 CMakeFiles/telemetria_v1.dir/C_/Program_Files/Raspberry_Pi/Pico_SDK_v1.5.0/pico-sdk/lib/tinyusb/src/device/usbd.c.obj
                0x10005838                usbd_edpt_clear_stall
 .text.usbd_edpt_stalled
                0x10005880       0x1c CMakeFiles/telemetria_v1.dir/C_/Program_Files/Raspberry_Pi/Pico_SDK_v1.5.0/pico-sdk/lib/tinyusb/src/device/usbd.c.obj
                0x10005880                usbd_edpt_stalled
 .text.process_control_request
                0x1000589c      0x37c CMakeFiles/telemetria_v1.dir/C_/Program_Files/Raspberry_Pi/Pico_SDK_v1.5.0/pico-sdk/lib/tinyusb/src/device/usbd.c.obj
 .text.tud_task_ext
                0x10005c18      0x1b4 CMakeFiles/telemetria_v1.dir/C_/Program_Files/Raspberry_Pi/Pico_SDK_v1.5.0/pico-sdk/lib/tinyusb/src/device/usbd.c.obj
                0x10005c18                tud_task_ext
 .text._data_stage_xact
                0x10005dcc       0x58 CMakeFiles/telemetria_v1.dir/C_/Program_Files/Raspberry_Pi/Pico_SDK_v1.5.0/pico-sdk/lib/tinyusb/src/device/usbd_control.c.obj
 .text.tud_control_status
                0x10005e24       0x38 CMakeFiles/telemetria_v1.dir/C_/Program_Files/Raspberry_Pi/Pico_SDK_v1.5.0/pico-sdk/lib/tinyusb/src/device/usbd_control.c.obj
                0x10005e24                tud_control_status
 .text.tud_control_xfer
                0x10005e5c       0x74 CMakeFiles/telemetria_v1.dir/C_/Program_Files/Raspberry_Pi/Pico_SDK_v1.5.0/pico-sdk/lib/tinyusb/src/device/usbd_control.c.obj
                0x10005e5c                tud_control_xfer
 .text.usbd_control_reset
                0x10005ed0       0x14 CMakeFiles/telemetria_v1.dir/C_/Program_Files/Raspberry_Pi/Pico_SDK_v1.5.0/pico-sdk/lib/tinyusb/src/device/usbd_control.c.obj
                0x10005ed0                usbd_control_reset
 .text.usbd_control_set_complete_callback
                0x10005ee4        0xc CMakeFiles/telemetria_v1.dir/C_/Program_Files/Raspberry_Pi/Pico_SDK_v1.5.0/pico-sdk/lib/tinyusb/src/device/usbd_control.c.obj
                0x10005ee4                usbd_control_set_complete_callback
 .text.usbd_control_set_request
                0x10005ef0       0x1c CMakeFiles/telemetria_v1.dir/C_/Program_Files/Raspberry_Pi/Pico_SDK_v1.5.0/pico-sdk/lib/tinyusb/src/device/usbd_control.c.obj
                0x10005ef0                usbd_control_set_request
 .text.usbd_control_xfer_cb
                0x10005f0c       0xcc CMakeFiles/telemetria_v1.dir/C_/Program_Files/Raspberry_Pi/Pico_SDK_v1.5.0/pico-sdk/lib/tinyusb/src/device/usbd_control.c.obj
                0x10005f0c                usbd_control_xfer_cb
 .text._prep_out_transaction
                0x10005fd8       0x4a CMakeFiles/telemetria_v1.dir/C_/Program_Files/Raspberry_Pi/Pico_SDK_v1.5.0/pico-sdk/lib/tinyusb/src/class/cdc/cdc_device.c.obj
 *fill*         0x10006022        0x2 
 .text.tud_cdc_n_connected
                0x10006024       0x44 CMakeFiles/telemetria_v1.dir/C_/Program_Files/Raspberry_Pi/Pico_SDK_v1.5.0/pico-sdk/lib/tinyusb/src/class/cdc/cdc_device.c.obj
                0x10006024                tud_cdc_n_connected
 .text.tud_cdc_n_available
                0x10006068       0x18 CMakeFiles/telemetria_v1.dir/C_/Program_Files/Raspberry_Pi/Pico_SDK_v1.5.0/pico-sdk/lib/tinyusb/src/class/cdc/cdc_device.c.obj
                0x10006068                tud_cdc_n_available
 .text.tud_cdc_n_read
                0x10006080       0x28 CMakeFiles/telemetria_v1.dir/C_/Program_Files/Raspberry_Pi/Pico_SDK_v1.5.0/pico-sdk/lib/tinyusb/src/class/cdc/cdc_device.c.obj
                0x10006080                tud_cdc_n_read
 .text.tud_cdc_n_write_flush
                0x100060a8       0xb8 CMakeFiles/telemetria_v1.dir/C_/Program_Files/Raspberry_Pi/Pico_SDK_v1.5.0/pico-sdk/lib/tinyusb/src/class/cdc/cdc_device.c.obj
                0x100060a8                tud_cdc_n_write_flush
 .text.tud_cdc_n_write
                0x10006160       0x38 CMakeFiles/telemetria_v1.dir/C_/Program_Files/Raspberry_Pi/Pico_SDK_v1.5.0/pico-sdk/lib/tinyusb/src/class/cdc/cdc_device.c.obj
                0x10006160                tud_cdc_n_write
 .text.tud_cdc_n_write_available
                0x10006198       0x1c CMakeFiles/telemetria_v1.dir/C_/Program_Files/Raspberry_Pi/Pico_SDK_v1.5.0/pico-sdk/lib/tinyusb/src/class/cdc/cdc_device.c.obj
                0x10006198                tud_cdc_n_write_available
 .text.cdcd_init
                0x100061b4       0xbc CMakeFiles/telemetria_v1.dir/C_/Program_Files/Raspberry_Pi/Pico_SDK_v1.5.0/pico-sdk/lib/tinyusb/src/class/cdc/cdc_device.c.obj
                0x100061b4                cdcd_init
 .text.cdcd_reset
                0x10006270       0x44 CMakeFiles/telemetria_v1.dir/C_/Program_Files/Raspberry_Pi/Pico_SDK_v1.5.0/pico-sdk/lib/tinyusb/src/class/cdc/cdc_device.c.obj
                0x10006270                cdcd_reset
 .text.cdcd_open
                0x100062b4       0xcc CMakeFiles/telemetria_v1.dir/C_/Program_Files/Raspberry_Pi/Pico_SDK_v1.5.0/pico-sdk/lib/tinyusb/src/class/cdc/cdc_device.c.obj
                0x100062b4                cdcd_open
 .text.cdcd_control_xfer_cb
                0x10006380      0x134 CMakeFiles/telemetria_v1.dir/C_/Program_Files/Raspberry_Pi/Pico_SDK_v1.5.0/pico-sdk/lib/tinyusb/src/class/cdc/cdc_device.c.obj
                0x10006380                cdcd_control_xfer_cb
 .text.cdcd_xfer_cb
                0x100064b4      0x130 CMakeFiles/telemetria_v1.dir/C_/Program_Files/Raspberry_Pi/Pico_SDK_v1.5.0/pico-sdk/lib/tinyusb/src/class/cdc/cdc_device.c.obj
                0x100064b4                cdcd_xfer_cb
 .text.tusb_init
                0x100065e4        0xa CMakeFiles/telemetria_v1.dir/C_/Program_Files/Raspberry_Pi/Pico_SDK_v1.5.0/pico-sdk/lib/tinyusb/src/tusb.c.obj
                0x100065e4                tusb_init
 .text.tusb_inited
                0x100065ee        0xe CMakeFiles/telemetria_v1.dir/C_/Program_Files/Raspberry_Pi/Pico_SDK_v1.5.0/pico-sdk/lib/tinyusb/src/tusb.c.obj
                0x100065ee                tusb_inited
 .text.tu_edpt_claim
                0x100065fc       0x50 CMakeFiles/telemetria_v1.dir/C_/Program_Files/Raspberry_Pi/Pico_SDK_v1.5.0/pico-sdk/lib/tinyusb/src/tusb.c.obj
                0x100065fc                tu_edpt_claim
 .text.tu_edpt_release
                0x1000664c       0x3c CMakeFiles/telemetria_v1.dir/C_/Program_Files/Raspberry_Pi/Pico_SDK_v1.5.0/pico-sdk/lib/tinyusb/src/tusb.c.obj
                0x1000664c                tu_edpt_release
 .text.tu_edpt_validate
                0x10006688       0x78 CMakeFiles/telemetria_v1.dir/C_/Program_Files/Raspberry_Pi/Pico_SDK_v1.5.0/pico-sdk/lib/tinyusb/src/tusb.c.obj
                0x10006688                tu_edpt_validate
 .text.tu_edpt_bind_driver
                0x10006700       0x26 CMakeFiles/telemetria_v1.dir/C_/Program_Files/Raspberry_Pi/Pico_SDK_v1.5.0/pico-sdk/lib/tinyusb/src/tusb.c.obj
                0x10006700                tu_edpt_bind_driver
 .text.advance_index
                0x10006726       0x1a CMakeFiles/telemetria_v1.dir/C_/Program_Files/Raspberry_Pi/Pico_SDK_v1.5.0/pico-sdk/lib/tinyusb/src/common/tusb_fifo.c.obj
 .text._tu_fifo_peek
                0x10006740       0x56 CMakeFiles/telemetria_v1.dir/C_/Program_Files/Raspberry_Pi/Pico_SDK_v1.5.0/pico-sdk/lib/tinyusb/src/common/tusb_fifo.c.obj
 .text._ff_pull_const_addr
                0x10006796       0x4c CMakeFiles/telemetria_v1.dir/C_/Program_Files/Raspberry_Pi/Pico_SDK_v1.5.0/pico-sdk/lib/tinyusb/src/common/tusb_fifo.c.obj
 .text._ff_pull_n
                0x100067e2      0x110 CMakeFiles/telemetria_v1.dir/C_/Program_Files/Raspberry_Pi/Pico_SDK_v1.5.0/pico-sdk/lib/tinyusb/src/common/tusb_fifo.c.obj
 .text._tu_fifo_peek_n
                0x100068f2       0x6a CMakeFiles/telemetria_v1.dir/C_/Program_Files/Raspberry_Pi/Pico_SDK_v1.5.0/pico-sdk/lib/tinyusb/src/common/tusb_fifo.c.obj
 .text._tu_fifo_read_n
                0x1000695c       0x4e CMakeFiles/telemetria_v1.dir/C_/Program_Files/Raspberry_Pi/Pico_SDK_v1.5.0/pico-sdk/lib/tinyusb/src/common/tusb_fifo.c.obj
 .text._ff_push_const_addr
                0x100069aa       0x40 CMakeFiles/telemetria_v1.dir/C_/Program_Files/Raspberry_Pi/Pico_SDK_v1.5.0/pico-sdk/lib/tinyusb/src/common/tusb_fifo.c.obj
 .text._ff_push_n
                0x100069ea      0x10c CMakeFiles/telemetria_v1.dir/C_/Program_Files/Raspberry_Pi/Pico_SDK_v1.5.0/pico-sdk/lib/tinyusb/src/common/tusb_fifo.c.obj
 .text._tu_fifo_write_n
                0x10006af6       0xf0 CMakeFiles/telemetria_v1.dir/C_/Program_Files/Raspberry_Pi/Pico_SDK_v1.5.0/pico-sdk/lib/tinyusb/src/common/tusb_fifo.c.obj
 .text.tu_fifo_config
                0x10006be6       0x7c CMakeFiles/telemetria_v1.dir/C_/Program_Files/Raspberry_Pi/Pico_SDK_v1.5.0/pico-sdk/lib/tinyusb/src/common/tusb_fifo.c.obj
                0x10006be6                tu_fifo_config
 .text.tu_fifo_count
                0x10006c62       0x2a CMakeFiles/telemetria_v1.dir/C_/Program_Files/Raspberry_Pi/Pico_SDK_v1.5.0/pico-sdk/lib/tinyusb/src/common/tusb_fifo.c.obj
                0x10006c62                tu_fifo_count
 .text.tu_fifo_empty
                0x10006c8c       0x10 CMakeFiles/telemetria_v1.dir/C_/Program_Files/Raspberry_Pi/Pico_SDK_v1.5.0/pico-sdk/lib/tinyusb/src/common/tusb_fifo.c.obj
                0x10006c8c                tu_fifo_empty
 .text.tu_fifo_full
                0x10006c9c       0x28 CMakeFiles/telemetria_v1.dir/C_/Program_Files/Raspberry_Pi/Pico_SDK_v1.5.0/pico-sdk/lib/tinyusb/src/common/tusb_fifo.c.obj
                0x10006c9c                tu_fifo_full
 .text.tu_fifo_remaining
                0x10006cc4       0x2c CMakeFiles/telemetria_v1.dir/C_/Program_Files/Raspberry_Pi/Pico_SDK_v1.5.0/pico-sdk/lib/tinyusb/src/common/tusb_fifo.c.obj
                0x10006cc4                tu_fifo_remaining
 .text.tu_fifo_read
                0x10006cf0       0x42 CMakeFiles/telemetria_v1.dir/C_/Program_Files/Raspberry_Pi/Pico_SDK_v1.5.0/pico-sdk/lib/tinyusb/src/common/tusb_fifo.c.obj
                0x10006cf0                tu_fifo_read
 .text.tu_fifo_read_n
                0x10006d32        0xa CMakeFiles/telemetria_v1.dir/C_/Program_Files/Raspberry_Pi/Pico_SDK_v1.5.0/pico-sdk/lib/tinyusb/src/common/tusb_fifo.c.obj
                0x10006d32                tu_fifo_read_n
 .text.tu_fifo_write
                0x10006d3c       0x64 CMakeFiles/telemetria_v1.dir/C_/Program_Files/Raspberry_Pi/Pico_SDK_v1.5.0/pico-sdk/lib/tinyusb/src/common/tusb_fifo.c.obj
                0x10006d3c                tu_fifo_write
 .text.tu_fifo_write_n
                0x10006da0        0xa CMakeFiles/telemetria_v1.dir/C_/Program_Files/Raspberry_Pi/Pico_SDK_v1.5.0/pico-sdk/lib/tinyusb/src/common/tusb_fifo.c.obj
                0x10006da0                tu_fifo_write_n
 .text.tu_fifo_clear
                0x10006daa       0x3e CMakeFiles/telemetria_v1.dir/C_/Program_Files/Raspberry_Pi/Pico_SDK_v1.5.0/pico-sdk/lib/tinyusb/src/common/tusb_fifo.c.obj
                0x10006daa                tu_fifo_clear
 .text.tu_fifo_set_overwritable
                0x10006de8       0x46 CMakeFiles/telemetria_v1.dir/C_/Program_Files/Raspberry_Pi/Pico_SDK_v1.5.0/pico-sdk/lib/tinyusb/src/common/tusb_fifo.c.obj
                0x10006de8                tu_fifo_set_overwritable
 .text.validate_config
                0x10006e2e       0x8e CMakeFiles/telemetria_v1.dir/pico-nrf24/lib/nrf24l01/nrf24_driver.c.obj
 .text.nrf_driver_configure
                0x10006ebc       0xd4 CMakeFiles/telemetria_v1.dir/pico-nrf24/lib/nrf24l01/nrf24_driver.c.obj
                0x10006ebc                nrf_driver_configure
 .text.r_register_byte
                0x10006f90       0x38 CMakeFiles/telemetria_v1.dir/pico-nrf24/lib/nrf24l01/nrf24_driver.c.obj
 .text.w_register
                0x10006fc8       0x64 CMakeFiles/telemetria_v1.dir/pico-nrf24/lib/nrf24l01/nrf24_driver.c.obj
 .text.nrf_driver_tx_destination
                0x1000702c       0x4c CMakeFiles/telemetria_v1.dir/pico-nrf24/lib/nrf24l01/nrf24_driver.c.obj
                0x1000702c                nrf_driver_tx_destination
 .text.nrf_driver_payload_size
                0x10007078       0x70 CMakeFiles/telemetria_v1.dir/pico-nrf24/lib/nrf24l01/nrf24_driver.c.obj
                0x10007078                nrf_driver_payload_size
 .text.nrf_driver_dyn_payloads_enable
                0x100070e8       0x64 CMakeFiles/telemetria_v1.dir/pico-nrf24/lib/nrf24l01/nrf24_driver.c.obj
                0x100070e8                nrf_driver_dyn_payloads_enable
 .text.nrf_driver_dyn_payloads_disable
                0x1000714c       0x64 CMakeFiles/telemetria_v1.dir/pico-nrf24/lib/nrf24l01/nrf24_driver.c.obj
                0x1000714c                nrf_driver_dyn_payloads_disable
 .text.nrf_driver_rf_channel
                0x100071b0       0x3c CMakeFiles/telemetria_v1.dir/pico-nrf24/lib/nrf24l01/nrf24_driver.c.obj
                0x100071b0                nrf_driver_rf_channel
 .text.nrf_driver_auto_retransmission
                0x100071ec       0x54 CMakeFiles/telemetria_v1.dir/pico-nrf24/lib/nrf24l01/nrf24_driver.c.obj
                0x100071ec                nrf_driver_auto_retransmission
 .text.nrf_driver_rf_data_rate
                0x10007240       0x58 CMakeFiles/telemetria_v1.dir/pico-nrf24/lib/nrf24l01/nrf24_driver.c.obj
                0x10007240                nrf_driver_rf_data_rate
 .text.nrf_driver_rf_power
                0x10007298       0x64 CMakeFiles/telemetria_v1.dir/pico-nrf24/lib/nrf24l01/nrf24_driver.c.obj
                0x10007298                nrf_driver_rf_power
 .text.nrf_driver_standby_mode
                0x100072fc       0x58 CMakeFiles/telemetria_v1.dir/pico-nrf24/lib/nrf24l01/nrf24_driver.c.obj
                0x100072fc                nrf_driver_standby_mode
 .text.flush_tx_fifo
                0x10007354       0x34 CMakeFiles/telemetria_v1.dir/pico-nrf24/lib/nrf24l01/nrf24_driver.c.obj
 .text.check_status_irq
                0x10007388       0x8a CMakeFiles/telemetria_v1.dir/pico-nrf24/lib/nrf24l01/nrf24_driver.c.obj
 *fill*         0x10007412        0x2 
 .text.nrf_driver_is_packet
                0x10007414       0x30 CMakeFiles/telemetria_v1.dir/pico-nrf24/lib/nrf24l01/nrf24_driver.c.obj
                0x10007414                nrf_driver_is_packet
 .text.flush_rx_fifo
                0x10007444       0x34 CMakeFiles/telemetria_v1.dir/pico-nrf24/lib/nrf24l01/nrf24_driver.c.obj
 .text.nrf_driver_initialise
                0x10007478      0x100 CMakeFiles/telemetria_v1.dir/pico-nrf24/lib/nrf24l01/nrf24_driver.c.obj
                0x10007478                nrf_driver_initialise
 .text.nrf_driver_read_packet
                0x10007578       0xe4 CMakeFiles/telemetria_v1.dir/pico-nrf24/lib/nrf24l01/nrf24_driver.c.obj
                0x10007578                nrf_driver_read_packet
 .text.nrf_driver_rx_destination
                0x1000765c       0xa0 CMakeFiles/telemetria_v1.dir/pico-nrf24/lib/nrf24l01/nrf24_driver.c.obj
                0x1000765c                nrf_driver_rx_destination
 .text.nrf_driver_send_packet
                0x100076fc       0xd8 CMakeFiles/telemetria_v1.dir/pico-nrf24/lib/nrf24l01/nrf24_driver.c.obj
                0x100076fc                nrf_driver_send_packet
 .text.nrf_driver_receiver_mode
                0x100077d4       0x6c CMakeFiles/telemetria_v1.dir/pico-nrf24/lib/nrf24l01/nrf24_driver.c.obj
                0x100077d4                nrf_driver_receiver_mode
 .text.nrf_driver_create_client
                0x10007840       0x84 CMakeFiles/telemetria_v1.dir/pico-nrf24/lib/nrf24l01/nrf24_driver.c.obj
                0x10007840                nrf_driver_create_client
 .text.spi_manager_init_spi
                0x100078c4       0x1c CMakeFiles/telemetria_v1.dir/pico-nrf24/lib/nrf24l01/spi_manager/spi_manager.c.obj
                0x100078c4                spi_manager_init_spi
 .text.spi_manager_deinit_spi
                0x100078e0        0x8 CMakeFiles/telemetria_v1.dir/pico-nrf24/lib/nrf24l01/spi_manager/spi_manager.c.obj
                0x100078e0                spi_manager_deinit_spi
 .text.spi_manager_transfer
                0x100078e8       0x34 CMakeFiles/telemetria_v1.dir/pico-nrf24/lib/nrf24l01/spi_manager/spi_manager.c.obj
                0x100078e8                spi_manager_transfer
 .text.pin_manager_validate
                0x1000791c       0x6e CMakeFiles/telemetria_v1.dir/pico-nrf24/lib/nrf24l01/pin_manager/pin_manager.c.obj
 .text.csn_put_high
                0x1000798a        0xc CMakeFiles/telemetria_v1.dir/pico-nrf24/lib/nrf24l01/pin_manager/pin_manager.c.obj
                0x1000798a                csn_put_high
 .text.csn_put_low
                0x10007996        0xc CMakeFiles/telemetria_v1.dir/pico-nrf24/lib/nrf24l01/pin_manager/pin_manager.c.obj
                0x10007996                csn_put_low
 .text.ce_put_high
                0x100079a2        0xc CMakeFiles/telemetria_v1.dir/pico-nrf24/lib/nrf24l01/pin_manager/pin_manager.c.obj
                0x100079a2                ce_put_high
 .text.ce_put_low
                0x100079ae        0xc CMakeFiles/telemetria_v1.dir/pico-nrf24/lib/nrf24l01/pin_manager/pin_manager.c.obj
                0x100079ae                ce_put_low
 .text.pin_manager_configure
                0x100079ba       0x5e CMakeFiles/telemetria_v1.dir/pico-nrf24/lib/nrf24l01/pin_manager/pin_manager.c.obj
                0x100079ba                pin_manager_configure
 .text.spi_deinit
                0x10007a18       0x34 CMakeFiles/telemetria_v1.dir/C_/Program_Files/Raspberry_Pi/Pico_SDK_v1.5.0/pico-sdk/src/rp2_common/hardware_spi/spi.c.obj
                0x10007a18                spi_deinit
 .text.spi_set_baudrate
                0x10007a4c       0x92 CMakeFiles/telemetria_v1.dir/C_/Program_Files/Raspberry_Pi/Pico_SDK_v1.5.0/pico-sdk/src/rp2_common/hardware_spi/spi.c.obj
                0x10007a4c                spi_set_baudrate
 *fill*         0x10007ade        0x2 
 .text.spi_init
                0x10007ae0       0x68 CMakeFiles/telemetria_v1.dir/C_/Program_Files/Raspberry_Pi/Pico_SDK_v1.5.0/pico-sdk/src/rp2_common/hardware_spi/spi.c.obj
                0x10007ae0                spi_init
 .text.strlen   0x10007b48       0x5c c:/progra~1/raspbe~1/picosd~1.0/gcc-ar~1/bin/../lib/gcc/arm-none-eabi/10.3.1/../../../../arm-none-eabi/lib/thumb/v6-m/nofp\libg.a(lib_a-strlen-stub.o)
                0x10007b48                strlen
 *(.fini)
 .fini          0x10007ba4        0x4 c:/progra~1/raspbe~1/picosd~1.0/gcc-ar~1/bin/../lib/gcc/arm-none-eabi/10.3.1/thumb/v6-m/nofp/crti.o
                0x10007ba4                _fini
 .fini.__stub   0x10007ba8      0x100 linker stubs
 *crtbegin.o(.ctors)
 *crtbegin?.o(.ctors)
 *(EXCLUDE_FILE(*crtend.o *crtend?.o) .ctors)
 *(SORT_BY_NAME(.ctors.*))
 *(.ctors)
 *crtbegin.o(.dtors)
 *crtbegin?.o(.dtors)
 *(EXCLUDE_FILE(*crtend.o *crtend?.o) .dtors)
 *(SORT_BY_NAME(.dtors.*))
 *(.dtors)
 *(.eh_frame*)
 .eh_frame      0x10007ca8        0x0 c:/progra~1/raspbe~1/picosd~1.0/gcc-ar~1/bin/../lib/gcc/arm-none-eabi/10.3.1/thumb/v6-m/nofp/crtbegin.o
                0x10007ca8                . = ALIGN (0x4)

.glue_7         0x10007ca8        0x0
 .glue_7        0x10007ca8        0x0 linker stubs

.glue_7t        0x10007ca8        0x0
 .glue_7t       0x10007ca8        0x0 linker stubs

.vfp11_veneer   0x10007ca8        0x0
 .vfp11_veneer  0x10007ca8        0x0 linker stubs

.v4_bx          0x10007ca8        0x0
 .v4_bx         0x10007ca8        0x0 linker stubs

.iplt           0x10007ca8        0x0
 .iplt          0x10007ca8        0x0 c:/progra~1/raspbe~1/picosd~1.0/gcc-ar~1/bin/../lib/gcc/arm-none-eabi/10.3.1/thumb/v6-m/nofp/crtbegin.o

.rodata         0x10007ca8     0x187c
 *(EXCLUDE_FILE(*libm.a: *libc.a:*lib_a-mem*.o *libgcc.a:) .rodata*)
 .rodata.main.str1.4
                0x10007ca8      0x14a CMakeFiles/telemetria_v1.dir/telemetria_v1.c.obj
 *fill*         0x10007df2        0x2 
 .rodata        0x10007df4       0x29 CMakeFiles/telemetria_v1.dir/telemetria_v1.c.obj
 *fill*         0x10007e1d        0x3 
 .rodata.__func__.0
                0x10007e20       0x15 CMakeFiles/telemetria_v1.dir/telemetria_v1.c.obj
 *fill*         0x10007e35        0x3 
 .rodata.spin_lock_claim_unused.str1.4
                0x10007e38       0x1b CMakeFiles/telemetria_v1.dir/C_/Program_Files/Raspberry_Pi/Pico_SDK_v1.5.0/pico-sdk/src/rp2_common/hardware_sync/sync.c.obj
 *fill*         0x10007e53        0x1 
 .rodata.make_branch.str1.4
                0x10007e54       0x89 CMakeFiles/telemetria_v1.dir/C_/Program_Files/Raspberry_Pi/Pico_SDK_v1.5.0/pico-sdk/src/rp2_common/hardware_irq/irq.c.obj
 *fill*         0x10007edd        0x3 
 .rodata.insert_branch_and_link.str1.4
                0x10007ee0       0x10 CMakeFiles/telemetria_v1.dir/C_/Program_Files/Raspberry_Pi/Pico_SDK_v1.5.0/pico-sdk/src/rp2_common/hardware_irq/irq.c.obj
 .rodata.irq_set_exclusive_handler.str1.4
                0x10007ef0       0x36 CMakeFiles/telemetria_v1.dir/C_/Program_Files/Raspberry_Pi/Pico_SDK_v1.5.0/pico-sdk/src/rp2_common/hardware_irq/irq.c.obj
 *fill*         0x10007f26        0x2 
 .rodata.irq_add_shared_handler.str1.4
                0x10007f28       0xd9 CMakeFiles/telemetria_v1.dir/C_/Program_Files/Raspberry_Pi/Pico_SDK_v1.5.0/pico-sdk/src/rp2_common/hardware_irq/irq.c.obj
 *fill*         0x10008001        0x3 
 .rodata.irq_remove_handler.str1.4
                0x10008004       0x3a CMakeFiles/telemetria_v1.dir/C_/Program_Files/Raspberry_Pi/Pico_SDK_v1.5.0/pico-sdk/src/rp2_common/hardware_irq/irq.c.obj
 *fill*         0x1000803e        0x2 
 .rodata.irq_add_tail_to_free_list.str1.4
                0x10008040       0x3a CMakeFiles/telemetria_v1.dir/C_/Program_Files/Raspberry_Pi/Pico_SDK_v1.5.0/pico-sdk/src/rp2_common/hardware_irq/irq.c.obj
 *fill*         0x1000807a        0x2 
 .rodata.user_irq_claim_unused.str1.4
                0x1000807c       0x1b CMakeFiles/telemetria_v1.dir/C_/Program_Files/Raspberry_Pi/Pico_SDK_v1.5.0/pico-sdk/src/rp2_common/hardware_irq/irq.c.obj
 *fill*         0x10008097        0x1 
 .rodata.__func__.0
                0x10008098       0x1a CMakeFiles/telemetria_v1.dir/C_/Program_Files/Raspberry_Pi/Pico_SDK_v1.5.0/pico-sdk/src/rp2_common/hardware_irq/irq.c.obj
 *fill*         0x100080b2        0x2 
 .rodata.__func__.1
                0x100080b4       0x17 CMakeFiles/telemetria_v1.dir/C_/Program_Files/Raspberry_Pi/Pico_SDK_v1.5.0/pico-sdk/src/rp2_common/hardware_irq/irq.c.obj
 *fill*         0x100080cb        0x1 
 .rodata.__func__.2
                0x100080cc       0x13 CMakeFiles/telemetria_v1.dir/C_/Program_Files/Raspberry_Pi/Pico_SDK_v1.5.0/pico-sdk/src/rp2_common/hardware_irq/irq.c.obj
 *fill*         0x100080df        0x1 
 .rodata.__func__.3
                0x100080e0        0xc CMakeFiles/telemetria_v1.dir/C_/Program_Files/Raspberry_Pi/Pico_SDK_v1.5.0/pico-sdk/src/rp2_common/hardware_irq/irq.c.obj
 .rodata.__func__.4
                0x100080ec        0xf CMakeFiles/telemetria_v1.dir/C_/Program_Files/Raspberry_Pi/Pico_SDK_v1.5.0/pico-sdk/src/rp2_common/hardware_irq/irq.c.obj
 *fill*         0x100080fb        0x1 
 .rodata.__func__.5
                0x100080fc       0x17 CMakeFiles/telemetria_v1.dir/C_/Program_Files/Raspberry_Pi/Pico_SDK_v1.5.0/pico-sdk/src/rp2_common/hardware_irq/irq.c.obj
 *fill*         0x10008113        0x1 
 .rodata.__func__.6
                0x10008114       0x1a CMakeFiles/telemetria_v1.dir/C_/Program_Files/Raspberry_Pi/Pico_SDK_v1.5.0/pico-sdk/src/rp2_common/hardware_irq/irq.c.obj
 *fill*         0x1000812e        0x2 
 .rodata.str1.4
                0x10008130       0xa5 CMakeFiles/telemetria_v1.dir/C_/Program_Files/Raspberry_Pi/Pico_SDK_v1.5.0/pico-sdk/src/common/pico_sync/mutex.c.obj
                                0x125 (size before relaxing)
 *fill*         0x100081d5        0x3 
 .rodata.__func__.1
                0x100081d8        0xb CMakeFiles/telemetria_v1.dir/C_/Program_Files/Raspberry_Pi/Pico_SDK_v1.5.0/pico-sdk/src/common/pico_sync/mutex.c.obj
 *fill*         0x100081e3        0x1 
 .rodata.__func__.3
                0x100081e4       0x18 CMakeFiles/telemetria_v1.dir/C_/Program_Files/Raspberry_Pi/Pico_SDK_v1.5.0/pico-sdk/src/common/pico_sync/mutex.c.obj
 .rodata.__func__.4
                0x100081fc       0x15 CMakeFiles/telemetria_v1.dir/C_/Program_Files/Raspberry_Pi/Pico_SDK_v1.5.0/pico-sdk/src/common/pico_sync/mutex.c.obj
 *fill*         0x10008211        0x3 
 .rodata.repeating_timer_callback.str1.4
                0x10008214       0x67 CMakeFiles/telemetria_v1.dir/C_/Program_Files/Raspberry_Pi/Pico_SDK_v1.5.0/pico-sdk/src/common/pico_time/time.c.obj
 *fill*         0x1000827b        0x1 
 .rodata.timer_pool_entry_comparator.str1.4
                0x1000827c       0x22 CMakeFiles/telemetria_v1.dir/C_/Program_Files/Raspberry_Pi/Pico_SDK_v1.5.0/pico-sdk/src/common/pico_time/time.c.obj
 *fill*         0x1000829e        0x2 
 .rodata.ph_add_child_node.str1.4
                0x100082a0       0xb2 CMakeFiles/telemetria_v1.dir/C_/Program_Files/Raspberry_Pi/Pico_SDK_v1.5.0/pico-sdk/src/common/pico_time/time.c.obj
 *fill*         0x10008352        0x2 
 .rodata.add_alarm_under_lock.str1.4
                0x10008354       0x28 CMakeFiles/telemetria_v1.dir/C_/Program_Files/Raspberry_Pi/Pico_SDK_v1.5.0/pico-sdk/src/common/pico_time/time.c.obj
                                 0x2b (size before relaxing)
 .rodata.alarm_pool_alarm_callback.str1.4
                0x1000837c       0x98 CMakeFiles/telemetria_v1.dir/C_/Program_Files/Raspberry_Pi/Pico_SDK_v1.5.0/pico-sdk/src/common/pico_time/time.c.obj
                                0x118 (size before relaxing)
 .rodata.alarm_pool_get_default.str1.4
                0x10008414       0x21 CMakeFiles/telemetria_v1.dir/C_/Program_Files/Raspberry_Pi/Pico_SDK_v1.5.0/pico-sdk/src/common/pico_time/time.c.obj
 *fill*         0x10008435        0x3 
 .rodata.alarm_pool_cancel_alarm.str1.4
                0x10008438       0x27 CMakeFiles/telemetria_v1.dir/C_/Program_Files/Raspberry_Pi/Pico_SDK_v1.5.0/pico-sdk/src/common/pico_time/time.c.obj
 *fill*         0x1000845f        0x1 
 .rodata.sleep_until.str1.4
                0x10008460       0x4d CMakeFiles/telemetria_v1.dir/C_/Program_Files/Raspberry_Pi/Pico_SDK_v1.5.0/pico-sdk/src/common/pico_time/time.c.obj
 *fill*         0x100084ad        0x3 
 .rodata.__func__.1
                0x100084b0       0x18 CMakeFiles/telemetria_v1.dir/C_/Program_Files/Raspberry_Pi/Pico_SDK_v1.5.0/pico-sdk/src/common/pico_time/time.c.obj
 .rodata.__func__.10
                0x100084c8       0x15 CMakeFiles/telemetria_v1.dir/C_/Program_Files/Raspberry_Pi/Pico_SDK_v1.5.0/pico-sdk/src/common/pico_time/time.c.obj
 *fill*         0x100084dd        0x3 
 .rodata.__func__.11
                0x100084e0       0x1a CMakeFiles/telemetria_v1.dir/C_/Program_Files/Raspberry_Pi/Pico_SDK_v1.5.0/pico-sdk/src/common/pico_time/time.c.obj
 *fill*         0x100084fa        0x2 
 .rodata.__func__.12
                0x100084fc        0xa CMakeFiles/telemetria_v1.dir/C_/Program_Files/Raspberry_Pi/Pico_SDK_v1.5.0/pico-sdk/src/common/pico_time/time.c.obj
 *fill*         0x10008506        0x2 
 .rodata.__func__.3
                0x10008508       0x17 CMakeFiles/telemetria_v1.dir/C_/Program_Files/Raspberry_Pi/Pico_SDK_v1.5.0/pico-sdk/src/common/pico_time/time.c.obj
 *fill*         0x1000851f        0x1 
 .rodata.__func__.4
                0x10008520       0x12 CMakeFiles/telemetria_v1.dir/C_/Program_Files/Raspberry_Pi/Pico_SDK_v1.5.0/pico-sdk/src/common/pico_time/time.c.obj
 *fill*         0x10008532        0x2 
 .rodata.__func__.5
                0x10008534        0xd CMakeFiles/telemetria_v1.dir/C_/Program_Files/Raspberry_Pi/Pico_SDK_v1.5.0/pico-sdk/src/common/pico_time/time.c.obj
 *fill*         0x10008541        0x3 
 .rodata.__func__.6
                0x10008544       0x12 CMakeFiles/telemetria_v1.dir/C_/Program_Files/Raspberry_Pi/Pico_SDK_v1.5.0/pico-sdk/src/common/pico_time/time.c.obj
 *fill*         0x10008556        0x2 
 .rodata.__func__.7
                0x10008558        0xf CMakeFiles/telemetria_v1.dir/C_/Program_Files/Raspberry_Pi/Pico_SDK_v1.5.0/pico-sdk/src/common/pico_time/time.c.obj
 *fill*         0x10008567        0x1 
 .rodata.__func__.8
                0x10008568        0xc CMakeFiles/telemetria_v1.dir/C_/Program_Files/Raspberry_Pi/Pico_SDK_v1.5.0/pico-sdk/src/common/pico_time/time.c.obj
 .rodata.__func__.9
                0x10008574       0x15 CMakeFiles/telemetria_v1.dir/C_/Program_Files/Raspberry_Pi/Pico_SDK_v1.5.0/pico-sdk/src/common/pico_time/time.c.obj
 *fill*         0x10008589        0x3 
 .rodata.hardware_alarm_claim.str1.4
                0x1000858c       0x22 CMakeFiles/telemetria_v1.dir/C_/Program_Files/Raspberry_Pi/Pico_SDK_v1.5.0/pico-sdk/src/rp2_common/hardware_timer/timer.c.obj
 *fill*         0x100085ae        0x2 
 .rodata.hardware_alarm_set_target.str1.4
                0x100085b0       0x81 CMakeFiles/telemetria_v1.dir/C_/Program_Files/Raspberry_Pi/Pico_SDK_v1.5.0/pico-sdk/src/rp2_common/hardware_timer/timer.c.obj
 *fill*         0x10008631        0x3 
 .rodata.__func__.0
                0x10008634       0x1a CMakeFiles/telemetria_v1.dir/C_/Program_Files/Raspberry_Pi/Pico_SDK_v1.5.0/pico-sdk/src/rp2_common/hardware_timer/timer.c.obj
 .rodata.ph_add_child_node.str1.4
                0x1000864e       0xb2 CMakeFiles/telemetria_v1.dir/C_/Program_Files/Raspberry_Pi/Pico_SDK_v1.5.0/pico-sdk/src/common/pico_util/pheap.c.obj
 *fill*         0x1000864e        0x2 
 .rodata.ph_remove_any_head.str1.4
                0x10008650       0xa8 CMakeFiles/telemetria_v1.dir/C_/Program_Files/Raspberry_Pi/Pico_SDK_v1.5.0/pico-sdk/src/common/pico_util/pheap.c.obj
                                 0xbc (size before relaxing)
 .rodata.ph_remove_and_free_node.str1.4
                0x100086f8       0x1e CMakeFiles/telemetria_v1.dir/C_/Program_Files/Raspberry_Pi/Pico_SDK_v1.5.0/pico-sdk/src/common/pico_util/pheap.c.obj
                                 0x26 (size before relaxing)
 *fill*         0x10008716        0x2 
 .rodata.__func__.0
                0x10008718       0x18 CMakeFiles/telemetria_v1.dir/C_/Program_Files/Raspberry_Pi/Pico_SDK_v1.5.0/pico-sdk/src/common/pico_util/pheap.c.obj
 .rodata.__func__.1
                0x10008730       0x13 CMakeFiles/telemetria_v1.dir/C_/Program_Files/Raspberry_Pi/Pico_SDK_v1.5.0/pico-sdk/src/common/pico_util/pheap.c.obj
 *fill*         0x10008743        0x1 
 .rodata.__func__.2
                0x10008744       0x12 CMakeFiles/telemetria_v1.dir/C_/Program_Files/Raspberry_Pi/Pico_SDK_v1.5.0/pico-sdk/src/common/pico_util/pheap.c.obj
 *fill*         0x10008756        0x2 
 .rodata.__func__.3
                0x10008758        0xc CMakeFiles/telemetria_v1.dir/C_/Program_Files/Raspberry_Pi/Pico_SDK_v1.5.0/pico-sdk/src/common/pico_util/pheap.c.obj
 .rodata.clock_configure.str1.4
                0x10008764       0x73 CMakeFiles/telemetria_v1.dir/C_/Program_Files/Raspberry_Pi/Pico_SDK_v1.5.0/pico-sdk/src/rp2_common/hardware_clocks/clocks.c.obj
 *fill*         0x100087d7        0x1 
 .rodata.__func__.1
                0x100087d8       0x10 CMakeFiles/telemetria_v1.dir/C_/Program_Files/Raspberry_Pi/Pico_SDK_v1.5.0/pico-sdk/src/rp2_common/hardware_clocks/clocks.c.obj
 .rodata.pll_init.str1.4
                0x100087e8      0x13f CMakeFiles/telemetria_v1.dir/C_/Program_Files/Raspberry_Pi/Pico_SDK_v1.5.0/pico-sdk/src/rp2_common/hardware_pll/pll.c.obj
 *fill*         0x10008927        0x1 
 .rodata.__func__.0
                0x10008928        0x9 CMakeFiles/telemetria_v1.dir/C_/Program_Files/Raspberry_Pi/Pico_SDK_v1.5.0/pico-sdk/src/rp2_common/hardware_pll/pll.c.obj
 *fill*         0x10008931        0x3 
 .rodata.__assert_func.str1.4
                0x10008934       0x3f CMakeFiles/telemetria_v1.dir/C_/Program_Files/Raspberry_Pi/Pico_SDK_v1.5.0/pico-sdk/src/rp2_common/pico_runtime/runtime.c.obj
                                 0x43 (size before relaxing)
 *fill*         0x10008973        0x1 
 .rodata.runtime_init.str1.4
                0x10008974       0x7d CMakeFiles/telemetria_v1.dir/C_/Program_Files/Raspberry_Pi/Pico_SDK_v1.5.0/pico-sdk/src/rp2_common/pico_runtime/runtime.c.obj
 *fill*         0x100089f1        0x3 
 .rodata.panic.str1.4
                0x100089f4       0x12 CMakeFiles/telemetria_v1.dir/C_/Program_Files/Raspberry_Pi/Pico_SDK_v1.5.0/pico-sdk/src/rp2_common/pico_runtime/runtime.c.obj
 *fill*         0x10008a06        0x2 
 .rodata.__func__.2
                0x10008a08        0xd CMakeFiles/telemetria_v1.dir/C_/Program_Files/Raspberry_Pi/Pico_SDK_v1.5.0/pico-sdk/src/rp2_common/pico_runtime/runtime.c.obj
 *fill*         0x10008a15        0x3 
 .rodata._ftoa.str1.4
                0x10008a18       0x15 CMakeFiles/telemetria_v1.dir/C_/Program_Files/Raspberry_Pi/Pico_SDK_v1.5.0/pico-sdk/src/rp2_common/pico_printf/printf.c.obj
 *fill*         0x10008a2d        0x3 
 .rodata._vsnprintf
                0x10008a30      0x1e0 CMakeFiles/telemetria_v1.dir/C_/Program_Files/Raspberry_Pi/Pico_SDK_v1.5.0/pico-sdk/src/rp2_common/pico_printf/printf.c.obj
 .rodata.pow10.0
                0x10008c10       0x50 CMakeFiles/telemetria_v1.dir/C_/Program_Files/Raspberry_Pi/Pico_SDK_v1.5.0/pico-sdk/src/rp2_common/pico_printf/printf.c.obj
 .rodata.__aeabi_double_init.str1.4
                0x10008c60       0xc4 CMakeFiles/telemetria_v1.dir/C_/Program_Files/Raspberry_Pi/Pico_SDK_v1.5.0/pico-sdk/src/rp2_common/pico_double/double_init_rom.c.obj
 .rodata.__func__.0
                0x10008d24       0x14 CMakeFiles/telemetria_v1.dir/C_/Program_Files/Raspberry_Pi/Pico_SDK_v1.5.0/pico-sdk/src/rp2_common/pico_double/double_init_rom.c.obj
 .rodata.__aeabi_float_init.str1.4
                0x10008d38       0x96 CMakeFiles/telemetria_v1.dir/C_/Program_Files/Raspberry_Pi/Pico_SDK_v1.5.0/pico-sdk/src/rp2_common/pico_float/float_init_rom.c.obj
                                 0x9a (size before relaxing)
 *fill*         0x10008dce        0x2 
 .rodata.__func__.0
                0x10008dd0       0x13 CMakeFiles/telemetria_v1.dir/C_/Program_Files/Raspberry_Pi/Pico_SDK_v1.5.0/pico-sdk/src/rp2_common/pico_float/float_init_rom.c.obj
 *fill*         0x10008de3        0x1 
 .rodata.str1.4
                0x10008de4       0x48 CMakeFiles/telemetria_v1.dir/C_/Program_Files/Raspberry_Pi/Pico_SDK_v1.5.0/pico-sdk/src/rp2_common/pico_standard_link/binary_info.c.obj
 .rodata.__bi_44
                0x10008e2c        0xc CMakeFiles/telemetria_v1.dir/C_/Program_Files/Raspberry_Pi/Pico_SDK_v1.5.0/pico-sdk/src/rp2_common/pico_standard_link/binary_info.c.obj
 .rodata.__bi_56
                0x10008e38        0xc CMakeFiles/telemetria_v1.dir/C_/Program_Files/Raspberry_Pi/Pico_SDK_v1.5.0/pico-sdk/src/rp2_common/pico_standard_link/binary_info.c.obj
 .rodata.__bi_75
                0x10008e44        0xc CMakeFiles/telemetria_v1.dir/C_/Program_Files/Raspberry_Pi/Pico_SDK_v1.5.0/pico-sdk/src/rp2_common/pico_standard_link/binary_info.c.obj
 .rodata.__bi_81
                0x10008e50        0xc CMakeFiles/telemetria_v1.dir/C_/Program_Files/Raspberry_Pi/Pico_SDK_v1.5.0/pico-sdk/src/rp2_common/pico_standard_link/binary_info.c.obj
 .rodata.stdout_serialize_begin.str1.4
                0x10008e5c       0x7d CMakeFiles/telemetria_v1.dir/C_/Program_Files/Raspberry_Pi/Pico_SDK_v1.5.0/pico-sdk/src/rp2_common/pico_stdio/stdio.c.obj
 .rodata.__func__.3
                0x10008e5c       0x15 CMakeFiles/telemetria_v1.dir/C_/Program_Files/Raspberry_Pi/Pico_SDK_v1.5.0/pico-sdk/src/rp2_common/pico_stdio/stdio.c.obj
 *fill*         0x10008e71        0x3 
 .rodata.crlf_str.2
                0x10008e74        0x2 CMakeFiles/telemetria_v1.dir/C_/Program_Files/Raspberry_Pi/Pico_SDK_v1.5.0/pico-sdk/src/rp2_common/pico_stdio/stdio.c.obj
 *fill*         0x10008e76        0x2 
 .rodata._resetd_driver
                0x10008e78       0x18 CMakeFiles/telemetria_v1.dir/C_/Program_Files/Raspberry_Pi/Pico_SDK_v1.5.0/pico-sdk/src/rp2_common/pico_stdio_usb/reset_interface.c.obj
 .rodata.low_priority_worker_irq.str1.4
                0x10008e90       0x7d CMakeFiles/telemetria_v1.dir/C_/Program_Files/Raspberry_Pi/Pico_SDK_v1.5.0/pico-sdk/src/rp2_common/pico_stdio_usb/stdio_usb.c.obj
 .rodata.stdio_usb_init.str1.4
                0x10008e90       0x61 CMakeFiles/telemetria_v1.dir/C_/Program_Files/Raspberry_Pi/Pico_SDK_v1.5.0/pico-sdk/src/rp2_common/pico_stdio_usb/stdio_usb.c.obj
                                 0x69 (size before relaxing)
 *fill*         0x10008ef1        0x3 
 .rodata.str1.4
                0x10008ef4       0x13 CMakeFiles/telemetria_v1.dir/C_/Program_Files/Raspberry_Pi/Pico_SDK_v1.5.0/pico-sdk/src/rp2_common/pico_stdio_usb/stdio_usb.c.obj
 *fill*         0x10008f07        0x1 
 .rodata.__bi_188.0
                0x10008f08        0xc CMakeFiles/telemetria_v1.dir/C_/Program_Files/Raspberry_Pi/Pico_SDK_v1.5.0/pico-sdk/src/rp2_common/pico_stdio_usb/stdio_usb.c.obj
 .rodata.__func__.1
                0x10008f14        0xf CMakeFiles/telemetria_v1.dir/C_/Program_Files/Raspberry_Pi/Pico_SDK_v1.5.0/pico-sdk/src/rp2_common/pico_stdio_usb/stdio_usb.c.obj
 *fill*         0x10008f23        0x1 
 .rodata.__func__.3
                0x10008f24       0x15 CMakeFiles/telemetria_v1.dir/C_/Program_Files/Raspberry_Pi/Pico_SDK_v1.5.0/pico-sdk/src/rp2_common/pico_stdio_usb/stdio_usb.c.obj
 *fill*         0x10008f39        0x3 
 .rodata.str1.4
                0x10008f3c       0x2a CMakeFiles/telemetria_v1.dir/C_/Program_Files/Raspberry_Pi/Pico_SDK_v1.5.0/pico-sdk/src/rp2_common/pico_stdio_usb/stdio_usb_descriptors.c.obj
 *fill*         0x10008f66        0x2 
 .rodata.usbd_desc_cfg
                0x10008f68       0x54 CMakeFiles/telemetria_v1.dir/C_/Program_Files/Raspberry_Pi/Pico_SDK_v1.5.0/pico-sdk/src/rp2_common/pico_stdio_usb/stdio_usb_descriptors.c.obj
 .rodata.usbd_desc_device
                0x10008fbc       0x12 CMakeFiles/telemetria_v1.dir/C_/Program_Files/Raspberry_Pi/Pico_SDK_v1.5.0/pico-sdk/src/rp2_common/pico_stdio_usb/stdio_usb_descriptors.c.obj
 *fill*         0x10008fce        0x2 
 .rodata.usbd_desc_str
                0x10008fd0       0x18 CMakeFiles/telemetria_v1.dir/C_/Program_Files/Raspberry_Pi/Pico_SDK_v1.5.0/pico-sdk/src/rp2_common/pico_stdio_usb/stdio_usb_descriptors.c.obj
 .rodata.pico_get_unique_board_id_string.str1.4
                0x10008fe8       0x69 CMakeFiles/telemetria_v1.dir/C_/Program_Files/Raspberry_Pi/Pico_SDK_v1.5.0/pico-sdk/src/rp2_common/pico_unique_id/unique_id.c.obj
 *fill*         0x10009051        0x3 
 .rodata.__func__.0
                0x10009054       0x20 CMakeFiles/telemetria_v1.dir/C_/Program_Files/Raspberry_Pi/Pico_SDK_v1.5.0/pico-sdk/src/rp2_common/pico_unique_id/unique_id.c.obj
 .rodata.str1.4
                0x10009074      0x176 CMakeFiles/telemetria_v1.dir/C_/Program_Files/Raspberry_Pi/Pico_SDK_v1.5.0/pico-sdk/src/rp2_common/hardware_flash/flash.c.obj
 *fill*         0x100091ea        0x2 
 .rodata.__func__.0
                0x100091ec        0xd CMakeFiles/telemetria_v1.dir/C_/Program_Files/Raspberry_Pi/Pico_SDK_v1.5.0/pico-sdk/src/rp2_common/hardware_flash/flash.c.obj
 *fill*         0x100091f9        0x3 
 .rodata._hw_endpoint_alloc.str1.4
                0x100091fc       0xd1 CMakeFiles/telemetria_v1.dir/C_/Program_Files/Raspberry_Pi/Pico_SDK_v1.5.0/pico-sdk/lib/tinyusb/src/portable/raspberrypi/rp2040/dcd_rp2040.c.obj
 *fill*         0x100092cd        0x3 
 .rodata.str1.4
                0x100092d0       0x14 CMakeFiles/telemetria_v1.dir/C_/Program_Files/Raspberry_Pi/Pico_SDK_v1.5.0/pico-sdk/lib/tinyusb/src/portable/raspberrypi/rp2040/dcd_rp2040.c.obj
 .rodata.dcd_int_enable.str1.4
                0x100092e4        0xc CMakeFiles/telemetria_v1.dir/C_/Program_Files/Raspberry_Pi/Pico_SDK_v1.5.0/pico-sdk/lib/tinyusb/src/portable/raspberrypi/rp2040/dcd_rp2040.c.obj
 .rodata.__func__.0
                0x100092f0        0xe CMakeFiles/telemetria_v1.dir/C_/Program_Files/Raspberry_Pi/Pico_SDK_v1.5.0/pico-sdk/lib/tinyusb/src/portable/raspberrypi/rp2040/dcd_rp2040.c.obj
 *fill*         0x100092fe        0x2 
 .rodata.__func__.1
                0x10009300        0xe CMakeFiles/telemetria_v1.dir/C_/Program_Files/Raspberry_Pi/Pico_SDK_v1.5.0/pico-sdk/lib/tinyusb/src/portable/raspberrypi/rp2040/dcd_rp2040.c.obj
 *fill*         0x1000930e        0x2 
 .rodata.__func__.3
                0x10009310       0x10 CMakeFiles/telemetria_v1.dir/C_/Program_Files/Raspberry_Pi/Pico_SDK_v1.5.0/pico-sdk/lib/tinyusb/src/portable/raspberrypi/rp2040/dcd_rp2040.c.obj
 .rodata.__func__.5
                0x10009320        0xf CMakeFiles/telemetria_v1.dir/C_/Program_Files/Raspberry_Pi/Pico_SDK_v1.5.0/pico-sdk/lib/tinyusb/src/portable/raspberrypi/rp2040/dcd_rp2040.c.obj
 *fill*         0x1000932f        0x1 
 .rodata.__func__.6
                0x10009330       0x13 CMakeFiles/telemetria_v1.dir/C_/Program_Files/Raspberry_Pi/Pico_SDK_v1.5.0/pico-sdk/lib/tinyusb/src/portable/raspberrypi/rp2040/dcd_rp2040.c.obj
 *fill*         0x10009343        0x1 
 .rodata.__func__.7
                0x10009344        0x9 CMakeFiles/telemetria_v1.dir/C_/Program_Files/Raspberry_Pi/Pico_SDK_v1.5.0/pico-sdk/lib/tinyusb/src/portable/raspberrypi/rp2040/dcd_rp2040.c.obj
 *fill*         0x1000934d        0x3 
 .rodata.str1.4
                0x10009350      0x103 CMakeFiles/telemetria_v1.dir/C_/Program_Files/Raspberry_Pi/Pico_SDK_v1.5.0/pico-sdk/lib/tinyusb/src/portable/raspberrypi/rp2040/rp2040_usb.c.obj
 *fill*         0x10009453        0x1 
 .rodata.__func__.0
                0x10009454        0xf CMakeFiles/telemetria_v1.dir/C_/Program_Files/Raspberry_Pi/Pico_SDK_v1.5.0/pico-sdk/lib/tinyusb/src/portable/raspberrypi/rp2040/rp2040_usb.c.obj
 *fill*         0x10009463        0x1 
 .rodata.process_get_descriptor
                0x10009464       0x40 CMakeFiles/telemetria_v1.dir/C_/Program_Files/Raspberry_Pi/Pico_SDK_v1.5.0/pico-sdk/lib/tinyusb/src/device/usbd.c.obj
 .rodata.process_control_request
                0x100094a4       0x28 CMakeFiles/telemetria_v1.dir/C_/Program_Files/Raspberry_Pi/Pico_SDK_v1.5.0/pico-sdk/lib/tinyusb/src/device/usbd.c.obj
 .rodata.tud_task_ext
                0x100094cc       0x24 CMakeFiles/telemetria_v1.dir/C_/Program_Files/Raspberry_Pi/Pico_SDK_v1.5.0/pico-sdk/lib/tinyusb/src/device/usbd.c.obj
 .rodata._usbd_driver
                0x100094f0       0x18 CMakeFiles/telemetria_v1.dir/C_/Program_Files/Raspberry_Pi/Pico_SDK_v1.5.0/pico-sdk/lib/tinyusb/src/device/usbd.c.obj
 .rodata.nrf_driver_rx_destination.str1.4
                0x10009508        0x7 CMakeFiles/telemetria_v1.dir/pico-nrf24/lib/nrf24l01/nrf24_driver.c.obj
 *fill*         0x1000950f        0x1 
 .rodata        0x10009510       0x12 CMakeFiles/telemetria_v1.dir/pico-nrf24/lib/nrf24l01/nrf24_driver.c.obj
                0x10009524                . = ALIGN (0x4)
 *fill*         0x10009522        0x2 
 *(SORT_BY_ALIGNMENT(SORT_BY_NAME(.flashdata*)))
                0x10009524                . = ALIGN (0x4)

.rel.dyn        0x10009524        0x0
 .rel.iplt      0x10009524        0x0 c:/progra~1/raspbe~1/picosd~1.0/gcc-ar~1/bin/../lib/gcc/arm-none-eabi/10.3.1/thumb/v6-m/nofp/crtbegin.o

.ARM.extab
 *(.ARM.extab* .gnu.linkonce.armextab.*)
                0x10009524                __exidx_start = .

.ARM.exidx
 *(.ARM.exidx* .gnu.linkonce.armexidx.*)
                0x10009524                __exidx_end = .
                0x10009524                . = ALIGN (0x4)
                0x10009524                __binary_info_start = .

.binary_info    0x10009524       0x24
 *(.binary_info.keep.*)
 .binary_info.keep.__bi_ptr22
                0x10009524        0x4 CMakeFiles/telemetria_v1.dir/C_/Program_Files/Raspberry_Pi/Pico_SDK_v1.5.0/pico-sdk/src/rp2_common/pico_standard_link/binary_info.c.obj
 .binary_info.keep.__bi_ptr30